{"name":"turtle-worker","hostname":"turtle-worker-0ca81dac2e","pid":931,"service":"worker","phase":"INSTALL_DEPENDENCIES","buildId":"0ca81dac-2e0a-44ea-b528-f620d13d076e","source":"stderr","level":30,"msg":"npm warn deprecated domexception@4.0.0: Use your platform's native DOMException instead","time":"2025-12-23T07:44:51.805Z","v":0}
{"name":"turtle-worker","hostname":"turtle-worker-0ca81dac2e","pid":931,"service":"worker","phase":"RUN_EXPO_DOCTOR","buildId":"0ca81dac-2e0a-44ea-b528-f620d13d076e","source":"stderr","level":30,"msg":"5 checks failed, indicating possible issues with the project.","time":"2025-12-23T07:45:04.738Z","v":0}
{"name":"turtle-worker","hostname":"turtle-worker-0ca81dac2e","pid":931,"service":"worker","phase":"RUN_GRADLEW","buildId":"0ca81dac-2e0a-44ea-b528-f620d13d076e","source":"stderr","level":30,"msg":"...).then(callback).catch(error => setTimeout(() => {","time":"2025-12-23T07:47:33.108Z","v":0}
{"name":"turtle-worker","hostname":"turtle-worker-0ca81dac2e","pid":931,"service":"worker","phase":"RUN_GRADLEW","buildId":"0ca81dac-2e0a-44ea-b528-f620d13d076e","source":"stderr","level":30,"msg":"/home/expo/workingdir/build/android/app/build/generated/assets/createBundleReleaseJsAndAssets/index.android.bundle:27691:25: warning: the variable \"ErrorUtils\" was not declared in anonymous function \" 703#\"","time":"2025-12-23T07:47:33.110Z","v":0}
{"name":"turtle-worker","hostname":"turtle-worker-0ca81dac2e","pid":931,"service":"worker","phase":"RUN_GRADLEW","buildId":"0ca81dac-2e0a-44ea-b528-f620d13d076e","source":"stderr","level":30,"msg":"    var globalHandler = ErrorUtils.getGlobalHandler();","time":"2025-12-23T07:47:33.110Z","v":0}
{"name":"turtle-worker","hostname":"turtle-worker-0ca81dac2e","pid":931,"service":"worker","phase":"RUN_GRADLEW","buildId":"0ca81dac-2e0a-44ea-b528-f620d13d076e","source":"stderr","level":30,"msg":"/home/expo/workingdir/build/android/app/build/generated/assets/createBundleReleaseJsAndAssets/index.android.bundle:53614:26: warning: the variable \"SuppressedError\" was not declared in anonymous function \" 1589#\"","time":"2025-12-23T07:47:33.110Z","v":0}
{"name":"turtle-worker","hostname":"turtle-worker-0ca81dac2e","pid":931,"service":"worker","phase":"RUN_GRADLEW","buildId":"0ca81dac-2e0a-44ea-b528-f620d13d076e","source":"stderr","level":30,"msg":"    \"function\" == typeof SuppressedError && SuppressedError;","time":"2025-12-23T07:47:33.110Z","v":0}
{"name":"turtle-worker","hostname":"turtle-worker-0ca81dac2e","pid":931,"service":"worker","phase":"RUN_GRADLEW","buildId":"0ca81dac-2e0a-44ea-b528-f620d13d076e","source":"stderr","level":30,"msg":"FAILURE: Build failed with an exception.","time":"2025-12-23T07:47:37.007Z","v":0}
{"name":"turtle-worker","hostname":"turtle-worker-0ca81dac2e","pid":931,"service":"worker","phase":"RUN_GRADLEW","buildId":"0ca81dac-2e0a-44ea-b528-f620d13d076e","source":"stderr","level":30,"msg":"Execution failed for task ':expo-modules-core:compileReleaseKotlin'.","time":"2025-12-23T07:47:37.007Z","v":0}
{"name":"turtle-worker","hostname":"turtle-worker-0ca81dac2e","pid":931,"service":"worker","phase":"RUN_GRADLEW","buildId":"0ca81dac-2e0a-44ea-b528-f620d13d076e","source":"stderr","level":30,"msg":"> A failure occurred while executing org.jetbrains.kotlin.compilerRunner.GradleCompilerRunnerWithWorkers$GradleKotlinCompilerWorkAction","time":"2025-12-23T07:47:37.007Z","v":0}
{"name":"turtle-worker","hostname":"turtle-worker-0ca81dac2e","pid":931,"service":"worker","phase":"RUN_GRADLEW","buildId":"0ca81dac-2e0a-44ea-b528-f620d13d076e","source":"stderr","level":30,"msg":"   > Compilation error. See log for more details","time":"2025-12-23T07:47:37.007Z","v":0}
{"name":"turtle-worker","hostname":"turtle-worker-0ca81dac2e","pid":931,"service":"worker","phase":"RUN_GRADLEW","buildId":"0ca81dac-2e0a-44ea-b528-f620d13d076e","source":"stderr","level":30,"msg":"BUILD FAILED in 2m 15s","time":"2025-12-23T07:47:37.007Z","v":0}
