2026-01-02 12:35:09.452 E  Pinr[96326:150b40] [com.apple.network:connection] nw_endpoint_flow_failed_with_error [C32.1.1 IPv6#fd6075e5.8081 in_progress socket-flow (satisfied (Path is satisfied), interface: lo0)] already failing, returning
2026-01-02 12:35:09.452 Df Pinr[96326:150b40] [com.apple.network:connection] [C32.1.1 IPv6#fd6075e5.8081 failed socket-flow (satisfied (Path is satisfied), interface: lo0)] event: flow:failed_connect @0.005s, error Connection refused
2026-01-02 12:35:09.453 Df Pinr[96326:150b40] [com.apple.network:connection] [C32.1.2 IPv4#922f71f9:8081 initial path ((null))] event: path:start @0.005s
2026-01-02 12:35:09.453 Df Pinr[96326:150b40] [com.apple.network:connection] [C32.1.2 IPv4#922f71f9:8081 waiting path (satisfied (Path is satisfied), interface: lo0)] event: path:satisfied @0.005s, uuid: BB6CD1FC-C1FD-4166-B7E2-34EDF7D43B72
2026-01-02 12:35:09.453 Df Pinr[96326:150b40] [com.apple.network:connection] nw_socket_initialize_socket [C32.1.2:1] Not guarding fd 5
2026-01-02 12:35:09.453 Df Pinr[96326:150b40] [com.apple.network:connection] [C32.1.2 IPv4#922f71f9:8081 in_progress socket-flow (satisfied (Path is satisfied), interface: lo0)] event: flow:start_connect @0.006s
2026-01-02 12:35:09.453 Df Pinr[96326:150b40] [com.apple.network:connection] nw_socket_handle_socket_event [C32.1.2:1] Socket received CONNRESET event
2026-01-02 12:35:09.453 Df Pinr[96326:150b40] [com.apple.network:connection] nw_socket_handle_socket_event [C32.1.2:1] Socket received DISCONNECTED event
2026-01-02 12:35:09.453 E  Pinr[96326:150b40] [com.apple.network:connection] nw_socket_handle_socket_event [C32.1.2:1] Socket SO_ERROR [61: Connection refused]
2026-01-02 12:35:09.453 E  Pinr[96326:150b40] [com.apple.network:connection] nw_endpoint_flow_failed_with_error [C32.1.2 IPv4#922f71f9:8081 in_progress socket-flow (satisfied (Path is satisfied), interface: lo0)] already failing, returning
2026-01-02 12:35:09.453 Df Pinr[96326:150b40] [com.apple.network:connection] [C32.1.2 IPv4#922f71f9:8081 failed socket-flow (satisfied (Path is satisfied), interface: lo0)] event: flow:failed_connect @0.006s, error Connection refused
2026-01-02 12:35:09.453 Df Pinr[96326:150b40] [com.apple.network:connection] [C32.1 Hostname#e98add38:8081 failed resolver (satisfied (Path is satisfied), interface: en0[802.11], uses wifi, LQM: unknown)] event: resolver:children_failed @0.006s
2026-01-02 12:35:09.454 E  Pinr[96326:150b40] [com.apple.network:connection] nw_endpoint_flow_failed_with_error [C32.1.2 IPv4#922f71f9:8081 cancelled socket-flow ((null))] already failing, returning
2026-01-02 12:35:09.454 Df Pinr[96326:150b40] [com.apple.network:connection] [C32 Hostname#e98add38:8081 failed parent-flow (satisfied (Path is satisfied), interface: en0[802.11], uses wifi, LQM: unknown)] event: flow:child_failed @0.007s
2026-01-02 12:35:09.454 Df Pinr[96326:150b40] [com.apple.network:connection] nw_connection_report_state_with_handler_on_nw_queue [C32] reporting state failed error Connection refused
2026-01-02 12:35:09.454 Df Pinr[96326:150a55] [com.apple.CFNetwork:Default] TCP Conn 0x600003320d20 event 3. err: 61
2026-01-02 12:35:09.454 E  Pinr[96326:150a55] [com.apple.network:connection] nw_connection_get_connected_socket_block_invoke [C32] Client called nw_connection_get_connected_socket on unconnected nw_connection
2026-01-02 12:35:09.454 Df Pinr[96326:150a55] [com.apple.CFNetwork:Default] TCP Conn 0x600003320d20 complete. fd: -1, err: 61
2026-01-02 12:35:09.454 E  Pinr[96326:150a55] [com.apple.CFNetwork:Default] TCP Conn 0x600003320d20 Failed : error 0:61 [61]
2026-01-02 12:35:09.454 Df Pinr[96326:14fe5e] [com.apple.CFNetwork:Default] TCP Conn 0x600003320d20 canceled
2026-01-02 12:35:09.454 Df Pinr[96326:150a55] [com.apple.network:connection] [C32 D367EE6E-441D-43EB-89AB-58A9669CD7B8 Hostname#e98add38:8081 tcp, legacy-socket, definite, attribution: developer] cancel
2026-01-02 12:35:09.454 Df Pinr[96326:150a55] [com.apple.network:connection] [C32 Hostname#e98add38:8081 tcp, legacy-socket, definite, attribution: developer] cancelled
2026-01-02 12:35:09.454 Df Pinr[96326:150a55] [com.apple.network:connection] nw_connection_report_state_with_handler_on_nw_queue [C32] reporting state cancelled error Connection refused
2026-01-02 12:35:11.543 Df Pinr[96326:14fe36] [com.apple.CFNetwork:Default] TCP Conn [33:0x60000331c140] using empty proxy configuration
2026-01-02 12:35:11.544 Df Pinr[96326:14fe36] [com.apple.CFNetwork:Default] Stream client bypassing proxies on TCP Conn [33:0x60000331c140]
2026-01-02 12:35:11.544 Df Pinr[96326:14fe36] [com.apple.CFNetwork:Default] TCP Conn 0x60000331c140 started
2026-01-02 12:35:11.544 Df Pinr[96326:1506d9] [com.apple.network:connection] [C33 71841F15-32A5-4ED6-89B4-C9363CCF07F3 IPv4#94c3d87e:8081 tcp, definite, attribution: developer, context: Default Network Context (private), proc: 4483FB6A-19BA-3153-8945-882B738685CB, delegated upid: 0, no proxy, prohibit fallback, allow socket access] start
2026-01-02 12:35:11.544 Df Pinr[96326:1506d9] [com.apple.network:connection] [C33 IPv4#94c3d87e:8081 initial parent-flow ((null))] event: path:start @0.000s
2026-01-02 12:35:11.544 Df Pinr[96326:1506d9] [com.apple.network:connection] [C33 IPv4#94c3d87e:8081 waiting parent-flow (satisfied (Path is satisfied), interface: lo0)] event: path:satisfied @0.000s, uuid: C75F3667-38B1-4337-ADDD-3A767E4B6212
2026-01-02 12:35:11.544 Df Pinr[96326:14fe36] [com.apple.CFNetwork:Default] TCP Conn [34:0x6000033055e0] using empty proxy configuration
2026-01-02 12:35:11.544 Df Pinr[96326:14fe36] [com.apple.CFNetwork:Default] Stream client bypassing proxies on TCP Conn [34:0x6000033055e0]
2026-01-02 12:35:11.544 Df Pinr[96326:14fe36] [com.apple.CFNetwork:Default] TCP Conn 0x6000033055e0 started
2026-01-02 12:35:11.545 Df Pinr[96326:1506d9] [com.apple.network:connection] nw_socket_initialize_socket [C33:1] Not guarding fd 5
2026-01-02 12:35:11.545 Df Pinr[96326:1506d9] [com.apple.network:connection] [C33 IPv4#94c3d87e:8081 in_progress socket-flow (satisfied (Path is satisfied), interface: lo0)] event: flow:start_connect @0.001s
2026-01-02 12:35:11.545 Df Pinr[96326:14fe36] [com.apple.CFNetwork:Default] TCP Conn [35:0x600003320d20] using empty proxy configuration
2026-01-02 12:35:11.545 Df Pinr[96326:1506d9] [com.apple.network:connection] nw_connection_report_state_with_handler_on_nw_queue [C33] reporting state preparing
2026-01-02 12:35:11.545 Df Pinr[96326:14fe36] [com.apple.CFNetwork:Default] Stream client bypassing proxies on TCP Conn [35:0x600003320d20]
2026-01-02 12:35:11.545 Df Pinr[96326:14fe36] [com.apple.CFNetwork:Default] TCP Conn 0x600003320d20 started
2026-01-02 12:35:11.546 Df Pinr[96326:14fe36] [com.apple.CFNetwork:Default] TCP Conn [36:0x60000331c1e0] using empty proxy configuration
2026-01-02 12:35:11.546 Df Pinr[96326:1506d9] [com.apple.network:connection] [C34 8F512EC9-C587-40A1-AA34-B1BCC1DA8051 IPv4#94c3d87e:8081 tcp, definite, attribution: developer, context: Default Network Context (private), proc: 4483FB6A-19BA-3153-8945-882B738685CB, delegated upid: 0, no proxy, prohibit fallback, allow socket access] start
2026-01-02 12:35:11.546 Df Pinr[96326:14fe36] [com.apple.CFNetwork:Default] Stream client bypassing proxies on TCP Conn [36:0x60000331c1e0]
2026-01-02 12:35:11.547 Df Pinr[96326:14fe36] [com.apple.CFNetwork:Default] TCP Conn 0x60000331c1e0 started
2026-01-02 12:35:11.547 Df Pinr[96326:1506d9] [com.apple.network:connection] [C34 IPv4#94c3d87e:8081 initial parent-flow ((null))] event: path:start @0.000s
2026-01-02 12:35:11.548 Df Pinr[96326:1506d9] [com.apple.network:connection] [C34 IPv4#94c3d87e:8081 waiting parent-flow (satisfied (Path is satisfied), interface: lo0)] event: path:satisfied @0.000s, uuid: C75F3667-38B1-4337-ADDD-3A767E4B6212
2026-01-02 12:35:11.549 Df Pinr[96326:1506d9] [com.apple.network:connection] nw_socket_initialize_socket [C34:1] Not guarding fd 8
2026-01-02 12:35:11.549 Df Pinr[96326:1506d9] [com.apple.network:connection] [C34 IPv4#94c3d87e:8081 in_progress socket-flow (satisfied (Path is satisfied), interface: lo0)] event: flow:start_connect @0.001s
2026-01-02 12:35:11.549 Df Pinr[96326:1506d9] [com.apple.network:connection] nw_connection_report_state_with_handler_on_nw_queue [C34] reporting state preparing
2026-01-02 12:35:11.549 Df Pinr[96326:1506d9] [com.apple.network:connection] [C35 9420EF3D-0911-45A4-99A6-DD6846A58269 IPv4#94c3d87e:8081 tcp, definite, attribution: developer, context: Default Network Context (private), proc: 4483FB6A-19BA-3153-8945-882B738685CB, delegated upid: 0, no proxy, prohibit fallback, allow socket access] start
2026-01-02 12:35:11.550 Df Pinr[96326:1506d9] [com.apple.network:connection] [C35 IPv4#94c3d87e:8081 initial parent-flow ((null))] event: path:start @0.000s
2026-01-02 12:35:11.550 Df Pinr[96326:1506d9] [com.apple.network:connection] [C35 IPv4#94c3d87e:8081 waiting parent-flow (satisfied (Path is satisfied), interface: lo0)] event: path:satisfied @0.000s, uuid: C75F3667-38B1-4337-ADDD-3A767E4B6212
2026-01-02 12:35:11.550 Df Pinr[96326:1506d9] [com.apple.network:connection] nw_socket_initialize_socket [C35:1] Not guarding fd 18
2026-01-02 12:35:11.551 Df Pinr[96326:1506d9] [com.apple.network:connection] [C35 IPv4#94c3d87e:8081 in_progress socket-flow (satisfied (Path is satisfied), interface: lo0)] event: flow:start_connect @0.001s
2026-01-02 12:35:11.551 Df Pinr[96326:1506d9] [com.apple.network:connection] nw_connection_report_state_with_handler_on_nw_queue [C35] reporting state preparing
2026-01-02 12:35:11.551 Df Pinr[96326:1506d9] [com.apple.network:connection] [C36 A503D0C1-9508-4233-9721-CC2D58FBE8C5 Hostname#e98add38:8081 tcp, definite, attribution: developer, context: Default Network Context (private), proc: 4483FB6A-19BA-3153-8945-882B738685CB, delegated upid: 0, no proxy, prohibit fallback, allow socket access] start
2026-01-02 12:35:11.551 Df Pinr[96326:1506d9] [com.apple.network:connection] [C36 Hostname#e98add38:8081 initial parent-flow ((null))] event: path:start @0.000s
2026-01-02 12:35:11.551 Df Pinr[96326:1506d9] [com.apple.network:connection] [C36 Hostname#e98add38:8081 waiting parent-flow (satisfied (Path is satisfied), interface: en0[802.11], uses wifi, LQM: unknown)] event: path:satisfied @0.000s, uuid: E3252CF6-2864-4510-85B3-B66007262AB5
2026-01-02 12:35:11.552 Df Pinr[96326:1506d9] [com.apple.network:connection] [C36 Hostname#e98add38:8081 in_progress parent-flow (satisfied (Path is satisfied), interface: en0[802.11], uses wifi, LQM: unknown)] event: flow:start_connect @0.000s
2026-01-02 12:35:11.552 Df Pinr[96326:1506d9] [com.apple.network:connection] nw_connection_report_state_with_handler_on_nw_queue [C36] reporting state preparing
2026-01-02 12:35:11.552 Df Pinr[96326:1506d9] [com.apple.network:connection] [C36 Hostname#e98add38:8081 in_progress parent-flow (satisfied (Path is satisfied), interface: en0[802.11], uses wifi, LQM: unknown)] event: flow:start_child @0.001s
2026-01-02 12:35:11.552 Df Pinr[96326:1506d9] [com.apple.network:connection] [C36.1 Hostname#e98add38:8081 initial path ((null))] event: path:start @0.001s
2026-01-02 12:35:11.553 Df Pinr[96326:1506d9] [com.apple.network:connection] [C36.1 Hostname#e98add38:8081 waiting path (satisfied (Path is satisfied), interface: en0[802.11], uses wifi, LQM: unknown)] event: path:satisfied @0.001s, uuid: E3252CF6-2864-4510-85B3-B66007262AB5
2026-01-02 12:35:11.553 Df Pinr[96326:1506d9] [com.apple.network:connection] [C36.1 Hostname#e98add38:8081 in_progress resolver (satisfied (Path is satisfied), interface: en0[802.11], uses wifi, LQM: unknown)] event: resolver:start_dns @0.001s
2026-01-02 12:35:11.554 Df Pinr[96326:1506d9] [com.apple.network:connection] nw_socket_handle_socket_event [C33:1] Socket received CONNRESET event
2026-01-02 12:35:11.556 Df Pinr[96326:1506d9] [com.apple.network:connection] nw_socket_handle_socket_event [C33:1] Socket received DISCONNECTED event
2026-01-02 12:35:11.556 E  Pinr[96326:1506d9] [com.apple.network:connection] nw_socket_handle_socket_event [C33:1] Socket SO_ERROR [61: Connection refused]
2026-01-02 12:35:11.556 Df Pinr[96326:1506d9] [com.apple.network:connection] nw_socket_handle_socket_event [C34:1] Socket received CONNRESET event
2026-01-02 12:35:11.556 Df Pinr[96326:1506d9] [com.apple.network:connection] nw_socket_handle_socket_event [C34:1] Socket received DISCONNECTED event
2026-01-02 12:35:11.556 E  Pinr[96326:1506d9] [com.apple.network:connection] nw_socket_handle_socket_event [C34:1] Socket SO_ERROR [61: Connection refused]
2026-01-02 12:35:11.556 Df Pinr[96326:1506d9] [com.apple.network:connection] nw_socket_handle_socket_event [C35:1] Socket received CONNRESET event
2026-01-02 12:35:11.556 Df Pinr[96326:1506d9] [com.apple.network:connection] nw_socket_handle_socket_event [C35:1] Socket received DISCONNECTED event
2026-01-02 12:35:11.557 E  Pinr[96326:1506d9] [com.apple.network:connection] nw_socket_handle_socket_event [C35:1] Socket SO_ERROR [61: Connection refused]
2026-01-02 12:35:11.557 E  Pinr[96326:1506d9] [com.apple.network:connection] nw_endpoint_flow_failed_with_error [C33 IPv4#94c3d87e:8081 in_progress socket-flow (satisfied (Path is satisfied), interface: lo0)] already failing, returning
2026-01-02 12:35:11.557 Df Pinr[96326:1506d9] [com.apple.network:connection] [C33 IPv4#94c3d87e:8081 failed socket-flow (satisfied (Path is satisfied), interface: lo0)] event: flow:failed_connect @0.012s, error Connection refused
2026-01-02 12:35:11.557 Df Pinr[96326:1506d9] [com.apple.network:connection] nw_connection_report_state_with_handler_on_nw_queue [C33] reporting state failed error Connection refused
2026-01-02 12:35:11.557 Df Pinr[96326:150a55] [com.apple.CFNetwork:Default] TCP Conn 0x60000331c140 event 3. err: 61
2026-01-02 12:35:11.557 E  Pinr[96326:150a55] [com.apple.network:connection] nw_connection_get_connected_socket_block_invoke [C33] Client called nw_connection_get_connected_socket on unconnected nw_connection
2026-01-02 12:35:11.557 Df Pinr[96326:150a55] [com.apple.CFNetwork:Default] TCP Conn 0x60000331c140 complete. fd: -1, err: 61
2026-01-02 12:35:11.557 E  Pinr[96326:150a55] [com.apple.CFNetwork:Default] TCP Conn 0x60000331c140 Failed : error 0:61 [61]
2026-01-02 12:35:11.557 Df Pinr[96326:14fe5e] [com.apple.CFNetwork:Default] TCP Conn 0x60000331c140 canceled
2026-01-02 12:35:11.558 Df Pinr[96326:1506d9] [com.apple.network:connection] [C33 71841F15-32A5-4ED6-89B4-C9363CCF07F3 IPv4#94c3d87e:8081 tcp, legacy-socket, definite, attribution: developer] cancel
2026-01-02 12:35:11.558 E  Pinr[96326:1506d9] [com.apple.network:connection] nw_connection_copy_protocol_metadata_internal_block_invoke [C33] Client called nw_connection_copy_protocol_metadata_internal on unconnected nw_connection
2026-01-02 12:35:11.558 E  Pinr[96326:1506d9] [com.apple.network:connection] nw_connection_copy_protocol_metadata_internal_block_invoke [C33] Client called nw_connection_copy_protocol_metadata_internal on unconnected nw_connection
2026-01-02 12:35:11.558 E  Pinr[96326:1506d9] [com.apple.network:connection] nw_connection_copy_connected_local_endpoint_block_invoke [C33] Client called nw_connection_copy_connected_local_endpoint on unconnected nw_connection
2026-01-02 12:35:11.558 E  Pinr[96326:1506d9] [com.apple.network:connection] nw_connection_copy_connected_remote_endpoint_block_invoke [C33] Client called nw_connection_copy_connected_remote_endpoint on unconnected nw_connection
2026-01-02 12:35:11.558 Df Pinr[96326:1506d9] [com.apple.network:connection] [C33 71841F15-32A5-4ED6-89B4-C9363CCF07F3 IPv4#94c3d87e:8081 tcp, legacy-socket, definite, attribution: developer] cancelled
	[C33 C75F3667-38B1-4337-ADDD-3A767E4B6212 <NULL><-><NULL>]
	Connected Path: (null)
	Privacy Stance: Not Eligible
	Duration: 0.013s, TCP @0.001s took 0.000s
2026-01-02 12:35:11.558 Df Pinr[96326:1506d9] [com.apple.network:connection] nw_connection_report_state_with_handler_on_nw_queue [C33] reporting state cancelled error Connection refused
2026-01-02 12:35:11.558 E  Pinr[96326:1506d9] [com.apple.network:connection] nw_endpoint_flow_failed_with_error [C34 IPv4#94c3d87e:8081 in_progress socket-flow (satisfied (Path is satisfied), interface: lo0)] already failing, returning
2026-01-02 12:35:11.558 Df Pinr[96326:1506d9] [com.apple.network:connection] [C34 IPv4#94c3d87e:8081 failed socket-flow (satisfied (Path is satisfied), interface: lo0)] event: flow:failed_connect @0.011s, error Connection refused
2026-01-02 12:35:11.558 Df Pinr[96326:1506d9] [com.apple.network:connection] nw_connection_report_state_with_handler_on_nw_queue [C34] reporting state failed error Connection refused
2026-01-02 12:35:11.558 Df Pinr[96326:150a55] [com.apple.CFNetwork:Default] TCP Conn 0x6000033055e0 event 3. err: 61
2026-01-02 12:35:11.558 E  Pinr[96326:1506d9] [com.apple.network:connection] nw_endpoint_flow_failed_with_error [C35 IPv4#94c3d87e:8081 in_progress socket-flow (satisfied (Path is satisfied), interface: lo0)] already failing, returning
2026-01-02 12:35:11.558 E  Pinr[96326:150a55] [com.apple.network:connection] nw_connection_get_connected_socket_block_invoke [C34] Client called nw_connection_get_connected_socket on unconnected nw_connection
2026-01-02 12:35:11.558 Df Pinr[96326:1506d9] [com.apple.network:connection] [C35 IPv4#94c3d87e:8081 failed socket-flow (satisfied (Path is satisfied), interface: lo0)] event: flow:failed_connect @0.008s, error Connection refused
2026-01-02 12:35:11.558 Df Pinr[96326:150a55] [com.apple.CFNetwork:Default] TCP Conn 0x6000033055e0 complete. fd: -1, err: 61
2026-01-02 12:35:11.558 Df Pinr[96326:1506d9] [com.apple.network:connection] nw_connection_report_state_with_handler_on_nw_queue [C35] reporting state failed error Connection refused
2026-01-02 12:35:11.558 E  Pinr[96326:150a55] [com.apple.CFNetwork:Default] TCP Conn 0x6000033055e0 Failed : error 0:61 [61]
2026-01-02 12:35:11.558 Df Pinr[96326:14fe5e] [com.apple.CFNetwork:Default] TCP Conn 0x6000033055e0 canceled
2026-01-02 12:35:11.558 Df Pinr[96326:150a55] [com.apple.CFNetwork:Default] TCP Conn 0x600003320d20 event 3. err: 61
2026-01-02 12:35:11.558 Df Pinr[96326:1506d9] [com.apple.network:connection] [C34 8F512EC9-C587-40A1-AA34-B1BCC1DA8051 IPv4#94c3d87e:8081 tcp, legacy-socket, definite, attribution: developer] cancel
2026-01-02 12:35:11.558 E  Pinr[96326:150a55] [com.apple.network:connection] nw_connection_get_connected_socket_block_invoke [C35] Client called nw_connection_get_connected_socket on unconnected nw_connection
2026-01-02 12:35:11.559 Df Pinr[96326:150a55] [com.apple.CFNetwork:Default] TCP Conn 0x600003320d20 complete. fd: -1, err: 61
2026-01-02 12:35:11.559 E  Pinr[96326:150a55] [com.apple.CFNetwork:Default] TCP Conn 0x600003320d20 Failed : error 0:61 [61]
2026-01-02 12:35:11.559 Df Pinr[96326:14fe5e] [com.apple.CFNetwork:Default] TCP Conn 0x600003320d20 canceled
2026-01-02 12:35:11.559 E  Pinr[96326:1506d9] [com.apple.network:connection] nw_connection_copy_protocol_metadata_internal_block_invoke [C34] Client called nw_connection_copy_protocol_metadata_internal on unconnected nw_connection
2026-01-02 12:35:11.559 E  Pinr[96326:1506d9] [com.apple.network:connection] nw_connection_copy_protocol_metadata_internal_block_invoke [C34] Client called nw_connection_copy_protocol_metadata_internal on unconnected nw_connection
2026-01-02 12:35:11.559 E  Pinr[96326:1506d9] [com.apple.network:connection] nw_connection_copy_connected_local_endpoint_block_invoke [C34] Client called nw_connection_copy_connected_local_endpoint on unconnected nw_connection
2026-01-02 12:35:11.559 E  Pinr[96326:1506d9] [com.apple.network:connection] nw_connection_copy_connected_remote_endpoint_block_invoke [C34] Client called nw_connection_copy_connected_remote_endpoint on unconnected nw_connection
2026-01-02 12:35:11.559 Df Pinr[96326:1506d9] [com.apple.network:connection] [C34 8F512EC9-C587-40A1-AA34-B1BCC1DA8051 IPv4#94c3d87e:8081 tcp, legacy-socket, definite, attribution: developer] cancelled
	[C34 C75F3667-38B1-4337-ADDD-3A767E4B6212 <NULL><-><NULL>]
	Connected Path: (null)
	Privacy Stance: Not Eligible
	Duration: 0.011s, TCP @0.001s took 0.000s
2026-01-02 12:35:11.559 Df Pinr[96326:1506d9] [com.apple.network:connection] nw_connection_report_state_with_handler_on_nw_queue [C34] reporting state cancelled error Connection refused
2026-01-02 12:35:11.559 Df Pinr[96326:1506d9] [com.apple.network:connection] [C35 9420EF3D-0911-45A4-99A6-DD6846A58269 IPv4#94c3d87e:8081 tcp, legacy-socket, definite, attribution: developer] cancel
2026-01-02 12:35:11.559 E  Pinr[96326:1506d9] [com.apple.network:connection] nw_connection_copy_protocol_metadata_internal_block_invoke [C35] Client called nw_connection_copy_protocol_metadata_internal on unconnected nw_connection
2026-01-02 12:35:11.559 E  Pinr[96326:1506d9] [com.apple.network:connection] nw_connection_copy_protocol_metadata_internal_block_invoke [C35] Client called nw_connection_copy_protocol_metadata_internal on unconnected nw_connection
2026-01-02 12:35:11.559 E  Pinr[96326:1506d9] [com.apple.network:connection] nw_connection_copy_connected_local_endpoint_block_invoke [C35] Client called nw_connection_copy_connected_local_endpoint on unconnected nw_connection
2026-01-02 12:35:11.559 E  Pinr[96326:1506d9] [com.apple.network:connection] nw_connection_copy_connected_remote_endpoint_block_invoke [C35] Client called nw_connection_copy_connected_remote_endpoint on unconnected nw_connection
2026-01-02 12:35:11.559 Df Pinr[96326:1506d9] [com.apple.network:connection] [C35 9420EF3D-0911-45A4-99A6-DD6846A58269 IPv4#94c3d87e:8081 tcp, legacy-socket, definite, attribution: developer] cancelled
	[C35 C75F3667-38B1-4337-ADDD-3A767E4B6212 <NULL><-><NULL>]
	Connected Path: (null)
	Privacy Stance: Not Eligible
	Duration: 0.009s, TCP @0.001s took 0.000s
2026-01-02 12:35:11.559 Df Pinr[96326:1506d9] [com.apple.network:connection] nw_connection_report_state_with_handler_on_nw_queue [C35] reporting state cancelled error Connection refused
2026-01-02 12:35:11.560 Df Pinr[96326:1506d9] [com.apple.network:connection] nw_endpoint_resolver_update [C36.1 Hostname#e98add38:8081 in_progress resolver (satisfied (Path is satisfied), interface: en0[802.11], uses wifi, LQM: unknown)] Adding endpoint handler for IPv6#fd6075e5.8081
2026-01-02 12:35:11.560 Df Pinr[96326:1506d9] [com.apple.network:connection] nw_endpoint_resolver_update [C36.1 Hostname#e98add38:8081 in_progress resolver (satisfied (Path is satisfied), interface: en0[802.11], uses wifi, LQM: unknown)] Adding endpoint handler for IPv4#922f71f9:8081
2026-01-02 12:35:11.560 Df Pinr[96326:1506d9] [com.apple.network:connection] [C36.1 Hostname#e98add38:8081 in_progress resolver (satisfied (Path is satisfied), interface: en0[802.11], uses wifi, LQM: unknown)] event: resolver:receive_dns @0.008s
2026-01-02 12:35:11.560 Df Pinr[96326:1506d9] [com.apple.network:connection] [C36.1.1 IPv6#fd6075e5.8081 initial path ((null))] event: path:start @0.008s
2026-01-02 12:35:11.560 Df Pinr[96326:1506d9] [com.apple.network:connection] [C36.1.1 IPv6#fd6075e5.8081 waiting path (satisfied (Path is satisfied), interface: lo0)] event: path:satisfied @0.008s, uuid: AC550AFA-5227-4E65-8F07-F9D6B6DDE966
2026-01-02 12:35:11.560 Df Pinr[96326:1506d9] [com.apple.network:connection] nw_socket_initialize_socket [C36.1.1:1] Not guarding fd 5
2026-01-02 12:35:11.560 Df Pinr[96326:1506d9] [com.apple.network:connection] [C36.1.1 IPv6#fd6075e5.8081 in_progress socket-flow (satisfied (Path is satisfied), interface: lo0)] event: flow:start_connect @0.008s
2026-01-02 12:35:11.560 Df Pinr[96326:1506d9] [com.apple.network:connection] nw_socket_handle_socket_event [C36.1.1:1] Socket received CONNRESET event
2026-01-02 12:35:11.560 Df Pinr[96326:1506d9] [com.apple.network:connection] nw_socket_handle_socket_event [C36.1.1:1] Socket received DISCONNECTED event
2026-01-02 12:35:11.560 E  Pinr[96326:1506d9] [com.apple.network:connection] nw_socket_handle_socket_event [C36.1.1:1] Socket SO_ERROR [61: Connection refused]
2026-01-02 12:35:11.560 E  Pinr[96326:1506d9] [com.apple.network:connection] nw_endpoint_flow_failed_with_error [C36.1.1 IPv6#fd6075e5.8081 in_progress socket-flow (satisfied (Path is satisfied), interface: lo0)] already failing, returning
2026-01-02 12:35:11.560 Df Pinr[96326:1506d9] [com.apple.network:connection] [C36.1.1 IPv6#fd6075e5.8081 failed socket-flow (satisfied (Path is satisfied), interface: lo0)] event: flow:failed_connect @0.009s, error Connection refused
2026-01-02 12:35:11.560 Df Pinr[96326:1506d9] [com.apple.network:connection] [C36.1.2 IPv4#922f71f9:8081 initial path ((null))] event: path:start @0.009s
2026-01-02 12:35:11.560 Df Pinr[96326:1506d9] [com.apple.network:connection] [C36.1.2 IPv4#922f71f9:8081 waiting path (satisfied (Path is satisfied), interface: lo0)] event: path:satisfied @0.009s, uuid: BB6CD1FC-C1FD-4166-B7E2-34EDF7D43B72
2026-01-02 12:35:11.561 Df Pinr[96326:1506d9] [com.apple.network:connection] nw_socket_initialize_socket [C36.1.2:1] Not guarding fd 5
2026-01-02 12:35:11.561 Df Pinr[96326:1506d9] [com.apple.network:connection] [C36.1.2 IPv4#922f71f9:8081 in_progress socket-flow (satisfied (Path is satisfied), interface: lo0)] event: flow:start_connect @0.009s
2026-01-02 12:35:11.561 Df Pinr[96326:1506d9] [com.apple.network:connection] nw_socket_handle_socket_event [C36.1.2:1] Socket received CONNRESET event
2026-01-02 12:35:11.561 Df Pinr[96326:1506d9] [com.apple.network:connection] nw_socket_handle_socket_event [C36.1.2:1] Socket received DISCONNECTED event
2026-01-02 12:35:11.561 E  Pinr[96326:1506d9] [com.apple.network:connection] nw_socket_handle_socket_event [C36.1.2:1] Socket SO_ERROR [61: Connection refused]
2026-01-02 12:35:11.561 E  Pinr[96326:1506d9] [com.apple.network:connection] nw_endpoint_flow_failed_with_error [C36.1.2 IPv4#922f71f9:8081 in_progress socket-flow (satisfied (Path is satisfied), interface: lo0)] already failing, returning
2026-01-02 12:35:11.561 Df Pinr[96326:1506d9] [com.apple.network:connection] [C36.1.2 IPv4#922f71f9:8081 failed socket-flow (satisfied (Path is satisfied), interface: lo0)] event: flow:failed_connect @0.009s, error Connection refused
2026-01-02 12:35:11.561 Df Pinr[96326:1506d9] [com.apple.network:connection] [C36.1 Hostname#e98add38:8081 failed resolver (satisfied (Path is satisfied), interface: en0[802.11], uses wifi, LQM: unknown)] event: resolver:children_failed @0.009s
2026-01-02 12:35:11.561 E  Pinr[96326:1506d9] [com.apple.network:connection] nw_endpoint_flow_failed_with_error [C36.1.2 IPv4#922f71f9:8081 cancelled socket-flow ((null))] already failing, returning
2026-01-02 12:35:11.561 Df Pinr[96326:1506d9] [com.apple.network:connection] [C36 Hostname#e98add38:8081 failed parent-flow (satisfied (Path is satisfied), interface: en0[802.11], uses wifi, LQM: unknown)] event: flow:child_failed @0.009s
2026-01-02 12:35:11.561 Df Pinr[96326:1506d9] [com.apple.network:connection] nw_connection_report_state_with_handler_on_nw_queue [C36] reporting state failed error Connection refused
2026-01-02 12:35:11.561 Df Pinr[96326:150a55] [com.apple.CFNetwork:Default] TCP Conn 0x60000331c1e0 event 3. err: 61
2026-01-02 12:35:11.561 E  Pinr[96326:150a55] [com.apple.network:connection] nw_connection_get_connected_socket_block_invoke [C36] Client called nw_connection_get_connected_socket on unconnected nw_connection
2026-01-02 12:35:11.561 Df Pinr[96326:150a55] [com.apple.CFNetwork:Default] TCP Conn 0x60000331c1e0 complete. fd: -1, err: 61
2026-01-02 12:35:11.561 E  Pinr[96326:150a55] [com.apple.CFNetwork:Default] TCP Conn 0x60000331c1e0 Failed : error 0:61 [61]
2026-01-02 12:35:11.561 Df Pinr[96326:14fe5e] [com.apple.CFNetwork:Default] TCP Conn 0x60000331c1e0 canceled
2026-01-02 12:35:11.561 Df Pinr[96326:150a55] [com.apple.network:connection] [C36 A503D0C1-9508-4233-9721-CC2D58FBE8C5 Hostname#e98add38:8081 tcp, legacy-socket, definite, attribution: developer] cancel
2026-01-02 12:35:11.561 Df Pinr[96326:150a55] [com.apple.network:connection] [C36 Hostname#e98add38:8081 tcp, legacy-socket, definite, attribution: developer] cancelled
2026-01-02 12:35:11.561 Df Pinr[96326:150a55] [com.apple.network:connection] nw_connection_report_state_with_handler_on_nw_queue [C36] reporting state cancelled error Connection refused
2026-01-02 12:35:13.642 Df Pinr[96326:14fe36] [com.apple.CFNetwork:Default] TCP Conn [37:0x60000331c1e0] using empty proxy configuration
2026-01-02 12:35:13.642 Df Pinr[96326:14fe36] [com.apple.CFNetwork:Default] Stream client bypassing proxies on TCP Conn [37:0x60000331c1e0]
2026-01-02 12:35:13.642 Df Pinr[96326:14fe36] [com.apple.CFNetwork:Default] TCP Conn 0x60000331c1e0 started
2026-01-02 12:35:13.642 Df Pinr[96326:1506d9] [com.apple.network:connection] [C37 05C3D610-DB22-41EA-A8ED-3B99549DCB80 IPv4#94c3d87e:8081 tcp, definite, attribution: developer, context: Default Network Context (private), proc: 4483FB6A-19BA-3153-8945-882B738685CB, delegated upid: 0, no proxy, prohibit fallback, allow socket access] start
2026-01-02 12:35:13.642 Df Pinr[96326:1506d9] [com.apple.network:connection] [C37 IPv4#94c3d87e:8081 initial parent-flow ((null))] event: path:start @0.000s
2026-01-02 12:35:13.642 Df Pinr[96326:1506d9] [com.apple.network:connection] [C37 IPv4#94c3d87e:8081 waiting parent-flow (satisfied (Path is satisfied), interface: lo0)] event: path:satisfied @0.000s, uuid: C75F3667-38B1-4337-ADDD-3A767E4B6212
2026-01-02 12:35:13.642 Df Pinr[96326:14fe36] [com.apple.CFNetwork:Default] TCP Conn [38:0x6000033055e0] using empty proxy configuration
2026-01-02 12:35:13.642 Df Pinr[96326:14fe36] [com.apple.CFNetwork:Default] Stream client bypassing proxies on TCP Conn [38:0x6000033055e0]
2026-01-02 12:35:13.642 Df Pinr[96326:14fe36] [com.apple.CFNetwork:Default] TCP Conn 0x6000033055e0 started
2026-01-02 12:35:13.642 Df Pinr[96326:1506d9] [com.apple.network:connection] nw_socket_initialize_socket [C37:1] Not guarding fd 5
2026-01-02 12:35:13.642 Df Pinr[96326:1506d9] [com.apple.network:connection] [C37 IPv4#94c3d87e:8081 in_progress socket-flow (satisfied (Path is satisfied), interface: lo0)] event: flow:start_connect @0.000s
2026-01-02 12:35:13.642 Df Pinr[96326:1506d9] [com.apple.network:connection] nw_connection_report_state_with_handler_on_nw_queue [C37] reporting state preparing
2026-01-02 12:35:13.642 Df Pinr[96326:14fe36] [com.apple.CFNetwork:Default] TCP Conn [39:0x600003320b40] using empty proxy configuration
2026-01-02 12:35:13.642 Df Pinr[96326:14fe36] [com.apple.CFNetwork:Default] Stream client bypassing proxies on TCP Conn [39:0x600003320b40]
2026-01-02 12:35:13.643 Df Pinr[96326:14fe36] [com.apple.CFNetwork:Default] TCP Conn 0x600003320b40 started
2026-01-02 12:35:13.643 Df Pinr[96326:1506d9] [com.apple.network:connection] [C38 592DF938-EB9F-4C15-A3E3-AB7B164285C0 IPv4#94c3d87e:8081 tcp, definite, attribution: developer, context: Default Network Context (private), proc: 4483FB6A-19BA-3153-8945-882B738685CB, delegated upid: 0, no proxy, prohibit fallback, allow socket access] start
2026-01-02 12:35:13.643 Df Pinr[96326:1506d9] [com.apple.network:connection] [C38 IPv4#94c3d87e:8081 initial parent-flow ((null))] event: path:start @0.000s
2026-01-02 12:35:13.643 Df Pinr[96326:1506d9] [com.apple.network:connection] [C38 IPv4#94c3d87e:8081 waiting parent-flow (satisfied (Path is satisfied), interface: lo0)] event: path:satisfied @0.000s, uuid: C75F3667-38B1-4337-ADDD-3A767E4B6212
2026-01-02 12:35:13.643 Df Pinr[96326:14fe36] [com.apple.CFNetwork:Default] TCP Conn [40:0x600003320be0] using empty proxy configuration
2026-01-02 12:35:13.643 Df Pinr[96326:14fe36] [com.apple.CFNetwork:Default] Stream client bypassing proxies on TCP Conn [40:0x600003320be0]
2026-01-02 12:35:13.643 Df Pinr[96326:14fe36] [com.apple.CFNetwork:Default] TCP Conn 0x600003320be0 started
2026-01-02 12:35:13.643 Df Pinr[96326:1506d9] [com.apple.network:connection] nw_socket_initialize_socket [C38:1] Not guarding fd 8
2026-01-02 12:35:13.643 Df Pinr[96326:1506d9] [com.apple.network:connection] [C38 IPv4#94c3d87e:8081 in_progress socket-flow (satisfied (Path is satisfied), interface: lo0)] event: flow:start_connect @0.000s
2026-01-02 12:35:13.643 Df Pinr[96326:1506d9] [com.apple.network:connection] nw_connection_report_state_with_handler_on_nw_queue [C38] reporting state preparing
2026-01-02 12:35:13.644 Df Pinr[96326:1506d9] [com.apple.network:connection] [C39 EF76D070-2AC9-4E07-A360-FE622902EFF5 IPv4#94c3d87e:8081 tcp, definite, attribution: developer, context: Default Network Context (private), proc: 4483FB6A-19BA-3153-8945-882B738685CB, delegated upid: 0, no proxy, prohibit fallback, allow socket access] start
2026-01-02 12:35:13.644 Df Pinr[96326:1506d9] [com.apple.network:connection] [C39 IPv4#94c3d87e:8081 initial parent-flow ((null))] event: path:start @0.000s
2026-01-02 12:35:13.644 Df Pinr[96326:1506d9] [com.apple.network:connection] [C39 IPv4#94c3d87e:8081 waiting parent-flow (satisfied (Path is satisfied), interface: lo0)] event: path:satisfied @0.000s, uuid: C75F3667-38B1-4337-ADDD-3A767E4B6212
2026-01-02 12:35:13.644 Df Pinr[96326:1506d9] [com.apple.network:connection] nw_socket_initialize_socket [C39:1] Not guarding fd 18
2026-01-02 12:35:13.644 Df Pinr[96326:1506d9] [com.apple.network:connection] [C39 IPv4#94c3d87e:8081 in_progress socket-flow (satisfied (Path is satisfied), interface: lo0)] event: flow:start_connect @0.000s
2026-01-02 12:35:13.644 Df Pinr[96326:1506d9] [com.apple.network:connection] nw_connection_report_state_with_handler_on_nw_queue [C39] reporting state preparing
2026-01-02 12:35:13.644 Df Pinr[96326:1506d9] [com.apple.network:connection] [C40 177DCC0B-5A7E-4979-B522-4A7C99063C1A Hostname#e98add38:8081 tcp, definite, attribution: developer, context: Default Network Context (private), proc: 4483FB6A-19BA-3153-8945-882B738685CB, delegated upid: 0, no proxy, prohibit fallback, allow socket access] start
2026-01-02 12:35:13.644 Df Pinr[96326:1506d9] [com.apple.network:connection] [C40 Hostname#e98add38:8081 initial parent-flow ((null))] event: path:start @0.000s
2026-01-02 12:35:13.645 Df Pinr[96326:1506d9] [com.apple.network:connection] [C40 Hostname#e98add38:8081 waiting parent-flow (satisfied (Path is satisfied), interface: en0[802.11], uses wifi, LQM: unknown)] event: path:satisfied @0.000s, uuid: E3252CF6-2864-4510-85B3-B66007262AB5
2026-01-02 12:35:13.645 Df Pinr[96326:1506d9] [com.apple.network:connection] [C40 Hostname#e98add38:8081 in_progress parent-flow (satisfied (Path is satisfied), interface: en0[802.11], uses wifi, LQM: unknown)] event: flow:start_connect @0.000s
2026-01-02 12:35:13.645 Df Pinr[96326:1506d9] [com.apple.network:connection] nw_connection_report_state_with_handler_on_nw_queue [C40] reporting state preparing
2026-01-02 12:35:13.645 Df Pinr[96326:1506d9] [com.apple.network:connection] [C40 Hostname#e98add38:8081 in_progress parent-flow (satisfied (Path is satisfied), interface: en0[802.11], uses wifi, LQM: unknown)] event: flow:start_child @0.000s
2026-01-02 12:35:13.645 Df Pinr[96326:1506d9] [com.apple.network:connection] [C40.1 Hostname#e98add38:8081 initial path ((null))] event: path:start @0.000s
2026-01-02 12:35:13.645 Df Pinr[96326:1506d9] [com.apple.network:connection] [C40.1 Hostname#e98add38:8081 waiting path (satisfied (Path is satisfied), interface: en0[802.11], uses wifi, LQM: unknown)] event: path:satisfied @0.000s, uuid: E3252CF6-2864-4510-85B3-B66007262AB5
2026-01-02 12:35:13.645 Df Pinr[96326:1506d9] [com.apple.network:connection] [C40.1 Hostname#e98add38:8081 in_progress resolver (satisfied (Path is satisfied), interface: en0[802.11], uses wifi, LQM: unknown)] event: resolver:start_dns @0.000s
2026-01-02 12:35:13.645 Df Pinr[96326:1506d9] [com.apple.network:connection] nw_socket_handle_socket_event [C37:1] Socket received CONNRESET event
2026-01-02 12:35:13.645 Df Pinr[96326:1506d9] [com.apple.network:connection] nw_socket_handle_socket_event [C37:1] Socket received DISCONNECTED event
2026-01-02 12:35:13.645 E  Pinr[96326:1506d9] [com.apple.network:connection] nw_socket_handle_socket_event [C37:1] Socket SO_ERROR [61: Connection refused]
2026-01-02 12:35:13.645 Df Pinr[96326:1506d9] [com.apple.network:connection] nw_socket_handle_socket_event [C38:1] Socket received CONNRESET event
2026-01-02 12:35:13.645 Df Pinr[96326:1506d9] [com.apple.network:connection] nw_socket_handle_socket_event [C38:1] Socket received DISCONNECTED event
2026-01-02 12:35:13.645 E  Pinr[96326:1506d9] [com.apple.network:connection] nw_socket_handle_socket_event [C38:1] Socket SO_ERROR [61: Connection refused]
2026-01-02 12:35:13.646 Df Pinr[96326:1506d9] [com.apple.network:connection] nw_socket_handle_socket_event [C39:1] Socket received CONNRESET event
2026-01-02 12:35:13.646 Df Pinr[96326:1506d9] [com.apple.network:connection] nw_socket_handle_socket_event [C39:1] Socket received DISCONNECTED event
2026-01-02 12:35:13.646 E  Pinr[96326:1506d9] [com.apple.network:connection] nw_socket_handle_socket_event [C39:1] Socket SO_ERROR [61: Connection refused]
2026-01-02 12:35:13.646 E  Pinr[96326:1506d9] [com.apple.network:connection] nw_endpoint_flow_failed_with_error [C37 IPv4#94c3d87e:8081 in_progress socket-flow (satisfied (Path is satisfied), interface: lo0)] already failing, returning
2026-01-02 12:35:13.646 Df Pinr[96326:1506d9] [com.apple.network:connection] [C37 IPv4#94c3d87e:8081 failed socket-flow (satisfied (Path is satisfied), interface: lo0)] event: flow:failed_connect @0.003s, error Connection refused
2026-01-02 12:35:13.646 Df Pinr[96326:1506d9] [com.apple.network:connection] nw_connection_report_state_with_handler_on_nw_queue [C37] reporting state failed error Connection refused
2026-01-02 12:35:13.646 E  Pinr[96326:1506d9] [com.apple.network:connection] nw_endpoint_flow_failed_with_error [C38 IPv4#94c3d87e:8081 in_progress socket-flow (satisfied (Path is satisfied), interface: lo0)] already failing, returning
2026-01-02 12:35:13.646 Df Pinr[96326:150a55] [com.apple.CFNetwork:Default] TCP Conn 0x60000331c1e0 event 3. err: 61
2026-01-02 12:35:13.646 E  Pinr[96326:150a55] [com.apple.network:connection] nw_connection_get_connected_socket_block_invoke [C37] Client called nw_connection_get_connected_socket on unconnected nw_connection
2026-01-02 12:35:13.646 Df Pinr[96326:150a55] [com.apple.CFNetwork:Default] TCP Conn 0x60000331c1e0 complete. fd: -1, err: 61
2026-01-02 12:35:13.646 E  Pinr[96326:150a55] [com.apple.CFNetwork:Default] TCP Conn 0x60000331c1e0 Failed : error 0:61 [61]
2026-01-02 12:35:13.646 Df Pinr[96326:14fe5e] [com.apple.CFNetwork:Default] TCP Conn 0x60000331c1e0 canceled
2026-01-02 12:35:13.646 Df Pinr[96326:1506d9] [com.apple.network:connection] [C38 IPv4#94c3d87e:8081 failed socket-flow (satisfied (Path is satisfied), interface: lo0)] event: flow:failed_connect @0.003s, error Connection refused
2026-01-02 12:35:13.646 Df Pinr[96326:1506d9] [com.apple.network:connection] nw_connection_report_state_with_handler_on_nw_queue [C38] reporting state failed error Connection refused
2026-01-02 12:35:13.646 Df Pinr[96326:150b40] [com.apple.CFNetwork:Default] TCP Conn 0x6000033055e0 event 3. err: 61
2026-01-02 12:35:13.646 Df Pinr[96326:1506d9] [com.apple.network:connection] [C37 05C3D610-DB22-41EA-A8ED-3B99549DCB80 IPv4#94c3d87e:8081 tcp, legacy-socket, definite, attribution: developer] cancel
2026-01-02 12:35:13.646 E  Pinr[96326:150b40] [com.apple.network:connection] nw_connection_get_connected_socket_block_invoke [C38] Client called nw_connection_get_connected_socket on unconnected nw_connection
2026-01-02 12:35:13.646 Df Pinr[96326:150b40] [com.apple.CFNetwork:Default] TCP Conn 0x6000033055e0 complete. fd: -1, err: 61
2026-01-02 12:35:13.646 E  Pinr[96326:150b40] [com.apple.CFNetwork:Default] TCP Conn 0x6000033055e0 Failed : error 0:61 [61]
2026-01-02 12:35:13.646 Df Pinr[96326:14fe5e] [com.apple.CFNetwork:Default] TCP Conn 0x6000033055e0 canceled
2026-01-02 12:35:13.646 E  Pinr[96326:1506d9] [com.apple.network:connection] nw_connection_copy_protocol_metadata_internal_block_invoke [C37] Client called nw_connection_copy_protocol_metadata_internal on unconnected nw_connection
2026-01-02 12:35:13.646 E  Pinr[96326:1506d9] [com.apple.network:connection] nw_connection_copy_protocol_metadata_internal_block_invoke [C37] Client called nw_connection_copy_protocol_metadata_internal on unconnected nw_connection
2026-01-02 12:35:13.646 E  Pinr[96326:1506d9] [com.apple.network:connection] nw_connection_copy_connected_local_endpoint_block_invoke [C37] Client called nw_connection_copy_connected_local_endpoint on unconnected nw_connection
2026-01-02 12:35:13.647 E  Pinr[96326:1506d9] [com.apple.network:connection] nw_connection_copy_connected_remote_endpoint_block_invoke [C37] Client called nw_connection_copy_connected_remote_endpoint on unconnected nw_connection
2026-01-02 12:35:13.647 Df Pinr[96326:1506d9] [com.apple.network:connection] [C37 05C3D610-DB22-41EA-A8ED-3B99549DCB80 IPv4#94c3d87e:8081 tcp, legacy-socket, definite, attribution: developer] cancelled
	[C37 C75F3667-38B1-4337-ADDD-3A767E4B6212 <NULL><-><NULL>]
	Connected Path: (null)
	Privacy Stance: Not Eligible
	Duration: 0.004s, TCP @0.000s took 0.000s
2026-01-02 12:35:13.647 Df Pinr[96326:1506d9] [com.apple.network:connection] nw_connection_report_state_with_handler_on_nw_queue [C37] reporting state cancelled error Connection refused
2026-01-02 12:35:13.647 Df Pinr[96326:1506d9] [com.apple.network:connection] [C38 592DF938-EB9F-4C15-A3E3-AB7B164285C0 IPv4#94c3d87e:8081 tcp, legacy-socket, definite, attribution: developer] cancel
2026-01-02 12:35:13.647 E  Pinr[96326:1506d9] [com.apple.network:connection] nw_connection_copy_protocol_metadata_internal_block_invoke [C38] Client called nw_connection_copy_protocol_metadata_internal on unconnected nw_connection
2026-01-02 12:35:13.647 E  Pinr[96326:1506d9] [com.apple.network:connection] nw_connection_copy_protocol_metadata_internal_block_invoke [C38] Client called nw_connection_copy_protocol_metadata_internal on unconnected nw_connection
2026-01-02 12:35:13.647 E  Pinr[96326:1506d9] [com.apple.network:connection] nw_connection_copy_connected_local_endpoint_block_invoke [C38] Client called nw_connection_copy_connected_local_endpoint on unconnected nw_connection
2026-01-02 12:35:13.647 E  Pinr[96326:1506d9] [com.apple.network:connection] nw_connection_copy_connected_remote_endpoint_block_invoke [C38] Client called nw_connection_copy_connected_remote_endpoint on unconnected nw_connection
2026-01-02 12:35:13.647 Df Pinr[96326:1506d9] [com.apple.network:connection] [C38 592DF938-EB9F-4C15-A3E3-AB7B164285C0 IPv4#94c3d87e:8081 tcp, legacy-socket, definite, attribution: developer] cancelled
	[C38 C75F3667-38B1-4337-ADDD-3A767E4B6212 <NULL><-><NULL>]
	Connected Path: (null)
	Privacy Stance: Not Eligible
	Duration: 0.004s, TCP @0.000s took 0.000s
2026-01-02 12:35:13.647 Df Pinr[96326:1506d9] [com.apple.network:connection] nw_connection_report_state_with_handler_on_nw_queue [C38] reporting state cancelled error Connection refused
2026-01-02 12:35:13.647 E  Pinr[96326:1506d9] [com.apple.network:connection] nw_endpoint_flow_failed_with_error [C39 IPv4#94c3d87e:8081 in_progress socket-flow (satisfied (Path is satisfied), interface: lo0)] already failing, returning
2026-01-02 12:35:13.647 Df Pinr[96326:1506d9] [com.apple.network:connection] [C39 IPv4#94c3d87e:8081 failed socket-flow (satisfied (Path is satisfied), interface: lo0)] event: flow:failed_connect @0.003s, error Connection refused
2026-01-02 12:35:13.647 Df Pinr[96326:1506d9] [com.apple.network:connection] nw_connection_report_state_with_handler_on_nw_queue [C39] reporting state failed error Connection refused
2026-01-02 12:35:13.647 Df Pinr[96326:150b40] [com.apple.CFNetwork:Default] TCP Conn 0x600003320b40 event 3. err: 61
2026-01-02 12:35:13.647 E  Pinr[96326:150b40] [com.apple.network:connection] nw_connection_get_connected_socket_block_invoke [C39] Client called nw_connection_get_connected_socket on unconnected nw_connection
2026-01-02 12:35:13.647 Df Pinr[96326:150b40] [com.apple.CFNetwork:Default] TCP Conn 0x600003320b40 complete. fd: -1, err: 61
2026-01-02 12:35:13.647 Df Pinr[96326:1506d9] [com.apple.network:connection] nw_endpoint_resolver_update [C40.1 Hostname#e98add38:8081 in_progress resolver (satisfied (Path is satisfied), interface: en0[802.11], uses wifi, LQM: unknown)] Adding endpoint handler for IPv6#fd6075e5.8081
2026-01-02 12:35:13.647 E  Pinr[96326:150b40] [com.apple.CFNetwork:Default] TCP Conn 0x600003320b40 Failed : error 0:61 [61]
2026-01-02 12:35:13.648 Df Pinr[96326:14fe5e] [com.apple.CFNetwork:Default] TCP Conn 0x600003320b40 canceled
2026-01-02 12:35:13.648 Df Pinr[96326:1506d9] [com.apple.network:connection] nw_endpoint_resolver_update [C40.1 Hostname#e98add38:8081 in_progress resolver (satisfied (Path is satisfied), interface: en0[802.11], uses wifi, LQM: unknown)] Adding endpoint handler for IPv4#922f71f9:8081
2026-01-02 12:35:13.648 Df Pinr[96326:1506d9] [com.apple.network:connection] [C40.1 Hostname#e98add38:8081 in_progress resolver (satisfied (Path is satisfied), interface: en0[802.11], uses wifi, LQM: unknown)] event: resolver:receive_dns @0.003s
2026-01-02 12:35:13.648 Df Pinr[96326:1506d9] [com.apple.network:connection] [C39 EF76D070-2AC9-4E07-A360-FE622902EFF5 IPv4#94c3d87e:8081 tcp, legacy-socket, definite, attribution: developer] cancel
2026-01-02 12:35:13.648 E  Pinr[96326:1506d9] [com.apple.network:connection] nw_connection_copy_protocol_metadata_internal_block_invoke [C39] Client called nw_connection_copy_protocol_metadata_internal on unconnected nw_connection
2026-01-02 12:35:13.648 E  Pinr[96326:1506d9] [com.apple.network:connection] nw_connection_copy_protocol_metadata_internal_block_invoke [C39] Client called nw_connection_copy_protocol_metadata_internal on unconnected nw_connection
2026-01-02 12:35:13.648 E  Pinr[96326:1506d9] [com.apple.network:connection] nw_connection_copy_connected_local_endpoint_block_invoke [C39] Client called nw_connection_copy_connected_local_endpoint on unconnected nw_connection
2026-01-02 12:35:13.648 E  Pinr[96326:1506d9] [com.apple.network:connection] nw_connection_copy_connected_remote_endpoint_block_invoke [C39] Client called nw_connection_copy_connected_remote_endpoint on unconnected nw_connection
2026-01-02 12:35:13.648 Df Pinr[96326:1506d9] [com.apple.network:connection] [C39 EF76D070-2AC9-4E07-A360-FE622902EFF5 IPv4#94c3d87e:8081 tcp, legacy-socket, definite, attribution: developer] cancelled
	[C39 C75F3667-38B1-4337-ADDD-3A767E4B6212 <NULL><-><NULL>]
	Connected Path: (null)
	Privacy Stance: Not Eligible
	Duration: 0.004s, TCP @0.000s took 0.000s
2026-01-02 12:35:13.648 Df Pinr[96326:1506d9] [com.apple.network:connection] nw_connection_report_state_with_handler_on_nw_queue [C39] reporting state cancelled error Connection refused
2026-01-02 12:35:13.648 Df Pinr[96326:1506d9] [com.apple.network:connection] [C40.1.1 IPv6#fd6075e5.8081 initial path ((null))] event: path:start @0.003s
2026-01-02 12:35:13.648 Df Pinr[96326:1506d9] [com.apple.network:connection] [C40.1.1 IPv6#fd6075e5.8081 waiting path (satisfied (Path is satisfied), interface: lo0)] event: path:satisfied @0.004s, uuid: AC550AFA-5227-4E65-8F07-F9D6B6DDE966
2026-01-02 12:35:13.649 Df Pinr[96326:1506d9] [com.apple.network:connection] nw_socket_initialize_socket [C40.1.1:1] Not guarding fd 5
2026-01-02 12:35:13.649 Df Pinr[96326:1506d9] [com.apple.network:connection] [C40.1.1 IPv6#fd6075e5.8081 in_progress socket-flow (satisfied (Path is satisfied), interface: lo0)] event: flow:start_connect @0.004s
2026-01-02 12:35:13.649 Df Pinr[96326:1506d9] [com.apple.network:connection] nw_socket_handle_socket_event [C40.1.1:1] Socket received CONNRESET event
2026-01-02 12:35:13.649 Df Pinr[96326:1506d9] [com.apple.network:connection] nw_socket_handle_socket_event [C40.1.1:1] Socket received DISCONNECTED event
2026-01-02 12:35:13.649 E  Pinr[96326:1506d9] [com.apple.network:connection] nw_socket_handle_socket_event [C40.1.1:1] Socket SO_ERROR [61: Connection refused]
2026-01-02 12:35:13.649 E  Pinr[96326:1506d9] [com.apple.network:connection] nw_endpoint_flow_failed_with_error [C40.1.1 IPv6#fd6075e5.8081 in_progress socket-flow (satisfied (Path is satisfied), interface: lo0)] already failing, returning
2026-01-02 12:35:13.649 Df Pinr[96326:1506d9] [com.apple.network:connection] [C40.1.1 IPv6#fd6075e5.8081 failed socket-flow (satisfied (Path is satisfied), interface: lo0)] event: flow:failed_connect @0.004s, error Connection refused
2026-01-02 12:35:13.649 Df Pinr[96326:1506d9] [com.apple.network:connection] [C40.1.2 IPv4#922f71f9:8081 initial path ((null))] event: path:start @0.004s
2026-01-02 12:35:13.649 Df Pinr[96326:1506d9] [com.apple.network:connection] [C40.1.2 IPv4#922f71f9:8081 waiting path (satisfied (Path is satisfied), interface: lo0)] event: path:satisfied @0.004s, uuid: BB6CD1FC-C1FD-4166-B7E2-34EDF7D43B72
2026-01-02 12:35:13.649 Df Pinr[96326:1506d9] [com.apple.network:connection] nw_socket_initialize_socket [C40.1.2:1] Not guarding fd 5
2026-01-02 12:35:13.649 Df Pinr[96326:1506d9] [com.apple.network:connection] [C40.1.2 IPv4#922f71f9:8081 in_progress socket-flow (satisfied (Path is satisfied), interface: lo0)] event: flow:start_connect @0.004s
2026-01-02 12:35:13.650 Df Pinr[96326:1506d9] [com.apple.network:connection] nw_socket_handle_socket_event [C40.1.2:1] Socket received CONNRESET event
2026-01-02 12:35:13.650 Df Pinr[96326:1506d9] [com.apple.network:connection] nw_socket_handle_socket_event [C40.1.2:1] Socket received DISCONNECTED event
2026-01-02 12:35:13.650 E  Pinr[96326:1506d9] [com.apple.network:connection] nw_socket_handle_socket_event [C40.1.2:1] Socket SO_ERROR [61: Connection refused]
2026-01-02 12:35:13.650 E  Pinr[96326:1506d9] [com.apple.network:connection] nw_endpoint_flow_failed_with_error [C40.1.2 IPv4#922f71f9:8081 in_progress socket-flow (satisfied (Path is satisfied), interface: lo0)] already failing, returning
