2026-01-02 12:35:05.279 Df Pinr[96326:150b40] [com.apple.network:connection] [C4 FFEBC476-6586-4CAE-9A08-3EBCE163DC88 IPv4#94c3d87e:8081 tcp, legacy-socket, definite, attribution: developer] cancel
2026-01-02 12:35:05.279 Df Pinr[96326:14fe5e] [com.apple.CFNetwork:Default] TCP Conn 0x6000033281e0 canceled
2026-01-02 12:35:05.279 Df Pinr[96326:14fe5e] [com.apple.CFNetwork:Default] TCP Conn 0x600003330dc0 canceled
2026-01-02 12:35:05.279 Df Pinr[96326:150b40] [com.apple.network:connection] [C4 FFEBC476-6586-4CAE-9A08-3EBCE163DC88 IPv4#94c3d87e:8081 tcp, legacy-socket, definite, attribution: developer] cancelled
	[C4 C75F3667-38B1-4337-ADDD-3A767E4B6212 192.168.86.29:55531<->IPv4#94c3d87e:8081]
	Connected Path: satisfied (Path is satisfied), interface: lo0
	Privacy Stance: Not Eligible
	Duration: 132.113s, TCP @0.000s took 0.000s
	bytes in/out: 129/208, packets in/out: 2/1, rtt: 0.001s, retransmitted bytes: 0, out-of-order bytes: 0
	ecn packets sent/acked/marked/lost: 0/0/0/0
2026-01-02 12:35:05.279 Df Pinr[96326:14fe5e] [com.apple.CFNetwork:Default] TCP Conn 0x6000033324e0 canceled
2026-01-02 12:35:05.279 Df Pinr[96326:14fe5e] [com.apple.CFNetwork:Default] TCP Conn 0x600003369040 canceled
2026-01-02 12:35:05.279 Df Pinr[96326:14fe5e] [com.apple.CFNetwork:Default] TCP Conn 0x600003349900 canceled
2026-01-02 12:35:05.279 Df Pinr[96326:150b40] [com.apple.network:connection] nw_connection_report_state_with_handler_on_nw_queue [C4] reporting state cancelled
2026-01-02 12:35:05.279 Df Pinr[96326:150b40] [com.apple.network:connection] [C5 0681B37C-2D17-4D15-8205-4A560BE4BDF3 IPv4#94c3d87e:8081 tcp, legacy-socket, definite, attribution: developer] cancel
2026-01-02 12:35:05.279 Df Pinr[96326:150b40] [com.apple.network:connection] [C5 0681B37C-2D17-4D15-8205-4A560BE4BDF3 IPv4#94c3d87e:8081 tcp, legacy-socket, definite, attribution: developer] cancelled
	[C5 C75F3667-38B1-4337-ADDD-3A767E4B6212 192.168.86.29:55532<->IPv4#94c3d87e:8081]
	Connected Path: satisfied (Path is satisfied), interface: lo0
	Privacy Stance: Not Eligible
	Duration: 132.113s, TCP @0.000s took 0.000s
	bytes in/out: 129/1163908, packets in/out: 2/126, rtt: 0.001s, retransmitted bytes: 0, out-of-order bytes: 0
	ecn packets sent/acked/marked/lost: 0/0/0/0
2026-01-02 12:35:05.280 Df Pinr[96326:150b40] [com.apple.network:connection] nw_connection_report_state_with_handler_on_nw_queue [C5] reporting state cancelled
2026-01-02 12:35:05.280 Df Pinr[96326:150b40] [com.apple.network:connection] [C8 2FEF2E76-2285-490E-82CA-DE949D120B66 IPv4#94c3d87e:8081 tcp, legacy-socket, definite, attribution: developer] cancel
2026-01-02 12:35:05.280 Df Pinr[96326:150b40] [com.apple.network:connection] [C8 2FEF2E76-2285-490E-82CA-DE949D120B66 IPv4#94c3d87e:8081 tcp, legacy-socket, definite, attribution: developer] cancelled
	[C8 C75F3667-38B1-4337-ADDD-3A767E4B6212 192.168.86.29:55536<->IPv4#94c3d87e:8081]
	Connected Path: satisfied (Path is satisfied), interface: lo0
	Privacy Stance: Not Eligible
	Duration: 131.132s, TCP @0.000s took 0.000s
	bytes in/out: 129/199, packets in/out: 2/1, rtt: 0.001s, retransmitted bytes: 0, out-of-order bytes: 0
	ecn packets sent/acked/marked/lost: 0/0/0/0
2026-01-02 12:35:05.280 Df Pinr[96326:150b40] [com.apple.network:connection] nw_connection_report_state_with_handler_on_nw_queue [C8] reporting state cancelled
2026-01-02 12:35:05.280 Df Pinr[96326:150b40] [com.apple.network:connection] [C14 C039087D-9568-4005-9D8C-BEB1F8C3F87E Hostname#e98add38:8081 tcp, legacy-socket, definite, attribution: developer] cancel
2026-01-02 12:35:05.280 Df Pinr[96326:150b40] [com.apple.network:connection] [C14 C039087D-9568-4005-9D8C-BEB1F8C3F87E Hostname#e98add38:8081 tcp, legacy-socket, definite, attribution: developer] cancelled
	[C14.1.1 AC550AFA-5227-4E65-8F07-F9D6B6DDE966 ::1.55544<->IPv6#fd6075e5.8081]
	Connected Path: satisfied (Path is satisfied), interface: lo0
	Privacy Stance: Not Eligible
	Duration: 130.464s, DNS @0.000s took 0.000s, TCP @0.000s took 0.001s
	bytes in/out: 5875/206829, packets in/out: 275/274, rtt: 0.001s, retransmitted bytes: 0, out-of-order bytes: 0
	ecn packets sent/acked/marked/lost: 0/0/0/0
2026-01-02 12:35:05.280 Df Pinr[96326:150b40] [com.apple.network:connection] nw_connection_report_state_with_handler_on_nw_queue [C14] reporting state cancelled
2026-01-02 12:35:05.280 Df Pinr[96326:150b40] [com.apple.network:connection] [C11 914E9A81-559F-4F61-B577-D91368B4AD0C IPv4#94c3d87e:8081 tcp, legacy-socket, definite, attribution: developer] cancel
2026-01-02 12:35:05.280 Df Pinr[96326:150b40] [com.apple.network:connection] [C11 914E9A81-559F-4F61-B577-D91368B4AD0C IPv4#94c3d87e:8081 tcp, legacy-socket, definite, attribution: developer] cancelled
	[C11 C75F3667-38B1-4337-ADDD-3A767E4B6212 192.168.86.29:55540<->IPv4#94c3d87e:8081]
	Connected Path: satisfied (Path is satisfied), interface: lo0
	Privacy Stance: Not Eligible
	Duration: 130.632s, TCP @0.000s took 0.000s
	bytes in/out: 361/13272, packets in/out: 6/38, rtt: 0.001s, retransmitted bytes: 0, out-of-order bytes: 0
	ecn packets sent/acked/marked/lost: 0/0/0/0
2026-01-02 12:35:05.280 Df Pinr[96326:150b40] [com.apple.network:connection] nw_connection_report_state_with_handler_on_nw_queue [C11] reporting state cancelled
2026-01-02 12:35:05.281 Df Pinr[96326:150b40] [com.apple.network:connection] [C9 AC272F0B-05B1-426A-A56F-B7284A4D867D IPv4#94c3d87e:8081 tcp, legacy-socket, definite, attribution: developer] cancel
2026-01-02 12:35:05.281 Df Pinr[96326:150b40] [com.apple.network:connection] [C9 AC272F0B-05B1-426A-A56F-B7284A4D867D IPv4#94c3d87e:8081 tcp, legacy-socket, definite, attribution: developer] cancelled
	[C9 C75F3667-38B1-4337-ADDD-3A767E4B6212 192.168.86.29:55537<->IPv4#94c3d87e:8081]
	Connected Path: satisfied (Path is satisfied), interface: lo0
	Privacy Stance: Not Eligible
	Duration: 131.120s, TCP @0.000s took 0.000s
	bytes in/out: 155/397, packets in/out: 15/14, rtt: 0.001s, retransmitted bytes: 0, out-of-order bytes: 0
	ecn packets sent/acked/marked/lost: 0/0/0/0
2026-01-02 12:35:05.281 Df Pinr[96326:150b40] [com.apple.network:connection] nw_connection_report_state_with_handler_on_nw_queue [C9] reporting state cancelled
2026-01-02 12:35:07.344 Df Pinr[96326:14fe36] [com.apple.CFNetwork:Default] TCP Conn [25:0x600003305540] using empty proxy configuration
2026-01-02 12:35:07.344 Df Pinr[96326:14fe36] [com.apple.CFNetwork:Default] Stream client bypassing proxies on TCP Conn [25:0x600003305540]
2026-01-02 12:35:07.344 Df Pinr[96326:14fe36] [com.apple.CFNetwork:Default] TCP Conn 0x600003305540 started
2026-01-02 12:35:07.344 Df Pinr[96326:150a55] [com.apple.network:connection] [C25 5C0FEB0B-6314-4846-B049-E2CAED827A49 IPv4#94c3d87e:8081 tcp, definite, attribution: developer, context: Default Network Context (private), proc: 4483FB6A-19BA-3153-8945-882B738685CB, delegated upid: 0, no proxy, prohibit fallback, allow socket access] start
2026-01-02 12:35:07.345 Df Pinr[96326:150a55] [com.apple.network:connection] [C25 IPv4#94c3d87e:8081 initial parent-flow ((null))] event: path:start @0.000s
2026-01-02 12:35:07.345 Df Pinr[96326:150a55] [com.apple.network:connection] [C25 IPv4#94c3d87e:8081 waiting parent-flow (satisfied (Path is satisfied), interface: lo0)] event: path:satisfied @0.000s, uuid: C75F3667-38B1-4337-ADDD-3A767E4B6212
2026-01-02 12:35:07.345 Df Pinr[96326:14fe36] [com.apple.CFNetwork:Default] TCP Conn [26:0x6000033055e0] using empty proxy configuration
2026-01-02 12:35:07.345 Df Pinr[96326:14fe36] [com.apple.CFNetwork:Default] Stream client bypassing proxies on TCP Conn [26:0x6000033055e0]
2026-01-02 12:35:07.345 Df Pinr[96326:14fe36] [com.apple.CFNetwork:Default] TCP Conn 0x6000033055e0 started
2026-01-02 12:35:07.346 Df Pinr[96326:150a55] [com.apple.network:connection] nw_socket_initialize_socket [C25:1] Not guarding fd 5
2026-01-02 12:35:07.347 Df Pinr[96326:150a55] [com.apple.network:connection] [C25 IPv4#94c3d87e:8081 in_progress socket-flow (satisfied (Path is satisfied), interface: lo0)] event: flow:start_connect @0.002s
2026-01-02 12:35:07.347 Df Pinr[96326:150a55] [com.apple.network:connection] nw_connection_report_state_with_handler_on_nw_queue [C25] reporting state preparing
2026-01-02 12:35:07.347 Df Pinr[96326:14fe36] [com.apple.CFNetwork:Default] TCP Conn [27:0x60000331c140] using empty proxy configuration
2026-01-02 12:35:07.347 Df Pinr[96326:14fe36] [com.apple.CFNetwork:Default] Stream client bypassing proxies on TCP Conn [27:0x60000331c140]
2026-01-02 12:35:07.347 Df Pinr[96326:14fe36] [com.apple.CFNetwork:Default] TCP Conn 0x60000331c140 started
2026-01-02 12:35:07.348 Df Pinr[96326:150a55] [com.apple.network:connection] [C26 2E7FC1A4-B1CA-4713-876E-C4D823A9B7A4 IPv4#94c3d87e:8081 tcp, definite, attribution: developer, context: Default Network Context (private), proc: 4483FB6A-19BA-3153-8945-882B738685CB, delegated upid: 0, no proxy, prohibit fallback, allow socket access] start
2026-01-02 12:35:07.348 Df Pinr[96326:14fe36] [com.apple.CFNetwork:Default] TCP Conn [28:0x60000331c1e0] using empty proxy configuration
2026-01-02 12:35:07.348 Df Pinr[96326:14fe36] [com.apple.CFNetwork:Default] Stream client bypassing proxies on TCP Conn [28:0x60000331c1e0]
2026-01-02 12:35:07.348 Df Pinr[96326:14fe36] [com.apple.CFNetwork:Default] TCP Conn 0x60000331c1e0 started
2026-01-02 12:35:07.348 Df Pinr[96326:150a55] [com.apple.network:connection] [C26 IPv4#94c3d87e:8081 initial parent-flow ((null))] event: path:start @0.000s
2026-01-02 12:35:07.349 Df Pinr[96326:150a55] [com.apple.network:connection] [C26 IPv4#94c3d87e:8081 waiting parent-flow (satisfied (Path is satisfied), interface: lo0)] event: path:satisfied @0.000s, uuid: C75F3667-38B1-4337-ADDD-3A767E4B6212
2026-01-02 12:35:07.349 Df Pinr[96326:150a55] [com.apple.network:connection] nw_socket_initialize_socket [C26:1] Not guarding fd 8
2026-01-02 12:35:07.349 Df Pinr[96326:150a55] [com.apple.network:connection] [C26 IPv4#94c3d87e:8081 in_progress socket-flow (satisfied (Path is satisfied), interface: lo0)] event: flow:start_connect @0.001s
2026-01-02 12:35:07.349 Df Pinr[96326:150a55] [com.apple.network:connection] nw_connection_report_state_with_handler_on_nw_queue [C26] reporting state preparing
2026-01-02 12:35:07.350 Df Pinr[96326:150a55] [com.apple.network:connection] [C27 7F13B8DA-75CE-47E0-A12B-D0D7BA6B28E4 IPv4#94c3d87e:8081 tcp, definite, attribution: developer, context: Default Network Context (private), proc: 4483FB6A-19BA-3153-8945-882B738685CB, delegated upid: 0, no proxy, prohibit fallback, allow socket access] start
2026-01-02 12:35:07.350 Df Pinr[96326:150a55] [com.apple.network:connection] [C27 IPv4#94c3d87e:8081 initial parent-flow ((null))] event: path:start @0.000s
2026-01-02 12:35:07.350 Df Pinr[96326:150a55] [com.apple.network:connection] [C27 IPv4#94c3d87e:8081 waiting parent-flow (satisfied (Path is satisfied), interface: lo0)] event: path:satisfied @0.000s, uuid: C75F3667-38B1-4337-ADDD-3A767E4B6212
2026-01-02 12:35:07.351 Df Pinr[96326:150a55] [com.apple.network:connection] nw_socket_initialize_socket [C27:1] Not guarding fd 18
2026-01-02 12:35:07.351 Df Pinr[96326:150a55] [com.apple.network:connection] [C27 IPv4#94c3d87e:8081 in_progress socket-flow (satisfied (Path is satisfied), interface: lo0)] event: flow:start_connect @0.001s
2026-01-02 12:35:07.351 Df Pinr[96326:150a55] [com.apple.network:connection] nw_connection_report_state_with_handler_on_nw_queue [C27] reporting state preparing
2026-01-02 12:35:07.351 Df Pinr[96326:150a55] [com.apple.network:connection] [C28 7689AD97-C491-4FFC-A2AC-AB6F3023D54A Hostname#e98add38:8081 tcp, definite, attribution: developer, context: Default Network Context (private), proc: 4483FB6A-19BA-3153-8945-882B738685CB, delegated upid: 0, no proxy, prohibit fallback, allow socket access] start
2026-01-02 12:35:07.352 Df Pinr[96326:150a55] [com.apple.network:connection] [C28 Hostname#e98add38:8081 initial parent-flow ((null))] event: path:start @0.000s
2026-01-02 12:35:07.352 Df Pinr[96326:150a55] [com.apple.network:connection] [C28 Hostname#e98add38:8081 waiting parent-flow (satisfied (Path is satisfied), interface: en0[802.11], uses wifi, LQM: unknown)] event: path:satisfied @0.000s, uuid: E3252CF6-2864-4510-85B3-B66007262AB5
2026-01-02 12:35:07.352 Df Pinr[96326:150a55] [com.apple.network:connection] [C28 Hostname#e98add38:8081 in_progress parent-flow (satisfied (Path is satisfied), interface: en0[802.11], uses wifi, LQM: unknown)] event: flow:start_connect @0.000s
2026-01-02 12:35:07.352 Df Pinr[96326:150a55] [com.apple.network:connection] nw_connection_report_state_with_handler_on_nw_queue [C28] reporting state preparing
2026-01-02 12:35:07.352 Df Pinr[96326:150a55] [com.apple.network:connection] [C28 Hostname#e98add38:8081 in_progress parent-flow (satisfied (Path is satisfied), interface: en0[802.11], uses wifi, LQM: unknown)] event: flow:start_child @0.000s
2026-01-02 12:35:07.352 Df Pinr[96326:150a55] [com.apple.network:connection] [C28.1 Hostname#e98add38:8081 initial path ((null))] event: path:start @0.000s
2026-01-02 12:35:07.352 Df Pinr[96326:150a55] [com.apple.network:connection] [C28.1 Hostname#e98add38:8081 waiting path (satisfied (Path is satisfied), interface: en0[802.11], uses wifi, LQM: unknown)] event: path:satisfied @0.000s, uuid: E3252CF6-2864-4510-85B3-B66007262AB5
2026-01-02 12:35:07.352 Df Pinr[96326:150a55] [com.apple.network:connection] [C28.1 Hostname#e98add38:8081 in_progress resolver (satisfied (Path is satisfied), interface: en0[802.11], uses wifi, LQM: unknown)] event: resolver:start_dns @0.000s
2026-01-02 12:35:07.353 Df Pinr[96326:150a55] [com.apple.network:connection] nw_socket_handle_socket_event [C25:1] Socket received CONNRESET event
2026-01-02 12:35:07.353 Df Pinr[96326:150a55] [com.apple.network:connection] nw_socket_handle_socket_event [C25:1] Socket received DISCONNECTED event
2026-01-02 12:35:07.353 E  Pinr[96326:150a55] [com.apple.network:connection] nw_socket_handle_socket_event [C25:1] Socket SO_ERROR [61: Connection refused]
2026-01-02 12:35:07.354 Df Pinr[96326:150a55] [com.apple.network:connection] nw_socket_handle_socket_event [C26:1] Socket received CONNRESET event
2026-01-02 12:35:07.354 Df Pinr[96326:150a55] [com.apple.network:connection] nw_socket_handle_socket_event [C26:1] Socket received DISCONNECTED event
2026-01-02 12:35:07.354 E  Pinr[96326:150a55] [com.apple.network:connection] nw_socket_handle_socket_event [C26:1] Socket SO_ERROR [61: Connection refused]
2026-01-02 12:35:07.354 Df Pinr[96326:150a55] [com.apple.network:connection] nw_socket_handle_socket_event [C27:1] Socket received CONNRESET event
2026-01-02 12:35:07.354 Df Pinr[96326:150a55] [com.apple.network:connection] nw_socket_handle_socket_event [C27:1] Socket received DISCONNECTED event
2026-01-02 12:35:07.354 E  Pinr[96326:150a55] [com.apple.network:connection] nw_socket_handle_socket_event [C27:1] Socket SO_ERROR [61: Connection refused]
2026-01-02 12:35:07.354 E  Pinr[96326:150a55] [com.apple.network:connection] nw_endpoint_flow_failed_with_error [C25 IPv4#94c3d87e:8081 in_progress socket-flow (satisfied (Path is satisfied), interface: lo0)] already failing, returning
2026-01-02 12:35:07.354 Df Pinr[96326:150a55] [com.apple.network:connection] [C25 IPv4#94c3d87e:8081 failed socket-flow (satisfied (Path is satisfied), interface: lo0)] event: flow:failed_connect @0.009s, error Connection refused
2026-01-02 12:35:07.354 Df Pinr[96326:150a55] [com.apple.network:connection] nw_connection_report_state_with_handler_on_nw_queue [C25] reporting state failed error Connection refused
2026-01-02 12:35:07.354 Df Pinr[96326:1506d9] [com.apple.CFNetwork:Default] TCP Conn 0x600003305540 event 3. err: 61
2026-01-02 12:35:07.354 E  Pinr[96326:1506d9] [com.apple.network:connection] nw_connection_get_connected_socket_block_invoke [C25] Client called nw_connection_get_connected_socket on unconnected nw_connection
2026-01-02 12:35:07.354 Df Pinr[96326:1506d9] [com.apple.CFNetwork:Default] TCP Conn 0x600003305540 complete. fd: -1, err: 61
2026-01-02 12:35:07.355 E  Pinr[96326:1506d9] [com.apple.CFNetwork:Default] TCP Conn 0x600003305540 Failed : error 0:61 [61]
2026-01-02 12:35:07.355 E  Pinr[96326:150a55] [com.apple.network:connection] nw_endpoint_flow_failed_with_error [C26 IPv4#94c3d87e:8081 in_progress socket-flow (satisfied (Path is satisfied), interface: lo0)] already failing, returning
2026-01-02 12:35:07.355 Df Pinr[96326:14fe5e] [com.apple.CFNetwork:Default] TCP Conn 0x600003305540 canceled
2026-01-02 12:35:07.355 Df Pinr[96326:150a55] [com.apple.network:connection] [C26 IPv4#94c3d87e:8081 failed socket-flow (satisfied (Path is satisfied), interface: lo0)] event: flow:failed_connect @0.006s, error Connection refused
2026-01-02 12:35:07.355 Df Pinr[96326:150a55] [com.apple.network:connection] nw_connection_report_state_with_handler_on_nw_queue [C26] reporting state failed error Connection refused
2026-01-02 12:35:07.355 Df Pinr[96326:150a55] [com.apple.network:connection] [C25 5C0FEB0B-6314-4846-B049-E2CAED827A49 IPv4#94c3d87e:8081 tcp, legacy-socket, definite, attribution: developer] cancel
2026-01-02 12:35:07.355 Df Pinr[96326:1506d9] [com.apple.CFNetwork:Default] TCP Conn 0x6000033055e0 event 3. err: 61
2026-01-02 12:35:07.355 E  Pinr[96326:1506d9] [com.apple.network:connection] nw_connection_get_connected_socket_block_invoke [C26] Client called nw_connection_get_connected_socket on unconnected nw_connection
2026-01-02 12:35:07.355 Df Pinr[96326:1506d9] [com.apple.CFNetwork:Default] TCP Conn 0x6000033055e0 complete. fd: -1, err: 61
2026-01-02 12:35:07.355 E  Pinr[96326:1506d9] [com.apple.CFNetwork:Default] TCP Conn 0x6000033055e0 Failed : error 0:61 [61]
2026-01-02 12:35:07.356 Df Pinr[96326:14fe5e] [com.apple.CFNetwork:Default] TCP Conn 0x6000033055e0 canceled
2026-01-02 12:35:07.356 E  Pinr[96326:150a55] [com.apple.network:connection] nw_connection_copy_protocol_metadata_internal_block_invoke [C25] Client called nw_connection_copy_protocol_metadata_internal on unconnected nw_connection
2026-01-02 12:35:07.356 E  Pinr[96326:150a55] [com.apple.network:connection] nw_connection_copy_protocol_metadata_internal_block_invoke [C25] Client called nw_connection_copy_protocol_metadata_internal on unconnected nw_connection
2026-01-02 12:35:07.356 E  Pinr[96326:150a55] [com.apple.network:connection] nw_connection_copy_connected_local_endpoint_block_invoke [C25] Client called nw_connection_copy_connected_local_endpoint on unconnected nw_connection
2026-01-02 12:35:07.356 E  Pinr[96326:150a55] [com.apple.network:connection] nw_connection_copy_connected_remote_endpoint_block_invoke [C25] Client called nw_connection_copy_connected_remote_endpoint on unconnected nw_connection
2026-01-02 12:35:07.356 Df Pinr[96326:150a55] [com.apple.network:connection] [C25 5C0FEB0B-6314-4846-B049-E2CAED827A49 IPv4#94c3d87e:8081 tcp, legacy-socket, definite, attribution: developer] cancelled
	[C25 C75F3667-38B1-4337-ADDD-3A767E4B6212 <NULL><-><NULL>]
	Connected Path: (null)
	Privacy Stance: Not Eligible
	Duration: 0.011s, TCP @0.002s took 0.000s
2026-01-02 12:35:07.356 Df Pinr[96326:150a55] [com.apple.network:connection] nw_connection_report_state_with_handler_on_nw_queue [C25] reporting state cancelled error Connection refused
2026-01-02 12:35:07.356 Df Pinr[96326:150a55] [com.apple.network:connection] [C26 2E7FC1A4-B1CA-4713-876E-C4D823A9B7A4 IPv4#94c3d87e:8081 tcp, legacy-socket, definite, attribution: developer] cancel
2026-01-02 12:35:07.357 E  Pinr[96326:150a55] [com.apple.network:connection] nw_connection_copy_protocol_metadata_internal_block_invoke [C26] Client called nw_connection_copy_protocol_metadata_internal on unconnected nw_connection
2026-01-02 12:35:07.357 E  Pinr[96326:150a55] [com.apple.network:connection] nw_connection_copy_protocol_metadata_internal_block_invoke [C26] Client called nw_connection_copy_protocol_metadata_internal on unconnected nw_connection
2026-01-02 12:35:07.357 E  Pinr[96326:150a55] [com.apple.network:connection] nw_connection_copy_connected_local_endpoint_block_invoke [C26] Client called nw_connection_copy_connected_local_endpoint on unconnected nw_connection
2026-01-02 12:35:07.357 E  Pinr[96326:150a55] [com.apple.network:connection] nw_connection_copy_connected_remote_endpoint_block_invoke [C26] Client called nw_connection_copy_connected_remote_endpoint on unconnected nw_connection
2026-01-02 12:35:07.357 Df Pinr[96326:150a55] [com.apple.network:connection] [C26 2E7FC1A4-B1CA-4713-876E-C4D823A9B7A4 IPv4#94c3d87e:8081 tcp, legacy-socket, definite, attribution: developer] cancelled
	[C26 C75F3667-38B1-4337-ADDD-3A767E4B6212 <NULL><-><NULL>]
	Connected Path: (null)
	Privacy Stance: Not Eligible
	Duration: 0.009s, TCP @0.001s took 0.000s
2026-01-02 12:35:07.358 Df Pinr[96326:150a55] [com.apple.network:connection] nw_connection_report_state_with_handler_on_nw_queue [C26] reporting state cancelled error Connection refused
2026-01-02 12:35:07.358 E  Pinr[96326:150a55] [com.apple.network:connection] nw_endpoint_flow_failed_with_error [C27 IPv4#94c3d87e:8081 in_progress socket-flow (satisfied (Path is satisfied), interface: lo0)] already failing, returning
2026-01-02 12:35:07.358 Df Pinr[96326:150a55] [com.apple.network:connection] [C27 IPv4#94c3d87e:8081 failed socket-flow (satisfied (Path is satisfied), interface: lo0)] event: flow:failed_connect @0.008s, error Connection refused
2026-01-02 12:35:07.358 Df Pinr[96326:150a55] [com.apple.network:connection] nw_connection_report_state_with_handler_on_nw_queue [C27] reporting state failed error Connection refused
2026-01-02 12:35:07.358 Df Pinr[96326:150b40] [com.apple.CFNetwork:Default] TCP Conn 0x60000331c140 event 3. err: 61
2026-01-02 12:35:07.358 E  Pinr[96326:150b40] [com.apple.network:connection] nw_connection_get_connected_socket_block_invoke [C27] Client called nw_connection_get_connected_socket on unconnected nw_connection
2026-01-02 12:35:07.358 Df Pinr[96326:150a55] [com.apple.network:connection] nw_endpoint_resolver_update [C28.1 Hostname#e98add38:8081 in_progress resolver (satisfied (Path is satisfied), interface: en0[802.11], uses wifi, LQM: unknown)] Adding endpoint handler for IPv6#fd6075e5.8081
2026-01-02 12:35:07.358 Df Pinr[96326:150b40] [com.apple.CFNetwork:Default] TCP Conn 0x60000331c140 complete. fd: -1, err: 61
2026-01-02 12:35:07.358 Df Pinr[96326:150a55] [com.apple.network:connection] nw_endpoint_resolver_update [C28.1 Hostname#e98add38:8081 in_progress resolver (satisfied (Path is satisfied), interface: en0[802.11], uses wifi, LQM: unknown)] Adding endpoint handler for IPv4#922f71f9:8081
2026-01-02 12:35:07.358 E  Pinr[96326:150b40] [com.apple.CFNetwork:Default] TCP Conn 0x60000331c140 Failed : error 0:61 [61]
2026-01-02 12:35:07.358 Df Pinr[96326:150a55] [com.apple.network:connection] [C28.1 Hostname#e98add38:8081 in_progress resolver (satisfied (Path is satisfied), interface: en0[802.11], uses wifi, LQM: unknown)] event: resolver:receive_dns @0.006s
2026-01-02 12:35:07.358 Df Pinr[96326:14fe5e] [com.apple.CFNetwork:Default] TCP Conn 0x60000331c140 canceled
2026-01-02 12:35:07.358 Df Pinr[96326:150a55] [com.apple.network:connection] [C27 7F13B8DA-75CE-47E0-A12B-D0D7BA6B28E4 IPv4#94c3d87e:8081 tcp, legacy-socket, definite, attribution: developer] cancel
2026-01-02 12:35:07.358 E  Pinr[96326:150a55] [com.apple.network:connection] nw_connection_copy_protocol_metadata_internal_block_invoke [C27] Client called nw_connection_copy_protocol_metadata_internal on unconnected nw_connection
2026-01-02 12:35:07.358 E  Pinr[96326:150a55] [com.apple.network:connection] nw_connection_copy_protocol_metadata_internal_block_invoke [C27] Client called nw_connection_copy_protocol_metadata_internal on unconnected nw_connection
2026-01-02 12:35:07.358 E  Pinr[96326:150a55] [com.apple.network:connection] nw_connection_copy_connected_local_endpoint_block_invoke [C27] Client called nw_connection_copy_connected_local_endpoint on unconnected nw_connection
2026-01-02 12:35:07.358 E  Pinr[96326:150a55] [com.apple.network:connection] nw_connection_copy_connected_remote_endpoint_block_invoke [C27] Client called nw_connection_copy_connected_remote_endpoint on unconnected nw_connection
2026-01-02 12:35:07.359 Df Pinr[96326:150a55] [com.apple.network:connection] [C27 7F13B8DA-75CE-47E0-A12B-D0D7BA6B28E4 IPv4#94c3d87e:8081 tcp, legacy-socket, definite, attribution: developer] cancelled
	[C27 C75F3667-38B1-4337-ADDD-3A767E4B6212 <NULL><-><NULL>]
	Connected Path: (null)
	Privacy Stance: Not Eligible
	Duration: 0.008s, TCP @0.001s took 0.000s
2026-01-02 12:35:07.359 Df Pinr[96326:150a55] [com.apple.network:connection] nw_connection_report_state_with_handler_on_nw_queue [C27] reporting state cancelled error Connection refused
2026-01-02 12:35:07.359 Df Pinr[96326:150a55] [com.apple.network:connection] [C28.1.1 IPv6#fd6075e5.8081 initial path ((null))] event: path:start @0.007s
2026-01-02 12:35:07.359 Df Pinr[96326:150a55] [com.apple.network:connection] [C28.1.1 IPv6#fd6075e5.8081 waiting path (satisfied (Path is satisfied), interface: lo0)] event: path:satisfied @0.007s, uuid: AC550AFA-5227-4E65-8F07-F9D6B6DDE966
2026-01-02 12:35:07.359 Df Pinr[96326:150a55] [com.apple.network:connection] nw_socket_initialize_socket [C28.1.1:1] Not guarding fd 5
2026-01-02 12:35:07.359 Df Pinr[96326:150a55] [com.apple.network:connection] [C28.1.1 IPv6#fd6075e5.8081 in_progress socket-flow (satisfied (Path is satisfied), interface: lo0)] event: flow:start_connect @0.007s
2026-01-02 12:35:07.359 Df Pinr[96326:150a55] [com.apple.network:connection] nw_socket_handle_socket_event [C28.1.1:1] Socket received CONNRESET event
2026-01-02 12:35:07.360 Df Pinr[96326:150a55] [com.apple.network:connection] nw_socket_handle_socket_event [C28.1.1:1] Socket received DISCONNECTED event
2026-01-02 12:35:07.360 E  Pinr[96326:150a55] [com.apple.network:connection] nw_socket_handle_socket_event [C28.1.1:1] Socket SO_ERROR [61: Connection refused]
2026-01-02 12:35:07.360 E  Pinr[96326:150a55] [com.apple.network:connection] nw_endpoint_flow_failed_with_error [C28.1.1 IPv6#fd6075e5.8081 in_progress socket-flow (satisfied (Path is satisfied), interface: lo0)] already failing, returning
2026-01-02 12:35:07.360 Df Pinr[96326:150a55] [com.apple.network:connection] [C28.1.1 IPv6#fd6075e5.8081 failed socket-flow (satisfied (Path is satisfied), interface: lo0)] event: flow:failed_connect @0.008s, error Connection refused
2026-01-02 12:35:07.360 Df Pinr[96326:150a55] [com.apple.network:connection] [C28.1.2 IPv4#922f71f9:8081 initial path ((null))] event: path:start @0.008s
2026-01-02 12:35:07.360 Df Pinr[96326:150a55] [com.apple.network:connection] [C28.1.2 IPv4#922f71f9:8081 waiting path (satisfied (Path is satisfied), interface: lo0)] event: path:satisfied @0.008s, uuid: BB6CD1FC-C1FD-4166-B7E2-34EDF7D43B72
2026-01-02 12:35:07.360 Df Pinr[96326:150a55] [com.apple.network:connection] nw_socket_initialize_socket [C28.1.2:1] Not guarding fd 5
2026-01-02 12:35:07.360 Df Pinr[96326:150a55] [com.apple.network:connection] [C28.1.2 IPv4#922f71f9:8081 in_progress socket-flow (satisfied (Path is satisfied), interface: lo0)] event: flow:start_connect @0.008s
2026-01-02 12:35:07.360 Df Pinr[96326:150a55] [com.apple.network:connection] nw_socket_handle_socket_event [C28.1.2:1] Socket received CONNRESET event
2026-01-02 12:35:07.360 Df Pinr[96326:150a55] [com.apple.network:connection] nw_socket_handle_socket_event [C28.1.2:1] Socket received DISCONNECTED event
2026-01-02 12:35:07.360 E  Pinr[96326:150a55] [com.apple.network:connection] nw_socket_handle_socket_event [C28.1.2:1] Socket SO_ERROR [61: Connection refused]
2026-01-02 12:35:07.360 E  Pinr[96326:150a55] [com.apple.network:connection] nw_endpoint_flow_failed_with_error [C28.1.2 IPv4#922f71f9:8081 in_progress socket-flow (satisfied (Path is satisfied), interface: lo0)] already failing, returning
2026-01-02 12:35:07.361 Df Pinr[96326:150a55] [com.apple.network:connection] [C28.1.2 IPv4#922f71f9:8081 failed socket-flow (satisfied (Path is satisfied), interface: lo0)] event: flow:failed_connect @0.008s, error Connection refused
2026-01-02 12:35:07.361 Df Pinr[96326:150a55] [com.apple.network:connection] [C28.1 Hostname#e98add38:8081 failed resolver (satisfied (Path is satisfied), interface: en0[802.11], uses wifi, LQM: unknown)] event: resolver:children_failed @0.009s
2026-01-02 12:35:07.361 E  Pinr[96326:150a55] [com.apple.network:connection] nw_endpoint_flow_failed_with_error [C28.1.2 IPv4#922f71f9:8081 cancelled socket-flow ((null))] already failing, returning
2026-01-02 12:35:07.361 Df Pinr[96326:150a55] [com.apple.network:connection] [C28 Hostname#e98add38:8081 failed parent-flow (satisfied (Path is satisfied), interface: en0[802.11], uses wifi, LQM: unknown)] event: flow:child_failed @0.009s
2026-01-02 12:35:07.361 Df Pinr[96326:150a55] [com.apple.network:connection] nw_connection_report_state_with_handler_on_nw_queue [C28] reporting state failed error Connection refused
2026-01-02 12:35:07.361 Df Pinr[96326:150b40] [com.apple.CFNetwork:Default] TCP Conn 0x60000331c1e0 event 3. err: 61
2026-01-02 12:35:07.361 E  Pinr[96326:150b40] [com.apple.network:connection] nw_connection_get_connected_socket_block_invoke [C28] Client called nw_connection_get_connected_socket on unconnected nw_connection
2026-01-02 12:35:07.361 Df Pinr[96326:150b40] [com.apple.CFNetwork:Default] TCP Conn 0x60000331c1e0 complete. fd: -1, err: 61
2026-01-02 12:35:07.361 E  Pinr[96326:150b40] [com.apple.CFNetwork:Default] TCP Conn 0x60000331c1e0 Failed : error 0:61 [61]
2026-01-02 12:35:07.361 Df Pinr[96326:14fe5e] [com.apple.CFNetwork:Default] TCP Conn 0x60000331c1e0 canceled
2026-01-02 12:35:07.361 Df Pinr[96326:150b40] [com.apple.network:connection] [C28 7689AD97-C491-4FFC-A2AC-AB6F3023D54A Hostname#e98add38:8081 tcp, legacy-socket, definite, attribution: developer] cancel
2026-01-02 12:35:07.361 Df Pinr[96326:150b40] [com.apple.network:connection] [C28 Hostname#e98add38:8081 tcp, legacy-socket, definite, attribution: developer] cancelled
2026-01-02 12:35:07.361 Df Pinr[96326:150b40] [com.apple.network:connection] nw_connection_report_state_with_handler_on_nw_queue [C28] reporting state cancelled error Connection refused
2026-01-02 12:35:09.442 Df Pinr[96326:14fe36] [com.apple.CFNetwork:Default] TCP Conn [29:0x600003305d60] using empty proxy configuration
2026-01-02 12:35:09.442 Df Pinr[96326:14fe36] [com.apple.CFNetwork:Default] Stream client bypassing proxies on TCP Conn [29:0x600003305d60]
2026-01-02 12:35:09.442 Df Pinr[96326:14fe36] [com.apple.CFNetwork:Default] TCP Conn 0x600003305d60 started
2026-01-02 12:35:09.443 Df Pinr[96326:150b40] [com.apple.network:connection] [C29 0D976A0C-A2E7-44D3-9682-790AF4B7DC9C IPv4#94c3d87e:8081 tcp, definite, attribution: developer, context: Default Network Context (private), proc: 4483FB6A-19BA-3153-8945-882B738685CB, delegated upid: 0, no proxy, prohibit fallback, allow socket access] start
2026-01-02 12:35:09.443 Df Pinr[96326:150b40] [com.apple.network:connection] [C29 IPv4#94c3d87e:8081 initial parent-flow ((null))] event: path:start @0.000s
2026-01-02 12:35:09.443 Df Pinr[96326:150b40] [com.apple.network:connection] [C29 IPv4#94c3d87e:8081 waiting parent-flow (satisfied (Path is satisfied), interface: lo0)] event: path:satisfied @0.000s, uuid: C75F3667-38B1-4337-ADDD-3A767E4B6212
2026-01-02 12:35:09.443 Df Pinr[96326:14fe36] [com.apple.CFNetwork:Default] TCP Conn [30:0x600003320be0] using empty proxy configuration
2026-01-02 12:35:09.443 Df Pinr[96326:14fe36] [com.apple.CFNetwork:Default] Stream client bypassing proxies on TCP Conn [30:0x600003320be0]
2026-01-02 12:35:09.444 Df Pinr[96326:14fe36] [com.apple.CFNetwork:Default] TCP Conn 0x600003320be0 started
2026-01-02 12:35:09.444 Df Pinr[96326:14fe36] [com.apple.CFNetwork:Default] TCP Conn [31:0x600003320b40] using empty proxy configuration
2026-01-02 12:35:09.444 Df Pinr[96326:150b40] [com.apple.network:connection] nw_socket_initialize_socket [C29:1] Not guarding fd 5
2026-01-02 12:35:09.444 Df Pinr[96326:14fe36] [com.apple.CFNetwork:Default] Stream client bypassing proxies on TCP Conn [31:0x600003320b40]
2026-01-02 12:35:09.444 Df Pinr[96326:14fe36] [com.apple.CFNetwork:Default] TCP Conn 0x600003320b40 started
2026-01-02 12:35:09.444 Df Pinr[96326:150b40] [com.apple.network:connection] [C29 IPv4#94c3d87e:8081 in_progress socket-flow (satisfied (Path is satisfied), interface: lo0)] event: flow:start_connect @0.001s
2026-01-02 12:35:09.445 Df Pinr[96326:150b40] [com.apple.network:connection] nw_connection_report_state_with_handler_on_nw_queue [C29] reporting state preparing
2026-01-02 12:35:09.445 Df Pinr[96326:14fe36] [com.apple.CFNetwork:Default] TCP Conn [32:0x600003320d20] using empty proxy configuration
2026-01-02 12:35:09.445 Df Pinr[96326:14fe36] [com.apple.CFNetwork:Default] Stream client bypassing proxies on TCP Conn [32:0x600003320d20]
2026-01-02 12:35:09.445 Df Pinr[96326:14fe36] [com.apple.CFNetwork:Default] TCP Conn 0x600003320d20 started
2026-01-02 12:35:09.445 Df Pinr[96326:150b40] [com.apple.network:connection] [C30 283BD0C5-B5CB-46F2-BE06-3E88818DB29E IPv4#94c3d87e:8081 tcp, definite, attribution: developer, context: Default Network Context (private), proc: 4483FB6A-19BA-3153-8945-882B738685CB, delegated upid: 0, no proxy, prohibit fallback, allow socket access] start
2026-01-02 12:35:09.445 Df Pinr[96326:150b40] [com.apple.network:connection] [C30 IPv4#94c3d87e:8081 initial parent-flow ((null))] event: path:start @0.000s
2026-01-02 12:35:09.445 Df Pinr[96326:150b40] [com.apple.network:connection] [C30 IPv4#94c3d87e:8081 waiting parent-flow (satisfied (Path is satisfied), interface: lo0)] event: path:satisfied @0.000s, uuid: C75F3667-38B1-4337-ADDD-3A767E4B6212
2026-01-02 12:35:09.446 Df Pinr[96326:150b40] [com.apple.network:connection] nw_socket_initialize_socket [C30:1] Not guarding fd 8
2026-01-02 12:35:09.446 Df Pinr[96326:150b40] [com.apple.network:connection] [C30 IPv4#94c3d87e:8081 in_progress socket-flow (satisfied (Path is satisfied), interface: lo0)] event: flow:start_connect @0.000s
2026-01-02 12:35:09.446 Df Pinr[96326:150b40] [com.apple.network:connection] nw_connection_report_state_with_handler_on_nw_queue [C30] reporting state preparing
2026-01-02 12:35:09.446 Df Pinr[96326:150b40] [com.apple.network:connection] [C31 27E976CF-6161-403D-BA71-726E53639148 IPv4#94c3d87e:8081 tcp, definite, attribution: developer, context: Default Network Context (private), proc: 4483FB6A-19BA-3153-8945-882B738685CB, delegated upid: 0, no proxy, prohibit fallback, allow socket access] start
2026-01-02 12:35:09.446 Df Pinr[96326:150b40] [com.apple.network:connection] [C31 IPv4#94c3d87e:8081 initial parent-flow ((null))] event: path:start @0.000s
2026-01-02 12:35:09.446 Df Pinr[96326:150b40] [com.apple.network:connection] [C31 IPv4#94c3d87e:8081 waiting parent-flow (satisfied (Path is satisfied), interface: lo0)] event: path:satisfied @0.000s, uuid: C75F3667-38B1-4337-ADDD-3A767E4B6212
2026-01-02 12:35:09.446 Df Pinr[96326:150b40] [com.apple.network:connection] nw_socket_initialize_socket [C31:1] Not guarding fd 18
2026-01-02 12:35:09.446 Df Pinr[96326:150b40] [com.apple.network:connection] [C31 IPv4#94c3d87e:8081 in_progress socket-flow (satisfied (Path is satisfied), interface: lo0)] event: flow:start_connect @0.000s
2026-01-02 12:35:09.446 Df Pinr[96326:150b40] [com.apple.network:connection] nw_connection_report_state_with_handler_on_nw_queue [C31] reporting state preparing
2026-01-02 12:35:09.447 Df Pinr[96326:150b40] [com.apple.network:connection] [C32 D367EE6E-441D-43EB-89AB-58A9669CD7B8 Hostname#e98add38:8081 tcp, definite, attribution: developer, context: Default Network Context (private), proc: 4483FB6A-19BA-3153-8945-882B738685CB, delegated upid: 0, no proxy, prohibit fallback, allow socket access] start
2026-01-02 12:35:09.447 Df Pinr[96326:150b40] [com.apple.network:connection] [C32 Hostname#e98add38:8081 initial parent-flow ((null))] event: path:start @0.000s
2026-01-02 12:35:09.447 Df Pinr[96326:150b40] [com.apple.network:connection] [C32 Hostname#e98add38:8081 waiting parent-flow (satisfied (Path is satisfied), interface: en0[802.11], uses wifi, LQM: unknown)] event: path:satisfied @0.000s, uuid: E3252CF6-2864-4510-85B3-B66007262AB5
2026-01-02 12:35:09.447 Df Pinr[96326:150b40] [com.apple.network:connection] [C32 Hostname#e98add38:8081 in_progress parent-flow (satisfied (Path is satisfied), interface: en0[802.11], uses wifi, LQM: unknown)] event: flow:start_connect @0.000s
2026-01-02 12:35:09.447 Df Pinr[96326:150b40] [com.apple.network:connection] nw_connection_report_state_with_handler_on_nw_queue [C32] reporting state preparing
2026-01-02 12:35:09.447 Df Pinr[96326:150b40] [com.apple.network:connection] [C32 Hostname#e98add38:8081 in_progress parent-flow (satisfied (Path is satisfied), interface: en0[802.11], uses wifi, LQM: unknown)] event: flow:start_child @0.000s
2026-01-02 12:35:09.447 Df Pinr[96326:150b40] [com.apple.network:connection] [C32.1 Hostname#e98add38:8081 initial path ((null))] event: path:start @0.000s
2026-01-02 12:35:09.447 Df Pinr[96326:150b40] [com.apple.network:connection] [C32.1 Hostname#e98add38:8081 waiting path (satisfied (Path is satisfied), interface: en0[802.11], uses wifi, LQM: unknown)] event: path:satisfied @0.000s, uuid: E3252CF6-2864-4510-85B3-B66007262AB5
2026-01-02 12:35:09.447 Df Pinr[96326:150b40] [com.apple.network:connection] [C32.1 Hostname#e98add38:8081 in_progress resolver (satisfied (Path is satisfied), interface: en0[802.11], uses wifi, LQM: unknown)] event: resolver:start_dns @0.000s
2026-01-02 12:35:09.448 Df Pinr[96326:150b40] [com.apple.network:connection] nw_socket_handle_socket_event [C29:1] Socket received CONNRESET event
2026-01-02 12:35:09.448 Df Pinr[96326:150b40] [com.apple.network:connection] nw_socket_handle_socket_event [C29:1] Socket received DISCONNECTED event
2026-01-02 12:35:09.448 E  Pinr[96326:150b40] [com.apple.network:connection] nw_socket_handle_socket_event [C29:1] Socket SO_ERROR [61: Connection refused]
2026-01-02 12:35:09.448 Df Pinr[96326:150b40] [com.apple.network:connection] nw_socket_handle_socket_event [C30:1] Socket received CONNRESET event
2026-01-02 12:35:09.448 Df Pinr[96326:150b40] [com.apple.network:connection] nw_socket_handle_socket_event [C30:1] Socket received DISCONNECTED event
2026-01-02 12:35:09.448 E  Pinr[96326:150b40] [com.apple.network:connection] nw_socket_handle_socket_event [C30:1] Socket SO_ERROR [61: Connection refused]
2026-01-02 12:35:09.448 Df Pinr[96326:150b40] [com.apple.network:connection] nw_socket_handle_socket_event [C31:1] Socket received CONNRESET event
2026-01-02 12:35:09.448 Df Pinr[96326:150b40] [com.apple.network:connection] nw_socket_handle_socket_event [C31:1] Socket received DISCONNECTED event
2026-01-02 12:35:09.448 E  Pinr[96326:150b40] [com.apple.network:connection] nw_socket_handle_socket_event [C31:1] Socket SO_ERROR [61: Connection refused]
2026-01-02 12:35:09.449 E  Pinr[96326:150b40] [com.apple.network:connection] nw_endpoint_flow_failed_with_error [C29 IPv4#94c3d87e:8081 in_progress socket-flow (satisfied (Path is satisfied), interface: lo0)] already failing, returning
2026-01-02 12:35:09.449 Df Pinr[96326:150b40] [com.apple.network:connection] [C29 IPv4#94c3d87e:8081 failed socket-flow (satisfied (Path is satisfied), interface: lo0)] event: flow:failed_connect @0.005s, error Connection refused
2026-01-02 12:35:09.449 Df Pinr[96326:150b40] [com.apple.network:connection] nw_connection_report_state_with_handler_on_nw_queue [C29] reporting state failed error Connection refused
2026-01-02 12:35:09.449 Df Pinr[96326:150a55] [com.apple.CFNetwork:Default] TCP Conn 0x600003305d60 event 3. err: 61
2026-01-02 12:35:09.449 E  Pinr[96326:150a55] [com.apple.network:connection] nw_connection_get_connected_socket_block_invoke [C29] Client called nw_connection_get_connected_socket on unconnected nw_connection
2026-01-02 12:35:09.449 E  Pinr[96326:150b40] [com.apple.network:connection] nw_endpoint_flow_failed_with_error [C30 IPv4#94c3d87e:8081 in_progress socket-flow (satisfied (Path is satisfied), interface: lo0)] already failing, returning
2026-01-02 12:35:09.449 Df Pinr[96326:150a55] [com.apple.CFNetwork:Default] TCP Conn 0x600003305d60 complete. fd: -1, err: 61
2026-01-02 12:35:09.449 E  Pinr[96326:150a55] [com.apple.CFNetwork:Default] TCP Conn 0x600003305d60 Failed : error 0:61 [61]
2026-01-02 12:35:09.449 Df Pinr[96326:14fe5e] [com.apple.CFNetwork:Default] TCP Conn 0x600003305d60 canceled
2026-01-02 12:35:09.449 Df Pinr[96326:150b40] [com.apple.network:connection] [C30 IPv4#94c3d87e:8081 failed socket-flow (satisfied (Path is satisfied), interface: lo0)] event: flow:failed_connect @0.003s, error Connection refused
2026-01-02 12:35:09.449 Df Pinr[96326:150b40] [com.apple.network:connection] nw_connection_report_state_with_handler_on_nw_queue [C30] reporting state failed error Connection refused
2026-01-02 12:35:09.449 Df Pinr[96326:150a55] [com.apple.CFNetwork:Default] TCP Conn 0x600003320be0 event 3. err: 61
2026-01-02 12:35:09.449 Df Pinr[96326:150b40] [com.apple.network:connection] [C29 0D976A0C-A2E7-44D3-9682-790AF4B7DC9C IPv4#94c3d87e:8081 tcp, legacy-socket, definite, attribution: developer] cancel
2026-01-02 12:35:09.449 E  Pinr[96326:150a55] [com.apple.network:connection] nw_connection_get_connected_socket_block_invoke [C30] Client called nw_connection_get_connected_socket on unconnected nw_connection
2026-01-02 12:35:09.449 Df Pinr[96326:150a55] [com.apple.CFNetwork:Default] TCP Conn 0x600003320be0 complete. fd: -1, err: 61
2026-01-02 12:35:09.449 E  Pinr[96326:150a55] [com.apple.CFNetwork:Default] TCP Conn 0x600003320be0 Failed : error 0:61 [61]
2026-01-02 12:35:09.449 Df Pinr[96326:14fe5e] [com.apple.CFNetwork:Default] TCP Conn 0x600003320be0 canceled
2026-01-02 12:35:09.449 E  Pinr[96326:150b40] [com.apple.network:connection] nw_connection_copy_protocol_metadata_internal_block_invoke [C29] Client called nw_connection_copy_protocol_metadata_internal on unconnected nw_connection
2026-01-02 12:35:09.449 E  Pinr[96326:150b40] [com.apple.network:connection] nw_connection_copy_protocol_metadata_internal_block_invoke [C29] Client called nw_connection_copy_protocol_metadata_internal on unconnected nw_connection
2026-01-02 12:35:09.449 E  Pinr[96326:150b40] [com.apple.network:connection] nw_connection_copy_connected_local_endpoint_block_invoke [C29] Client called nw_connection_copy_connected_local_endpoint on unconnected nw_connection
2026-01-02 12:35:09.450 E  Pinr[96326:150b40] [com.apple.network:connection] nw_connection_copy_connected_remote_endpoint_block_invoke [C29] Client called nw_connection_copy_connected_remote_endpoint on unconnected nw_connection
2026-01-02 12:35:09.450 Df Pinr[96326:150b40] [com.apple.network:connection] [C29 0D976A0C-A2E7-44D3-9682-790AF4B7DC9C IPv4#94c3d87e:8081 tcp, legacy-socket, definite, attribution: developer] cancelled
	[C29 C75F3667-38B1-4337-ADDD-3A767E4B6212 <NULL><-><NULL>]
	Connected Path: (null)
	Privacy Stance: Not Eligible
	Duration: 0.006s, TCP @0.001s took 0.000s
2026-01-02 12:35:09.450 Df Pinr[96326:150b40] [com.apple.network:connection] nw_connection_report_state_with_handler_on_nw_queue [C29] reporting state cancelled error Connection refused
2026-01-02 12:35:09.450 Df Pinr[96326:150b40] [com.apple.network:connection] [C30 283BD0C5-B5CB-46F2-BE06-3E88818DB29E IPv4#94c3d87e:8081 tcp, legacy-socket, definite, attribution: developer] cancel
2026-01-02 12:35:09.450 E  Pinr[96326:150b40] [com.apple.network:connection] nw_connection_copy_protocol_metadata_internal_block_invoke [C30] Client called nw_connection_copy_protocol_metadata_internal on unconnected nw_connection
2026-01-02 12:35:09.450 E  Pinr[96326:150b40] [com.apple.network:connection] nw_connection_copy_protocol_metadata_internal_block_invoke [C30] Client called nw_connection_copy_protocol_metadata_internal on unconnected nw_connection
2026-01-02 12:35:09.450 E  Pinr[96326:150b40] [com.apple.network:connection] nw_connection_copy_connected_local_endpoint_block_invoke [C30] Client called nw_connection_copy_connected_local_endpoint on unconnected nw_connection
2026-01-02 12:35:09.450 E  Pinr[96326:150b40] [com.apple.network:connection] nw_connection_copy_connected_remote_endpoint_block_invoke [C30] Client called nw_connection_copy_connected_remote_endpoint on unconnected nw_connection
2026-01-02 12:35:09.450 Df Pinr[96326:150b40] [com.apple.network:connection] [C30 283BD0C5-B5CB-46F2-BE06-3E88818DB29E IPv4#94c3d87e:8081 tcp, legacy-socket, definite, attribution: developer] cancelled
	[C30 C75F3667-38B1-4337-ADDD-3A767E4B6212 <NULL><-><NULL>]
	Connected Path: (null)
	Privacy Stance: Not Eligible
	Duration: 0.004s, TCP @0.000s took 0.000s
2026-01-02 12:35:09.450 Df Pinr[96326:150b40] [com.apple.network:connection] nw_connection_report_state_with_handler_on_nw_queue [C30] reporting state cancelled error Connection refused
2026-01-02 12:35:09.450 E  Pinr[96326:150b40] [com.apple.network:connection] nw_endpoint_flow_failed_with_error [C31 IPv4#94c3d87e:8081 in_progress socket-flow (satisfied (Path is satisfied), interface: lo0)] already failing, returning
2026-01-02 12:35:09.450 Df Pinr[96326:150b40] [com.apple.network:connection] [C31 IPv4#94c3d87e:8081 failed socket-flow (satisfied (Path is satisfied), interface: lo0)] event: flow:failed_connect @0.004s, error Connection refused
2026-01-02 12:35:09.450 Df Pinr[96326:150b40] [com.apple.network:connection] nw_connection_report_state_with_handler_on_nw_queue [C31] reporting state failed error Connection refused
2026-01-02 12:35:09.451 Df Pinr[96326:150a55] [com.apple.CFNetwork:Default] TCP Conn 0x600003320b40 event 3. err: 61
2026-01-02 12:35:09.451 Df Pinr[96326:150b40] [com.apple.network:connection] nw_endpoint_resolver_update [C32.1 Hostname#e98add38:8081 in_progress resolver (satisfied (Path is satisfied), interface: en0[802.11], uses wifi, LQM: unknown)] Adding endpoint handler for IPv6#fd6075e5.8081
2026-01-02 12:35:09.451 E  Pinr[96326:150a55] [com.apple.network:connection] nw_connection_get_connected_socket_block_invoke [C31] Client called nw_connection_get_connected_socket on unconnected nw_connection
2026-01-02 12:35:09.451 Df Pinr[96326:150a55] [com.apple.CFNetwork:Default] TCP Conn 0x600003320b40 complete. fd: -1, err: 61
2026-01-02 12:35:09.451 E  Pinr[96326:150a55] [com.apple.CFNetwork:Default] TCP Conn 0x600003320b40 Failed : error 0:61 [61]
2026-01-02 12:35:09.451 Df Pinr[96326:14fe5e] [com.apple.CFNetwork:Default] TCP Conn 0x600003320b40 canceled
2026-01-02 12:35:09.451 Df Pinr[96326:150b40] [com.apple.network:connection] nw_endpoint_resolver_update [C32.1 Hostname#e98add38:8081 in_progress resolver (satisfied (Path is satisfied), interface: en0[802.11], uses wifi, LQM: unknown)] Adding endpoint handler for IPv4#922f71f9:8081
2026-01-02 12:35:09.451 Df Pinr[96326:150b40] [com.apple.network:connection] [C32.1 Hostname#e98add38:8081 in_progress resolver (satisfied (Path is satisfied), interface: en0[802.11], uses wifi, LQM: unknown)] event: resolver:receive_dns @0.004s
2026-01-02 12:35:09.451 Df Pinr[96326:150b40] [com.apple.network:connection] [C31 27E976CF-6161-403D-BA71-726E53639148 IPv4#94c3d87e:8081 tcp, legacy-socket, definite, attribution: developer] cancel
2026-01-02 12:35:09.451 E  Pinr[96326:150b40] [com.apple.network:connection] nw_connection_copy_protocol_metadata_internal_block_invoke [C31] Client called nw_connection_copy_protocol_metadata_internal on unconnected nw_connection
2026-01-02 12:35:09.451 E  Pinr[96326:150b40] [com.apple.network:connection] nw_connection_copy_protocol_metadata_internal_block_invoke [C31] Client called nw_connection_copy_protocol_metadata_internal on unconnected nw_connection
2026-01-02 12:35:09.451 E  Pinr[96326:150b40] [com.apple.network:connection] nw_connection_copy_connected_local_endpoint_block_invoke [C31] Client called nw_connection_copy_connected_local_endpoint on unconnected nw_connection
2026-01-02 12:35:09.451 E  Pinr[96326:150b40] [com.apple.network:connection] nw_connection_copy_connected_remote_endpoint_block_invoke [C31] Client called nw_connection_copy_connected_remote_endpoint on unconnected nw_connection
2026-01-02 12:35:09.451 Df Pinr[96326:150b40] [com.apple.network:connection] [C31 27E976CF-6161-403D-BA71-726E53639148 IPv4#94c3d87e:8081 tcp, legacy-socket, definite, attribution: developer] cancelled
	[C31 C75F3667-38B1-4337-ADDD-3A767E4B6212 <NULL><-><NULL>]
	Connected Path: (null)
	Privacy Stance: Not Eligible
	Duration: 0.005s, TCP @0.000s took 0.000s
2026-01-02 12:35:09.451 Df Pinr[96326:150b40] [com.apple.network:connection] nw_connection_report_state_with_handler_on_nw_queue [C31] reporting state cancelled error Connection refused
2026-01-02 12:35:09.452 Df Pinr[96326:150b40] [com.apple.network:connection] [C32.1.1 IPv6#fd6075e5.8081 initial path ((null))] event: path:start @0.004s
2026-01-02 12:35:09.452 Df Pinr[96326:150b40] [com.apple.network:connection] [C32.1.1 IPv6#fd6075e5.8081 waiting path (satisfied (Path is satisfied), interface: lo0)] event: path:satisfied @0.005s, uuid: AC550AFA-5227-4E65-8F07-F9D6B6DDE966
2026-01-02 12:35:09.452 Df Pinr[96326:150b40] [com.apple.network:connection] nw_socket_initialize_socket [C32.1.1:1] Not guarding fd 5
2026-01-02 12:35:09.452 Df Pinr[96326:150b40] [com.apple.network:connection] [C32.1.1 IPv6#fd6075e5.8081 in_progress socket-flow (satisfied (Path is satisfied), interface: lo0)] event: flow:start_connect @0.005s
2026-01-02 12:35:09.452 Df Pinr[96326:150b40] [com.apple.network:connection] nw_socket_handle_socket_event [C32.1.1:1] Socket received CONNRESET event
2026-01-02 12:35:09.452 Df Pinr[96326:150b40] [com.apple.network:connection] nw_socket_handle_socket_event [C32.1.1:1] Socket received DISCONNECTED event
2026-01-02 12:35:09.452 E  Pinr[96326:150b40] [com.apple.network:connection] nw_socket_handle_socket_event [C32.1.1:1] Socket SO_ERROR [61: Connection refused]
