2026-01-02 12:35:36.733 Df Pinr[96326:150b41] [com.apple.network:connection] [C84.1 Hostname#e98add38:8081 waiting path (satisfied (Path is satisfied), interface: en0[802.11], uses wifi, LQM: unknown)] event: path:satisfied @0.000s, uuid: E3252CF6-2864-4510-85B3-B66007262AB5
2026-01-02 12:35:36.733 Df Pinr[96326:150b41] [com.apple.network:connection] [C84.1 Hostname#e98add38:8081 in_progress resolver (satisfied (Path is satisfied), interface: en0[802.11], uses wifi, LQM: unknown)] event: resolver:start_dns @0.000s
2026-01-02 12:35:36.734 Df Pinr[96326:150b41] [com.apple.network:connection] nw_socket_handle_socket_event [C81:1] Socket received CONNRESET event
2026-01-02 12:35:36.734 Df Pinr[96326:150b41] [com.apple.network:connection] nw_socket_handle_socket_event [C81:1] Socket received DISCONNECTED event
2026-01-02 12:35:36.734 E  Pinr[96326:150b41] [com.apple.network:connection] nw_socket_handle_socket_event [C81:1] Socket SO_ERROR [61: Connection refused]
2026-01-02 12:35:36.734 Df Pinr[96326:150b41] [com.apple.network:connection] nw_socket_handle_socket_event [C82:1] Socket received CONNRESET event
2026-01-02 12:35:36.734 Df Pinr[96326:150b41] [com.apple.network:connection] nw_socket_handle_socket_event [C82:1] Socket received DISCONNECTED event
2026-01-02 12:35:36.734 E  Pinr[96326:150b41] [com.apple.network:connection] nw_socket_handle_socket_event [C82:1] Socket SO_ERROR [61: Connection refused]
2026-01-02 12:35:36.734 Df Pinr[96326:150b41] [com.apple.network:connection] nw_socket_handle_socket_event [C83:1] Socket received CONNRESET event
2026-01-02 12:35:36.734 Df Pinr[96326:150b41] [com.apple.network:connection] nw_socket_handle_socket_event [C83:1] Socket received DISCONNECTED event
2026-01-02 12:35:36.734 E  Pinr[96326:150b41] [com.apple.network:connection] nw_socket_handle_socket_event [C83:1] Socket SO_ERROR [61: Connection refused]
2026-01-02 12:35:36.734 E  Pinr[96326:150b41] [com.apple.network:connection] nw_endpoint_flow_failed_with_error [C81 IPv4#94c3d87e:8081 in_progress socket-flow (satisfied (Path is satisfied), interface: lo0)] already failing, returning
2026-01-02 12:35:36.734 Df Pinr[96326:150b41] [com.apple.network:connection] [C81 IPv4#94c3d87e:8081 failed socket-flow (satisfied (Path is satisfied), interface: lo0)] event: flow:failed_connect @0.004s, error Connection refused
2026-01-02 12:35:36.734 Df Pinr[96326:150b41] [com.apple.network:connection] nw_connection_report_state_with_handler_on_nw_queue [C81] reporting state failed error Connection refused
2026-01-02 12:35:36.734 Df Pinr[96326:1506d9] [com.apple.CFNetwork:Default] TCP Conn 0x600003305540 event 3. err: 61
2026-01-02 12:35:36.734 E  Pinr[96326:1506d9] [com.apple.network:connection] nw_connection_get_connected_socket_block_invoke [C81] Client called nw_connection_get_connected_socket on unconnected nw_connection
2026-01-02 12:35:36.734 Df Pinr[96326:1506d9] [com.apple.CFNetwork:Default] TCP Conn 0x600003305540 complete. fd: -1, err: 61
2026-01-02 12:35:36.734 E  Pinr[96326:1506d9] [com.apple.CFNetwork:Default] TCP Conn 0x600003305540 Failed : error 0:61 [61]
2026-01-02 12:35:36.734 Df Pinr[96326:14fe5e] [com.apple.CFNetwork:Default] TCP Conn 0x600003305540 canceled
2026-01-02 12:35:36.734 Df Pinr[96326:150b41] [com.apple.network:connection] [C81 1CA77CFD-EADD-4115-B9B4-CABFDAC255FF IPv4#94c3d87e:8081 tcp, legacy-socket, definite, attribution: developer] cancel
2026-01-02 12:35:36.734 E  Pinr[96326:150b41] [com.apple.network:connection] nw_connection_copy_protocol_metadata_internal_block_invoke [C81] Client called nw_connection_copy_protocol_metadata_internal on unconnected nw_connection
2026-01-02 12:35:36.734 E  Pinr[96326:150b41] [com.apple.network:connection] nw_connection_copy_protocol_metadata_internal_block_invoke [C81] Client called nw_connection_copy_protocol_metadata_internal on unconnected nw_connection
2026-01-02 12:35:36.735 E  Pinr[96326:150b41] [com.apple.network:connection] nw_connection_copy_connected_local_endpoint_block_invoke [C81] Client called nw_connection_copy_connected_local_endpoint on unconnected nw_connection
2026-01-02 12:35:36.735 E  Pinr[96326:150b41] [com.apple.network:connection] nw_connection_copy_connected_remote_endpoint_block_invoke [C81] Client called nw_connection_copy_connected_remote_endpoint on unconnected nw_connection
2026-01-02 12:35:36.735 Df Pinr[96326:150b41] [com.apple.network:connection] [C81 1CA77CFD-EADD-4115-B9B4-CABFDAC255FF IPv4#94c3d87e:8081 tcp, legacy-socket, definite, attribution: developer] cancelled
	[C81 C75F3667-38B1-4337-ADDD-3A767E4B6212 <NULL><-><NULL>]
	Connected Path: (null)
	Privacy Stance: Not Eligible
	Duration: 0.004s, TCP @0.000s took 0.000s
2026-01-02 12:35:36.735 Df Pinr[96326:150b41] [com.apple.network:connection] nw_connection_report_state_with_handler_on_nw_queue [C81] reporting state cancelled error Connection refused
2026-01-02 12:35:36.735 E  Pinr[96326:150b41] [com.apple.network:connection] nw_endpoint_flow_failed_with_error [C82 IPv4#94c3d87e:8081 in_progress socket-flow (satisfied (Path is satisfied), interface: lo0)] already failing, returning
2026-01-02 12:35:36.735 Df Pinr[96326:150b41] [com.apple.network:connection] [C82 IPv4#94c3d87e:8081 failed socket-flow (satisfied (Path is satisfied), interface: lo0)] event: flow:failed_connect @0.003s, error Connection refused
2026-01-02 12:35:36.735 Df Pinr[96326:150b41] [com.apple.network:connection] nw_connection_report_state_with_handler_on_nw_queue [C82] reporting state failed error Connection refused
2026-01-02 12:35:36.735 Df Pinr[96326:1506d9] [com.apple.CFNetwork:Default] TCP Conn 0x600003320c80 event 3. err: 61
2026-01-02 12:35:36.735 E  Pinr[96326:1506d9] [com.apple.network:connection] nw_connection_get_connected_socket_block_invoke [C82] Client called nw_connection_get_connected_socket on unconnected nw_connection
2026-01-02 12:35:36.735 E  Pinr[96326:150b41] [com.apple.network:connection] nw_endpoint_flow_failed_with_error [C83 IPv4#94c3d87e:8081 in_progress socket-flow (satisfied (Path is satisfied), interface: lo0)] already failing, returning
2026-01-02 12:35:36.735 Df Pinr[96326:1506d9] [com.apple.CFNetwork:Default] TCP Conn 0x600003320c80 complete. fd: -1, err: 61
2026-01-02 12:35:36.735 E  Pinr[96326:1506d9] [com.apple.CFNetwork:Default] TCP Conn 0x600003320c80 Failed : error 0:61 [61]
2026-01-02 12:35:36.735 Df Pinr[96326:14fe5e] [com.apple.CFNetwork:Default] TCP Conn 0x600003320c80 canceled
2026-01-02 12:35:36.735 Df Pinr[96326:150b41] [com.apple.network:connection] [C83 IPv4#94c3d87e:8081 failed socket-flow (satisfied (Path is satisfied), interface: lo0)] event: flow:failed_connect @0.002s, error Connection refused
2026-01-02 12:35:36.735 Df Pinr[96326:150b41] [com.apple.network:connection] nw_connection_report_state_with_handler_on_nw_queue [C83] reporting state failed error Connection refused
2026-01-02 12:35:36.735 Df Pinr[96326:1506d9] [com.apple.CFNetwork:Default] TCP Conn 0x60000331c320 event 3. err: 61
2026-01-02 12:35:36.735 Df Pinr[96326:150b41] [com.apple.network:connection] [C82 CF6959C4-4D8C-4B14-AB3E-3C86FB180C4F IPv4#94c3d87e:8081 tcp, legacy-socket, definite, attribution: developer] cancel
2026-01-02 12:35:36.735 E  Pinr[96326:1506d9] [com.apple.network:connection] nw_connection_get_connected_socket_block_invoke [C83] Client called nw_connection_get_connected_socket on unconnected nw_connection
2026-01-02 12:35:36.735 Df Pinr[96326:1506d9] [com.apple.CFNetwork:Default] TCP Conn 0x60000331c320 complete. fd: -1, err: 61
2026-01-02 12:35:36.735 E  Pinr[96326:1506d9] [com.apple.CFNetwork:Default] TCP Conn 0x60000331c320 Failed : error 0:61 [61]
2026-01-02 12:35:36.736 Df Pinr[96326:14fe5e] [com.apple.CFNetwork:Default] TCP Conn 0x60000331c320 canceled
2026-01-02 12:35:36.736 E  Pinr[96326:150b41] [com.apple.network:connection] nw_connection_copy_protocol_metadata_internal_block_invoke [C82] Client called nw_connection_copy_protocol_metadata_internal on unconnected nw_connection
2026-01-02 12:35:36.736 E  Pinr[96326:150b41] [com.apple.network:connection] nw_connection_copy_protocol_metadata_internal_block_invoke [C82] Client called nw_connection_copy_protocol_metadata_internal on unconnected nw_connection
2026-01-02 12:35:36.736 E  Pinr[96326:150b41] [com.apple.network:connection] nw_connection_copy_connected_local_endpoint_block_invoke [C82] Client called nw_connection_copy_connected_local_endpoint on unconnected nw_connection
2026-01-02 12:35:36.736 E  Pinr[96326:150b41] [com.apple.network:connection] nw_connection_copy_connected_remote_endpoint_block_invoke [C82] Client called nw_connection_copy_connected_remote_endpoint on unconnected nw_connection
2026-01-02 12:35:36.736 Df Pinr[96326:150b41] [com.apple.network:connection] [C82 CF6959C4-4D8C-4B14-AB3E-3C86FB180C4F IPv4#94c3d87e:8081 tcp, legacy-socket, definite, attribution: developer] cancelled
	[C82 C75F3667-38B1-4337-ADDD-3A767E4B6212 <NULL><-><NULL>]
	Connected Path: (null)
	Privacy Stance: Not Eligible
	Duration: 0.004s, TCP @0.000s took 0.000s
2026-01-02 12:35:36.736 Df Pinr[96326:150b41] [com.apple.network:connection] nw_connection_report_state_with_handler_on_nw_queue [C82] reporting state cancelled error Connection refused
2026-01-02 12:35:36.736 Df Pinr[96326:150b41] [com.apple.network:connection] [C83 B9F9BB44-9452-4A81-BC7F-0A06DE09F815 IPv4#94c3d87e:8081 tcp, legacy-socket, definite, attribution: developer] cancel
2026-01-02 12:35:36.736 E  Pinr[96326:150b41] [com.apple.network:connection] nw_connection_copy_protocol_metadata_internal_block_invoke [C83] Client called nw_connection_copy_protocol_metadata_internal on unconnected nw_connection
2026-01-02 12:35:36.736 E  Pinr[96326:150b41] [com.apple.network:connection] nw_connection_copy_protocol_metadata_internal_block_invoke [C83] Client called nw_connection_copy_protocol_metadata_internal on unconnected nw_connection
2026-01-02 12:35:36.736 E  Pinr[96326:150b41] [com.apple.network:connection] nw_connection_copy_connected_local_endpoint_block_invoke [C83] Client called nw_connection_copy_connected_local_endpoint on unconnected nw_connection
2026-01-02 12:35:36.736 E  Pinr[96326:150b41] [com.apple.network:connection] nw_connection_copy_connected_remote_endpoint_block_invoke [C83] Client called nw_connection_copy_connected_remote_endpoint on unconnected nw_connection
2026-01-02 12:35:36.736 Df Pinr[96326:150b41] [com.apple.network:connection] [C83 B9F9BB44-9452-4A81-BC7F-0A06DE09F815 IPv4#94c3d87e:8081 tcp, legacy-socket, definite, attribution: developer] cancelled
	[C83 C75F3667-38B1-4337-ADDD-3A767E4B6212 <NULL><-><NULL>]
	Connected Path: (null)
	Privacy Stance: Not Eligible
	Duration: 0.003s, TCP @0.000s took 0.000s
2026-01-02 12:35:36.736 Df Pinr[96326:150b41] [com.apple.network:connection] nw_connection_report_state_with_handler_on_nw_queue [C83] reporting state cancelled error Connection refused
2026-01-02 12:35:36.736 Df Pinr[96326:150b41] [com.apple.network:connection] nw_endpoint_resolver_update [C84.1 Hostname#e98add38:8081 in_progress resolver (satisfied (Path is satisfied), interface: en0[802.11], uses wifi, LQM: unknown)] Adding endpoint handler for IPv6#fd6075e5.8081
2026-01-02 12:35:36.737 Df Pinr[96326:150b41] [com.apple.network:connection] nw_endpoint_resolver_update [C84.1 Hostname#e98add38:8081 in_progress resolver (satisfied (Path is satisfied), interface: en0[802.11], uses wifi, LQM: unknown)] Adding endpoint handler for IPv4#922f71f9:8081
2026-01-02 12:35:36.737 Df Pinr[96326:150b41] [com.apple.network:connection] [C84.1 Hostname#e98add38:8081 in_progress resolver (satisfied (Path is satisfied), interface: en0[802.11], uses wifi, LQM: unknown)] event: resolver:receive_dns @0.003s
2026-01-02 12:35:36.737 Df Pinr[96326:150b41] [com.apple.network:connection] [C84.1.1 IPv6#fd6075e5.8081 initial path ((null))] event: path:start @0.003s
2026-01-02 12:35:36.737 Df Pinr[96326:150b41] [com.apple.network:connection] [C84.1.1 IPv6#fd6075e5.8081 waiting path (satisfied (Path is satisfied), interface: lo0)] event: path:satisfied @0.003s, uuid: AC550AFA-5227-4E65-8F07-F9D6B6DDE966
2026-01-02 12:35:36.737 Df Pinr[96326:150b41] [com.apple.network:connection] nw_socket_initialize_socket [C84.1.1:1] Not guarding fd 5
2026-01-02 12:35:36.737 Df Pinr[96326:150b41] [com.apple.network:connection] [C84.1.1 IPv6#fd6075e5.8081 in_progress socket-flow (satisfied (Path is satisfied), interface: lo0)] event: flow:start_connect @0.004s
2026-01-02 12:35:36.737 Df Pinr[96326:150b41] [com.apple.network:connection] nw_socket_handle_socket_event [C84.1.1:1] Socket received CONNRESET event
2026-01-02 12:35:36.737 Df Pinr[96326:150b41] [com.apple.network:connection] nw_socket_handle_socket_event [C84.1.1:1] Socket received DISCONNECTED event
2026-01-02 12:35:36.737 E  Pinr[96326:150b41] [com.apple.network:connection] nw_socket_handle_socket_event [C84.1.1:1] Socket SO_ERROR [61: Connection refused]
2026-01-02 12:35:36.737 E  Pinr[96326:150b41] [com.apple.network:connection] nw_endpoint_flow_failed_with_error [C84.1.1 IPv6#fd6075e5.8081 in_progress socket-flow (satisfied (Path is satisfied), interface: lo0)] already failing, returning
2026-01-02 12:35:36.737 Df Pinr[96326:150b41] [com.apple.network:connection] [C84.1.1 IPv6#fd6075e5.8081 failed socket-flow (satisfied (Path is satisfied), interface: lo0)] event: flow:failed_connect @0.004s, error Connection refused
2026-01-02 12:35:36.737 Df Pinr[96326:150b41] [com.apple.network:connection] [C84.1.2 IPv4#922f71f9:8081 initial path ((null))] event: path:start @0.004s
2026-01-02 12:35:36.737 Df Pinr[96326:150b41] [com.apple.network:connection] [C84.1.2 IPv4#922f71f9:8081 waiting path (satisfied (Path is satisfied), interface: lo0)] event: path:satisfied @0.004s, uuid: BB6CD1FC-C1FD-4166-B7E2-34EDF7D43B72
2026-01-02 12:35:36.738 Df Pinr[96326:150b41] [com.apple.network:connection] nw_socket_initialize_socket [C84.1.2:1] Not guarding fd 5
2026-01-02 12:35:36.738 Df Pinr[96326:150b41] [com.apple.network:connection] [C84.1.2 IPv4#922f71f9:8081 in_progress socket-flow (satisfied (Path is satisfied), interface: lo0)] event: flow:start_connect @0.004s
2026-01-02 12:35:36.738 Df Pinr[96326:150b41] [com.apple.network:connection] nw_socket_handle_socket_event [C84.1.2:1] Socket received CONNRESET event
2026-01-02 12:35:36.738 Df Pinr[96326:150b41] [com.apple.network:connection] nw_socket_handle_socket_event [C84.1.2:1] Socket received DISCONNECTED event
2026-01-02 12:35:36.738 E  Pinr[96326:150b41] [com.apple.network:connection] nw_socket_handle_socket_event [C84.1.2:1] Socket SO_ERROR [61: Connection refused]
2026-01-02 12:35:36.738 E  Pinr[96326:150b41] [com.apple.network:connection] nw_endpoint_flow_failed_with_error [C84.1.2 IPv4#922f71f9:8081 in_progress socket-flow (satisfied (Path is satisfied), interface: lo0)] already failing, returning
2026-01-02 12:35:36.738 Df Pinr[96326:150b41] [com.apple.network:connection] [C84.1.2 IPv4#922f71f9:8081 failed socket-flow (satisfied (Path is satisfied), interface: lo0)] event: flow:failed_connect @0.004s, error Connection refused
2026-01-02 12:35:36.738 Df Pinr[96326:150b41] [com.apple.network:connection] [C84.1 Hostname#e98add38:8081 failed resolver (satisfied (Path is satisfied), interface: en0[802.11], uses wifi, LQM: unknown)] event: resolver:children_failed @0.005s
2026-01-02 12:35:36.738 E  Pinr[96326:150b41] [com.apple.network:connection] nw_endpoint_flow_failed_with_error [C84.1.2 IPv4#922f71f9:8081 cancelled socket-flow ((null))] already failing, returning
2026-01-02 12:35:36.738 Df Pinr[96326:150b41] [com.apple.network:connection] [C84 Hostname#e98add38:8081 failed parent-flow (satisfied (Path is satisfied), interface: en0[802.11], uses wifi, LQM: unknown)] event: flow:child_failed @0.005s
2026-01-02 12:35:36.738 Df Pinr[96326:150b41] [com.apple.network:connection] nw_connection_report_state_with_handler_on_nw_queue [C84] reporting state failed error Connection refused
2026-01-02 12:35:36.738 Df Pinr[96326:1506d9] [com.apple.CFNetwork:Default] TCP Conn 0x6000033543c0 event 3. err: 61
2026-01-02 12:35:36.738 E  Pinr[96326:1506d9] [com.apple.network:connection] nw_connection_get_connected_socket_block_invoke [C84] Client called nw_connection_get_connected_socket on unconnected nw_connection
2026-01-02 12:35:36.738 Df Pinr[96326:1506d9] [com.apple.CFNetwork:Default] TCP Conn 0x6000033543c0 complete. fd: -1, err: 61
2026-01-02 12:35:36.738 E  Pinr[96326:1506d9] [com.apple.CFNetwork:Default] TCP Conn 0x6000033543c0 Failed : error 0:61 [61]
2026-01-02 12:35:36.738 Df Pinr[96326:14fe5e] [com.apple.CFNetwork:Default] TCP Conn 0x6000033543c0 canceled
2026-01-02 12:35:36.738 Df Pinr[96326:1506d9] [com.apple.network:connection] [C84 A883A3A3-4C6B-43F6-962D-8970E6615A4C Hostname#e98add38:8081 tcp, legacy-socket, definite, attribution: developer] cancel
2026-01-02 12:35:36.739 Df Pinr[96326:1506d9] [com.apple.network:connection] [C84 Hostname#e98add38:8081 tcp, legacy-socket, definite, attribution: developer] cancelled
2026-01-02 12:35:36.739 Df Pinr[96326:1506d9] [com.apple.network:connection] nw_connection_report_state_with_handler_on_nw_queue [C84] reporting state cancelled error Connection refused
2026-01-02 12:35:38.761 Df Pinr[96326:14fe36] [com.apple.CFNetwork:Default] TCP Conn [85:0x600003320be0] using empty proxy configuration
2026-01-02 12:35:38.761 Df Pinr[96326:14fe36] [com.apple.CFNetwork:Default] Stream client bypassing proxies on TCP Conn [85:0x600003320be0]
2026-01-02 12:35:38.761 Df Pinr[96326:14fe36] [com.apple.CFNetwork:Default] TCP Conn 0x600003320be0 started
2026-01-02 12:35:38.761 Df Pinr[96326:150b41] [com.apple.network:connection] [C85 28DF2B3C-F4DA-49A6-B181-4531BCF12B83 IPv4#94c3d87e:8081 tcp, definite, attribution: developer, context: Default Network Context (private), proc: 4483FB6A-19BA-3153-8945-882B738685CB, delegated upid: 0, no proxy, prohibit fallback, allow socket access] start
2026-01-02 12:35:38.761 Df Pinr[96326:150b41] [com.apple.network:connection] [C85 IPv4#94c3d87e:8081 initial parent-flow ((null))] event: path:start @0.000s
2026-01-02 12:35:38.761 Df Pinr[96326:150b41] [com.apple.network:connection] [C85 IPv4#94c3d87e:8081 waiting parent-flow (satisfied (Path is satisfied), interface: lo0)] event: path:satisfied @0.000s, uuid: C75F3667-38B1-4337-ADDD-3A767E4B6212
2026-01-02 12:35:38.761 Df Pinr[96326:14fe36] [com.apple.CFNetwork:Default] TCP Conn [86:0x6000033201e0] using empty proxy configuration
2026-01-02 12:35:38.762 Df Pinr[96326:14fe36] [com.apple.CFNetwork:Default] Stream client bypassing proxies on TCP Conn [86:0x6000033201e0]
2026-01-02 12:35:38.762 Df Pinr[96326:14fe36] [com.apple.CFNetwork:Default] TCP Conn 0x6000033201e0 started
2026-01-02 12:35:38.762 Df Pinr[96326:150b41] [com.apple.network:connection] nw_socket_initialize_socket [C85:1] Not guarding fd 5
2026-01-02 12:35:38.762 Df Pinr[96326:150b41] [com.apple.network:connection] [C85 IPv4#94c3d87e:8081 in_progress socket-flow (satisfied (Path is satisfied), interface: lo0)] event: flow:start_connect @0.000s
2026-01-02 12:35:38.762 Df Pinr[96326:14fe36] [com.apple.CFNetwork:Default] TCP Conn [87:0x6000033541e0] using empty proxy configuration
2026-01-02 12:35:38.762 Df Pinr[96326:150b41] [com.apple.network:connection] nw_connection_report_state_with_handler_on_nw_queue [C85] reporting state preparing
2026-01-02 12:35:38.762 Df Pinr[96326:14fe36] [com.apple.CFNetwork:Default] Stream client bypassing proxies on TCP Conn [87:0x6000033541e0]
2026-01-02 12:35:38.762 Df Pinr[96326:14fe36] [com.apple.CFNetwork:Default] TCP Conn 0x6000033541e0 started
2026-01-02 12:35:38.763 Df Pinr[96326:14fe36] [com.apple.CFNetwork:Default] TCP Conn [88:0x600003354320] using empty proxy configuration
2026-01-02 12:35:38.763 Df Pinr[96326:150b41] [com.apple.network:connection] [C86 63356C32-5057-4414-B42C-93B5188E7B22 IPv4#94c3d87e:8081 tcp, definite, attribution: developer, context: Default Network Context (private), proc: 4483FB6A-19BA-3153-8945-882B738685CB, delegated upid: 0, no proxy, prohibit fallback, allow socket access] start
2026-01-02 12:35:38.763 Df Pinr[96326:14fe36] [com.apple.CFNetwork:Default] Stream client bypassing proxies on TCP Conn [88:0x600003354320]
2026-01-02 12:35:38.763 Df Pinr[96326:14fe36] [com.apple.CFNetwork:Default] TCP Conn 0x600003354320 started
2026-01-02 12:35:38.763 Df Pinr[96326:150b41] [com.apple.network:connection] [C86 IPv4#94c3d87e:8081 initial parent-flow ((null))] event: path:start @0.000s
2026-01-02 12:35:38.763 Df Pinr[96326:150b41] [com.apple.network:connection] [C86 IPv4#94c3d87e:8081 waiting parent-flow (satisfied (Path is satisfied), interface: lo0)] event: path:satisfied @0.000s, uuid: C75F3667-38B1-4337-ADDD-3A767E4B6212
2026-01-02 12:35:38.763 Df Pinr[96326:150b41] [com.apple.network:connection] nw_socket_initialize_socket [C86:1] Not guarding fd 8
2026-01-02 12:35:38.763 Df Pinr[96326:150b41] [com.apple.network:connection] [C86 IPv4#94c3d87e:8081 in_progress socket-flow (satisfied (Path is satisfied), interface: lo0)] event: flow:start_connect @0.000s
2026-01-02 12:35:38.763 Df Pinr[96326:150b41] [com.apple.network:connection] nw_connection_report_state_with_handler_on_nw_queue [C86] reporting state preparing
2026-01-02 12:35:38.763 Df Pinr[96326:150b41] [com.apple.network:connection] [C87 9EBB437A-D167-43A6-8809-BEDE65EDCB22 IPv4#94c3d87e:8081 tcp, definite, attribution: developer, context: Default Network Context (private), proc: 4483FB6A-19BA-3153-8945-882B738685CB, delegated upid: 0, no proxy, prohibit fallback, allow socket access] start
2026-01-02 12:35:38.763 Df Pinr[96326:150b41] [com.apple.network:connection] [C87 IPv4#94c3d87e:8081 initial parent-flow ((null))] event: path:start @0.000s
2026-01-02 12:35:38.763 Df Pinr[96326:150b41] [com.apple.network:connection] [C87 IPv4#94c3d87e:8081 waiting parent-flow (satisfied (Path is satisfied), interface: lo0)] event: path:satisfied @0.000s, uuid: C75F3667-38B1-4337-ADDD-3A767E4B6212
2026-01-02 12:35:38.764 Df Pinr[96326:150b41] [com.apple.network:connection] nw_socket_initialize_socket [C87:1] Not guarding fd 18
2026-01-02 12:35:38.764 Df Pinr[96326:150b41] [com.apple.network:connection] [C87 IPv4#94c3d87e:8081 in_progress socket-flow (satisfied (Path is satisfied), interface: lo0)] event: flow:start_connect @0.000s
2026-01-02 12:35:38.764 Df Pinr[96326:150b41] [com.apple.network:connection] nw_connection_report_state_with_handler_on_nw_queue [C87] reporting state preparing
2026-01-02 12:35:38.764 Df Pinr[96326:150b41] [com.apple.network:connection] [C88 2B6E76D2-9D2F-498E-A733-A0E0D241C4AC Hostname#e98add38:8081 tcp, definite, attribution: developer, context: Default Network Context (private), proc: 4483FB6A-19BA-3153-8945-882B738685CB, delegated upid: 0, no proxy, prohibit fallback, allow socket access] start
2026-01-02 12:35:38.764 Df Pinr[96326:150b41] [com.apple.network:connection] [C88 Hostname#e98add38:8081 initial parent-flow ((null))] event: path:start @0.000s
2026-01-02 12:35:38.764 Df Pinr[96326:150b41] [com.apple.network:connection] [C88 Hostname#e98add38:8081 waiting parent-flow (satisfied (Path is satisfied), interface: en0[802.11], uses wifi, LQM: unknown)] event: path:satisfied @0.000s, uuid: E3252CF6-2864-4510-85B3-B66007262AB5
2026-01-02 12:35:38.764 Df Pinr[96326:150b41] [com.apple.network:connection] [C88 Hostname#e98add38:8081 in_progress parent-flow (satisfied (Path is satisfied), interface: en0[802.11], uses wifi, LQM: unknown)] event: flow:start_connect @0.000s
2026-01-02 12:35:38.764 Df Pinr[96326:150b41] [com.apple.network:connection] nw_connection_report_state_with_handler_on_nw_queue [C88] reporting state preparing
2026-01-02 12:35:38.764 Df Pinr[96326:150b41] [com.apple.network:connection] [C88 Hostname#e98add38:8081 in_progress parent-flow (satisfied (Path is satisfied), interface: en0[802.11], uses wifi, LQM: unknown)] event: flow:start_child @0.000s
2026-01-02 12:35:38.764 Df Pinr[96326:150b41] [com.apple.network:connection] [C88.1 Hostname#e98add38:8081 initial path ((null))] event: path:start @0.000s
2026-01-02 12:35:38.764 Df Pinr[96326:150b41] [com.apple.network:connection] [C88.1 Hostname#e98add38:8081 waiting path (satisfied (Path is satisfied), interface: en0[802.11], uses wifi, LQM: unknown)] event: path:satisfied @0.000s, uuid: E3252CF6-2864-4510-85B3-B66007262AB5
2026-01-02 12:35:38.764 Df Pinr[96326:150b41] [com.apple.network:connection] [C88.1 Hostname#e98add38:8081 in_progress resolver (satisfied (Path is satisfied), interface: en0[802.11], uses wifi, LQM: unknown)] event: resolver:start_dns @0.000s
2026-01-02 12:35:38.765 Df Pinr[96326:150b41] [com.apple.network:connection] nw_socket_handle_socket_event [C85:1] Socket received CONNRESET event
2026-01-02 12:35:38.765 Df Pinr[96326:150b41] [com.apple.network:connection] nw_socket_handle_socket_event [C85:1] Socket received DISCONNECTED event
2026-01-02 12:35:38.765 E  Pinr[96326:150b41] [com.apple.network:connection] nw_socket_handle_socket_event [C85:1] Socket SO_ERROR [61: Connection refused]
2026-01-02 12:35:38.765 Df Pinr[96326:150b41] [com.apple.network:connection] nw_socket_handle_socket_event [C86:1] Socket received CONNRESET event
2026-01-02 12:35:38.765 Df Pinr[96326:150b41] [com.apple.network:connection] nw_socket_handle_socket_event [C86:1] Socket received DISCONNECTED event
2026-01-02 12:35:38.765 E  Pinr[96326:150b41] [com.apple.network:connection] nw_socket_handle_socket_event [C86:1] Socket SO_ERROR [61: Connection refused]
2026-01-02 12:35:38.765 Df Pinr[96326:150b41] [com.apple.network:connection] nw_socket_handle_socket_event [C87:1] Socket received CONNRESET event
2026-01-02 12:35:38.765 Df Pinr[96326:150b41] [com.apple.network:connection] nw_socket_handle_socket_event [C87:1] Socket received DISCONNECTED event
2026-01-02 12:35:38.765 E  Pinr[96326:150b41] [com.apple.network:connection] nw_socket_handle_socket_event [C87:1] Socket SO_ERROR [61: Connection refused]
2026-01-02 12:35:38.765 E  Pinr[96326:150b41] [com.apple.network:connection] nw_endpoint_flow_failed_with_error [C85 IPv4#94c3d87e:8081 in_progress socket-flow (satisfied (Path is satisfied), interface: lo0)] already failing, returning
2026-01-02 12:35:38.765 Df Pinr[96326:150b41] [com.apple.network:connection] [C85 IPv4#94c3d87e:8081 failed socket-flow (satisfied (Path is satisfied), interface: lo0)] event: flow:failed_connect @0.003s, error Connection refused
2026-01-02 12:35:38.765 Df Pinr[96326:150b41] [com.apple.network:connection] nw_connection_report_state_with_handler_on_nw_queue [C85] reporting state failed error Connection refused
2026-01-02 12:35:38.765 Df Pinr[96326:150ca3] [com.apple.CFNetwork:Default] TCP Conn 0x600003320be0 event 3. err: 61
2026-01-02 12:35:38.765 E  Pinr[96326:150ca3] [com.apple.network:connection] nw_connection_get_connected_socket_block_invoke [C85] Client called nw_connection_get_connected_socket on unconnected nw_connection
2026-01-02 12:35:38.765 Df Pinr[96326:150ca3] [com.apple.CFNetwork:Default] TCP Conn 0x600003320be0 complete. fd: -1, err: 61
2026-01-02 12:35:38.765 E  Pinr[96326:150ca3] [com.apple.CFNetwork:Default] TCP Conn 0x600003320be0 Failed : error 0:61 [61]
2026-01-02 12:35:38.765 Df Pinr[96326:14fe5e] [com.apple.CFNetwork:Default] TCP Conn 0x600003320be0 canceled
2026-01-02 12:35:38.765 Df Pinr[96326:150b41] [com.apple.network:connection] [C85 28DF2B3C-F4DA-49A6-B181-4531BCF12B83 IPv4#94c3d87e:8081 tcp, legacy-socket, definite, attribution: developer] cancel
2026-01-02 12:35:38.765 E  Pinr[96326:150b41] [com.apple.network:connection] nw_connection_copy_protocol_metadata_internal_block_invoke [C85] Client called nw_connection_copy_protocol_metadata_internal on unconnected nw_connection
2026-01-02 12:35:38.765 E  Pinr[96326:150b41] [com.apple.network:connection] nw_connection_copy_protocol_metadata_internal_block_invoke [C85] Client called nw_connection_copy_protocol_metadata_internal on unconnected nw_connection
2026-01-02 12:35:38.765 E  Pinr[96326:150b41] [com.apple.network:connection] nw_connection_copy_connected_local_endpoint_block_invoke [C85] Client called nw_connection_copy_connected_local_endpoint on unconnected nw_connection
2026-01-02 12:35:38.766 E  Pinr[96326:150b41] [com.apple.network:connection] nw_connection_copy_connected_remote_endpoint_block_invoke [C85] Client called nw_connection_copy_connected_remote_endpoint on unconnected nw_connection
2026-01-02 12:35:38.766 Df Pinr[96326:150b41] [com.apple.network:connection] [C85 28DF2B3C-F4DA-49A6-B181-4531BCF12B83 IPv4#94c3d87e:8081 tcp, legacy-socket, definite, attribution: developer] cancelled
	[C85 C75F3667-38B1-4337-ADDD-3A767E4B6212 <NULL><-><NULL>]
	Connected Path: (null)
	Privacy Stance: Not Eligible
	Duration: 0.004s, TCP @0.000s took 0.000s
2026-01-02 12:35:38.766 Df Pinr[96326:150b41] [com.apple.network:connection] nw_connection_report_state_with_handler_on_nw_queue [C85] reporting state cancelled error Connection refused
2026-01-02 12:35:38.766 E  Pinr[96326:150b41] [com.apple.network:connection] nw_endpoint_flow_failed_with_error [C86 IPv4#94c3d87e:8081 in_progress socket-flow (satisfied (Path is satisfied), interface: lo0)] already failing, returning
2026-01-02 12:35:38.766 Df Pinr[96326:150b41] [com.apple.network:connection] [C86 IPv4#94c3d87e:8081 failed socket-flow (satisfied (Path is satisfied), interface: lo0)] event: flow:failed_connect @0.003s, error Connection refused
2026-01-02 12:35:38.766 Df Pinr[96326:150b41] [com.apple.network:connection] nw_connection_report_state_with_handler_on_nw_queue [C86] reporting state failed error Connection refused
2026-01-02 12:35:38.766 Df Pinr[96326:150ca3] [com.apple.CFNetwork:Default] TCP Conn 0x6000033201e0 event 3. err: 61
2026-01-02 12:35:38.766 E  Pinr[96326:150b41] [com.apple.network:connection] nw_endpoint_flow_failed_with_error [C87 IPv4#94c3d87e:8081 in_progress socket-flow (satisfied (Path is satisfied), interface: lo0)] already failing, returning
2026-01-02 12:35:38.766 E  Pinr[96326:150ca3] [com.apple.network:connection] nw_connection_get_connected_socket_block_invoke [C86] Client called nw_connection_get_connected_socket on unconnected nw_connection
2026-01-02 12:35:38.766 Df Pinr[96326:150ca3] [com.apple.CFNetwork:Default] TCP Conn 0x6000033201e0 complete. fd: -1, err: 61
2026-01-02 12:35:38.766 E  Pinr[96326:150ca3] [com.apple.CFNetwork:Default] TCP Conn 0x6000033201e0 Failed : error 0:61 [61]
2026-01-02 12:35:38.766 Df Pinr[96326:14fe5e] [com.apple.CFNetwork:Default] TCP Conn 0x6000033201e0 canceled
2026-01-02 12:35:38.766 Df Pinr[96326:150b41] [com.apple.network:connection] [C87 IPv4#94c3d87e:8081 failed socket-flow (satisfied (Path is satisfied), interface: lo0)] event: flow:failed_connect @0.002s, error Connection refused
2026-01-02 12:35:38.766 Df Pinr[96326:150b41] [com.apple.network:connection] nw_connection_report_state_with_handler_on_nw_queue [C87] reporting state failed error Connection refused
2026-01-02 12:35:38.766 Df Pinr[96326:150ca3] [com.apple.CFNetwork:Default] TCP Conn 0x6000033541e0 event 3. err: 61
2026-01-02 12:35:38.766 Df Pinr[96326:150b41] [com.apple.network:connection] [C86 63356C32-5057-4414-B42C-93B5188E7B22 IPv4#94c3d87e:8081 tcp, legacy-socket, definite, attribution: developer] cancel
2026-01-02 12:35:38.766 E  Pinr[96326:150ca3] [com.apple.network:connection] nw_connection_get_connected_socket_block_invoke [C87] Client called nw_connection_get_connected_socket on unconnected nw_connection
2026-01-02 12:35:38.766 Df Pinr[96326:150ca3] [com.apple.CFNetwork:Default] TCP Conn 0x6000033541e0 complete. fd: -1, err: 61
2026-01-02 12:35:38.767 E  Pinr[96326:150ca3] [com.apple.CFNetwork:Default] TCP Conn 0x6000033541e0 Failed : error 0:61 [61]
2026-01-02 12:35:38.767 Df Pinr[96326:14fe5e] [com.apple.CFNetwork:Default] TCP Conn 0x6000033541e0 canceled
2026-01-02 12:35:38.767 E  Pinr[96326:150b41] [com.apple.network:connection] nw_connection_copy_protocol_metadata_internal_block_invoke [C86] Client called nw_connection_copy_protocol_metadata_internal on unconnected nw_connection
2026-01-02 12:35:38.767 E  Pinr[96326:150b41] [com.apple.network:connection] nw_connection_copy_protocol_metadata_internal_block_invoke [C86] Client called nw_connection_copy_protocol_metadata_internal on unconnected nw_connection
2026-01-02 12:35:38.767 E  Pinr[96326:150b41] [com.apple.network:connection] nw_connection_copy_connected_local_endpoint_block_invoke [C86] Client called nw_connection_copy_connected_local_endpoint on unconnected nw_connection
2026-01-02 12:35:38.767 E  Pinr[96326:150b41] [com.apple.network:connection] nw_connection_copy_connected_remote_endpoint_block_invoke [C86] Client called nw_connection_copy_connected_remote_endpoint on unconnected nw_connection
2026-01-02 12:35:38.767 Df Pinr[96326:150b41] [com.apple.network:connection] [C86 63356C32-5057-4414-B42C-93B5188E7B22 IPv4#94c3d87e:8081 tcp, legacy-socket, definite, attribution: developer] cancelled
	[C86 C75F3667-38B1-4337-ADDD-3A767E4B6212 <NULL><-><NULL>]
	Connected Path: (null)
	Privacy Stance: Not Eligible
	Duration: 0.004s, TCP @0.000s took 0.000s
2026-01-02 12:35:38.767 Df Pinr[96326:150b41] [com.apple.network:connection] nw_connection_report_state_with_handler_on_nw_queue [C86] reporting state cancelled error Connection refused
2026-01-02 12:35:38.767 Df Pinr[96326:150b41] [com.apple.network:connection] [C87 9EBB437A-D167-43A6-8809-BEDE65EDCB22 IPv4#94c3d87e:8081 tcp, legacy-socket, definite, attribution: developer] cancel
2026-01-02 12:35:38.767 E  Pinr[96326:150b41] [com.apple.network:connection] nw_connection_copy_protocol_metadata_internal_block_invoke [C87] Client called nw_connection_copy_protocol_metadata_internal on unconnected nw_connection
2026-01-02 12:35:38.767 E  Pinr[96326:150b41] [com.apple.network:connection] nw_connection_copy_protocol_metadata_internal_block_invoke [C87] Client called nw_connection_copy_protocol_metadata_internal on unconnected nw_connection
2026-01-02 12:35:38.767 E  Pinr[96326:150b41] [com.apple.network:connection] nw_connection_copy_connected_local_endpoint_block_invoke [C87] Client called nw_connection_copy_connected_local_endpoint on unconnected nw_connection
2026-01-02 12:35:38.767 E  Pinr[96326:150b41] [com.apple.network:connection] nw_connection_copy_connected_remote_endpoint_block_invoke [C87] Client called nw_connection_copy_connected_remote_endpoint on unconnected nw_connection
2026-01-02 12:35:38.767 Df Pinr[96326:150b41] [com.apple.network:connection] [C87 9EBB437A-D167-43A6-8809-BEDE65EDCB22 IPv4#94c3d87e:8081 tcp, legacy-socket, definite, attribution: developer] cancelled
	[C87 C75F3667-38B1-4337-ADDD-3A767E4B6212 <NULL><-><NULL>]
	Connected Path: (null)
	Privacy Stance: Not Eligible
	Duration: 0.004s, TCP @0.000s took 0.000s
2026-01-02 12:35:38.767 Df Pinr[96326:150b41] [com.apple.network:connection] nw_connection_report_state_with_handler_on_nw_queue [C87] reporting state cancelled error Connection refused
2026-01-02 12:35:38.768 Df Pinr[96326:150b41] [com.apple.network:connection] nw_endpoint_resolver_update [C88.1 Hostname#e98add38:8081 in_progress resolver (satisfied (Path is satisfied), interface: en0[802.11], uses wifi, LQM: unknown)] Adding endpoint handler for IPv6#fd6075e5.8081
2026-01-02 12:35:38.768 Df Pinr[96326:150b41] [com.apple.network:connection] nw_endpoint_resolver_update [C88.1 Hostname#e98add38:8081 in_progress resolver (satisfied (Path is satisfied), interface: en0[802.11], uses wifi, LQM: unknown)] Adding endpoint handler for IPv4#922f71f9:8081
2026-01-02 12:35:38.768 Df Pinr[96326:150b41] [com.apple.network:connection] [C88.1 Hostname#e98add38:8081 in_progress resolver (satisfied (Path is satisfied), interface: en0[802.11], uses wifi, LQM: unknown)] event: resolver:receive_dns @0.003s
2026-01-02 12:35:38.768 Df Pinr[96326:150b41] [com.apple.network:connection] [C88.1.1 IPv6#fd6075e5.8081 initial path ((null))] event: path:start @0.004s
2026-01-02 12:35:38.768 Df Pinr[96326:150b41] [com.apple.network:connection] [C88.1.1 IPv6#fd6075e5.8081 waiting path (satisfied (Path is satisfied), interface: lo0)] event: path:satisfied @0.004s, uuid: AC550AFA-5227-4E65-8F07-F9D6B6DDE966
2026-01-02 12:35:38.768 Df Pinr[96326:150b41] [com.apple.network:connection] nw_socket_initialize_socket [C88.1.1:1] Not guarding fd 5
2026-01-02 12:35:38.768 Df Pinr[96326:150b41] [com.apple.network:connection] [C88.1.1 IPv6#fd6075e5.8081 in_progress socket-flow (satisfied (Path is satisfied), interface: lo0)] event: flow:start_connect @0.004s
2026-01-02 12:35:38.768 Df Pinr[96326:150b41] [com.apple.network:connection] nw_socket_handle_socket_event [C88.1.1:1] Socket received CONNRESET event
2026-01-02 12:35:38.768 Df Pinr[96326:150b41] [com.apple.network:connection] nw_socket_handle_socket_event [C88.1.1:1] Socket received DISCONNECTED event
2026-01-02 12:35:38.769 E  Pinr[96326:150b41] [com.apple.network:connection] nw_socket_handle_socket_event [C88.1.1:1] Socket SO_ERROR [61: Connection refused]
2026-01-02 12:35:38.769 E  Pinr[96326:150b41] [com.apple.network:connection] nw_endpoint_flow_failed_with_error [C88.1.1 IPv6#fd6075e5.8081 in_progress socket-flow (satisfied (Path is satisfied), interface: lo0)] already failing, returning
2026-01-02 12:35:38.769 Df Pinr[96326:150b41] [com.apple.network:connection] [C88.1.1 IPv6#fd6075e5.8081 failed socket-flow (satisfied (Path is satisfied), interface: lo0)] event: flow:failed_connect @0.004s, error Connection refused
2026-01-02 12:35:38.769 Df Pinr[96326:150b41] [com.apple.network:connection] [C88.1.2 IPv4#922f71f9:8081 initial path ((null))] event: path:start @0.004s
2026-01-02 12:35:38.769 Df Pinr[96326:150b41] [com.apple.network:connection] [C88.1.2 IPv4#922f71f9:8081 waiting path (satisfied (Path is satisfied), interface: lo0)] event: path:satisfied @0.004s, uuid: BB6CD1FC-C1FD-4166-B7E2-34EDF7D43B72
2026-01-02 12:35:38.769 Df Pinr[96326:150b41] [com.apple.network:connection] nw_socket_initialize_socket [C88.1.2:1] Not guarding fd 5
2026-01-02 12:35:38.769 Df Pinr[96326:150b41] [com.apple.network:connection] [C88.1.2 IPv4#922f71f9:8081 in_progress socket-flow (satisfied (Path is satisfied), interface: lo0)] event: flow:start_connect @0.005s
2026-01-02 12:35:38.769 Df Pinr[96326:150b41] [com.apple.network:connection] nw_socket_handle_socket_event [C88.1.2:1] Socket received CONNRESET event
2026-01-02 12:35:38.769 Df Pinr[96326:150b41] [com.apple.network:connection] nw_socket_handle_socket_event [C88.1.2:1] Socket received DISCONNECTED event
2026-01-02 12:35:38.769 E  Pinr[96326:150b41] [com.apple.network:connection] nw_socket_handle_socket_event [C88.1.2:1] Socket SO_ERROR [61: Connection refused]
2026-01-02 12:35:38.769 E  Pinr[96326:150b41] [com.apple.network:connection] nw_endpoint_flow_failed_with_error [C88.1.2 IPv4#922f71f9:8081 in_progress socket-flow (satisfied (Path is satisfied), interface: lo0)] already failing, returning
2026-01-02 12:35:38.769 Df Pinr[96326:150b41] [com.apple.network:connection] [C88.1.2 IPv4#922f71f9:8081 failed socket-flow (satisfied (Path is satisfied), interface: lo0)] event: flow:failed_connect @0.005s, error Connection refused
2026-01-02 12:35:38.769 Df Pinr[96326:150b41] [com.apple.network:connection] [C88.1 Hostname#e98add38:8081 failed resolver (satisfied (Path is satisfied), interface: en0[802.11], uses wifi, LQM: unknown)] event: resolver:children_failed @0.005s
2026-01-02 12:35:38.769 E  Pinr[96326:150b41] [com.apple.network:connection] nw_endpoint_flow_failed_with_error [C88.1.2 IPv4#922f71f9:8081 cancelled socket-flow ((null))] already failing, returning
2026-01-02 12:35:38.770 Df Pinr[96326:150b41] [com.apple.network:connection] [C88 Hostname#e98add38:8081 failed parent-flow (satisfied (Path is satisfied), interface: en0[802.11], uses wifi, LQM: unknown)] event: flow:child_failed @0.005s
2026-01-02 12:35:38.770 Df Pinr[96326:150b41] [com.apple.network:connection] nw_connection_report_state_with_handler_on_nw_queue [C88] reporting state failed error Connection refused
2026-01-02 12:35:38.770 Df Pinr[96326:150b40] [com.apple.CFNetwork:Default] TCP Conn 0x600003354320 event 3. err: 61
2026-01-02 12:35:38.770 E  Pinr[96326:150b40] [com.apple.network:connection] nw_connection_get_connected_socket_block_invoke [C88] Client called nw_connection_get_connected_socket on unconnected nw_connection
2026-01-02 12:35:38.770 Df Pinr[96326:150b40] [com.apple.CFNetwork:Default] TCP Conn 0x600003354320 complete. fd: -1, err: 61
2026-01-02 12:35:38.770 E  Pinr[96326:150b40] [com.apple.CFNetwork:Default] TCP Conn 0x600003354320 Failed : error 0:61 [61]
2026-01-02 12:35:38.770 Df Pinr[96326:14fe5e] [com.apple.CFNetwork:Default] TCP Conn 0x600003354320 canceled
2026-01-02 12:35:38.770 Df Pinr[96326:150b41] [com.apple.network:connection] [C88 2B6E76D2-9D2F-498E-A733-A0E0D241C4AC Hostname#e98add38:8081 tcp, legacy-socket, definite, attribution: developer] cancel
2026-01-02 12:35:38.770 Df Pinr[96326:150b41] [com.apple.network:connection] [C88 Hostname#e98add38:8081 tcp, legacy-socket, definite, attribution: developer] cancelled
2026-01-02 12:35:38.770 Df Pinr[96326:150b41] [com.apple.network:connection] nw_connection_report_state_with_handler_on_nw_queue [C88] reporting state cancelled error Connection refused
2026-01-02 12:35:40.861 Df Pinr[96326:14fe36] [com.apple.CFNetwork:Default] TCP Conn [89:0x6000033201e0] using empty proxy configuration
2026-01-02 12:35:40.861 Df Pinr[96326:14fe36] [com.apple.CFNetwork:Default] Stream client bypassing proxies on TCP Conn [89:0x6000033201e0]
2026-01-02 12:35:40.861 Df Pinr[96326:14fe36] [com.apple.CFNetwork:Default] TCP Conn 0x6000033201e0 started
2026-01-02 12:35:40.862 Df Pinr[96326:150b41] [com.apple.network:connection] [C89 1280F3CC-A363-40CB-8837-9CAAC745DE86 IPv4#94c3d87e:8081 tcp, definite, attribution: developer, context: Default Network Context (private), proc: 4483FB6A-19BA-3153-8945-882B738685CB, delegated upid: 0, no proxy, prohibit fallback, allow socket access] start
2026-01-02 12:35:40.862 Df Pinr[96326:150b41] [com.apple.network:connection] [C89 IPv4#94c3d87e:8081 initial parent-flow ((null))] event: path:start @0.000s
2026-01-02 12:35:40.862 Df Pinr[96326:14fe36] [com.apple.CFNetwork:Default] TCP Conn [90:0x60000331c280] using empty proxy configuration
2026-01-02 12:35:40.862 Df Pinr[96326:150b41] [com.apple.network:connection] [C89 IPv4#94c3d87e:8081 waiting parent-flow (satisfied (Path is satisfied), interface: lo0)] event: path:satisfied @0.000s, uuid: C75F3667-38B1-4337-ADDD-3A767E4B6212
2026-01-02 12:35:40.862 Df Pinr[96326:14fe36] [com.apple.CFNetwork:Default] Stream client bypassing proxies on TCP Conn [90:0x60000331c280]
2026-01-02 12:35:40.863 Df Pinr[96326:14fe36] [com.apple.CFNetwork:Default] TCP Conn 0x60000331c280 started
2026-01-02 12:35:40.863 Df Pinr[96326:14fe36] [com.apple.CFNetwork:Default] TCP Conn [91:0x6000033541e0] using empty proxy configuration
2026-01-02 12:35:40.864 Df Pinr[96326:14fe36] [com.apple.CFNetwork:Default] Stream client bypassing proxies on TCP Conn [91:0x6000033541e0]
2026-01-02 12:35:40.864 Df Pinr[96326:14fe36] [com.apple.CFNetwork:Default] TCP Conn 0x6000033541e0 started
2026-01-02 12:35:40.865 Df Pinr[96326:14fe36] [com.apple.CFNetwork:Default] TCP Conn [92:0x60000331c1e0] using empty proxy configuration
2026-01-02 12:35:40.865 Df Pinr[96326:150b41] [com.apple.network:connection] nw_socket_initialize_socket [C89:1] Not guarding fd 5
2026-01-02 12:35:40.865 Df Pinr[96326:14fe36] [com.apple.CFNetwork:Default] Stream client bypassing proxies on TCP Conn [92:0x60000331c1e0]
2026-01-02 12:35:40.865 Df Pinr[96326:14fe36] [com.apple.CFNetwork:Default] TCP Conn 0x60000331c1e0 started
2026-01-02 12:35:40.865 Df Pinr[96326:150b41] [com.apple.network:connection] [C89 IPv4#94c3d87e:8081 in_progress socket-flow (satisfied (Path is satisfied), interface: lo0)] event: flow:start_connect @0.003s
2026-01-02 12:35:40.865 Df Pinr[96326:150b41] [com.apple.network:connection] nw_connection_report_state_with_handler_on_nw_queue [C89] reporting state preparing
2026-01-02 12:35:40.866 Df Pinr[96326:150b41] [com.apple.network:connection] [C90 12703F85-C0C1-441A-9C72-9DBE39183122 IPv4#94c3d87e:8081 tcp, definite, attribution: developer, context: Default Network Context (private), proc: 4483FB6A-19BA-3153-8945-882B738685CB, delegated upid: 0, no proxy, prohibit fallback, allow socket access] start
2026-01-02 12:35:40.866 Df Pinr[96326:150b41] [com.apple.network:connection] [C90 IPv4#94c3d87e:8081 initial parent-flow ((null))] event: path:start @0.000s
2026-01-02 12:35:40.866 Df Pinr[96326:150b41] [com.apple.network:connection] [C90 IPv4#94c3d87e:8081 waiting parent-flow (satisfied (Path is satisfied), interface: lo0)] event: path:satisfied @0.000s, uuid: C75F3667-38B1-4337-ADDD-3A767E4B6212
2026-01-02 12:35:40.867 Df Pinr[96326:150b41] [com.apple.network:connection] nw_socket_initialize_socket [C90:1] Not guarding fd 8
2026-01-02 12:35:40.867 Df Pinr[96326:150b41] [com.apple.network:connection] [C90 IPv4#94c3d87e:8081 in_progress socket-flow (satisfied (Path is satisfied), interface: lo0)] event: flow:start_connect @0.000s
2026-01-02 12:35:40.867 Df Pinr[96326:150b41] [com.apple.network:connection] nw_connection_report_state_with_handler_on_nw_queue [C90] reporting state preparing
2026-01-02 12:35:40.867 Df Pinr[96326:150b41] [com.apple.network:connection] [C91 68E2EDAE-FF44-4673-BB9D-8FDA3F89DAC4 IPv4#94c3d87e:8081 tcp, definite, attribution: developer, context: Default Network Context (private), proc: 4483FB6A-19BA-3153-8945-882B738685CB, delegated upid: 0, no proxy, prohibit fallback, allow socket access] start
2026-01-02 12:35:40.868 Df Pinr[96326:150b41] [com.apple.network:connection] [C91 IPv4#94c3d87e:8081 initial parent-flow ((null))] event: path:start @0.000s
2026-01-02 12:35:40.868 Df Pinr[96326:150b41] [com.apple.network:connection] [C91 IPv4#94c3d87e:8081 waiting parent-flow (satisfied (Path is satisfied), interface: lo0)] event: path:satisfied @0.000s, uuid: C75F3667-38B1-4337-ADDD-3A767E4B6212
2026-01-02 12:35:40.868 Df Pinr[96326:150b41] [com.apple.network:connection] nw_socket_initialize_socket [C91:1] Not guarding fd 18
2026-01-02 12:35:40.868 Df Pinr[96326:150b41] [com.apple.network:connection] [C91 IPv4#94c3d87e:8081 in_progress socket-flow (satisfied (Path is satisfied), interface: lo0)] event: flow:start_connect @0.000s
2026-01-02 12:35:40.869 Df Pinr[96326:150b41] [com.apple.network:connection] nw_connection_report_state_with_handler_on_nw_queue [C91] reporting state preparing
2026-01-02 12:35:40.869 Df Pinr[96326:150b41] [com.apple.network:connection] [C92 58F1D0B1-553D-4E48-805E-AB2AF1A71A4B Hostname#e98add38:8081 tcp, definite, attribution: developer, context: Default Network Context (private), proc: 4483FB6A-19BA-3153-8945-882B738685CB, delegated upid: 0, no proxy, prohibit fallback, allow socket access] start
2026-01-02 12:35:40.869 Df Pinr[96326:150b41] [com.apple.network:connection] [C92 Hostname#e98add38:8081 initial parent-flow ((null))] event: path:start @0.000s
2026-01-02 12:35:40.869 Df Pinr[96326:150b41] [com.apple.network:connection] [C92 Hostname#e98add38:8081 waiting parent-flow (satisfied (Path is satisfied), interface: en0[802.11], uses wifi, LQM: unknown)] event: path:satisfied @0.000s, uuid: E3252CF6-2864-4510-85B3-B66007262AB5
2026-01-02 12:35:40.869 Df Pinr[96326:150b41] [com.apple.network:connection] [C92 Hostname#e98add38:8081 in_progress parent-flow (satisfied (Path is satisfied), interface: en0[802.11], uses wifi, LQM: unknown)] event: flow:start_connect @0.000s
2026-01-02 12:35:40.869 Df Pinr[96326:150b41] [com.apple.network:connection] nw_connection_report_state_with_handler_on_nw_queue [C92] reporting state preparing
2026-01-02 12:35:40.870 Df Pinr[96326:150b41] [com.apple.network:connection] [C92 Hostname#e98add38:8081 in_progress parent-flow (satisfied (Path is satisfied), interface: en0[802.11], uses wifi, LQM: unknown)] event: flow:start_child @0.000s
2026-01-02 12:35:40.870 Df Pinr[96326:150b41] [com.apple.network:connection] [C92.1 Hostname#e98add38:8081 initial path ((null))] event: path:start @0.000s
2026-01-02 12:35:40.870 Df Pinr[96326:150b41] [com.apple.network:connection] [C92.1 Hostname#e98add38:8081 waiting path (satisfied (Path is satisfied), interface: en0[802.11], uses wifi, LQM: unknown)] event: path:satisfied @0.001s, uuid: E3252CF6-2864-4510-85B3-B66007262AB5
2026-01-02 12:35:40.870 Df Pinr[96326:150b41] [com.apple.network:connection] [C92.1 Hostname#e98add38:8081 in_progress resolver (satisfied (Path is satisfied), interface: en0[802.11], uses wifi, LQM: unknown)] event: resolver:start_dns @0.001s
2026-01-02 12:35:40.871 Df Pinr[96326:150b41] [com.apple.network:connection] nw_socket_handle_socket_event [C89:1] Socket received CONNRESET event
2026-01-02 12:35:40.871 Df Pinr[96326:150b41] [com.apple.network:connection] nw_socket_handle_socket_event [C89:1] Socket received DISCONNECTED event
2026-01-02 12:35:40.871 E  Pinr[96326:150b41] [com.apple.network:connection] nw_socket_handle_socket_event [C89:1] Socket SO_ERROR [61: Connection refused]
2026-01-02 12:35:40.871 Df Pinr[96326:150b41] [com.apple.network:connection] nw_socket_handle_socket_event [C90:1] Socket received CONNRESET event
2026-01-02 12:35:40.871 Df Pinr[96326:150b41] [com.apple.network:connection] nw_socket_handle_socket_event [C90:1] Socket received DISCONNECTED event
2026-01-02 12:35:40.871 E  Pinr[96326:150b41] [com.apple.network:connection] nw_socket_handle_socket_event [C90:1] Socket SO_ERROR [61: Connection refused]
2026-01-02 12:35:40.871 Df Pinr[96326:150b41] [com.apple.network:connection] nw_socket_handle_socket_event [C91:1] Socket received CONNRESET event
2026-01-02 12:35:40.871 Df Pinr[96326:150b41] [com.apple.network:connection] nw_socket_handle_socket_event [C91:1] Socket received DISCONNECTED event
2026-01-02 12:35:40.871 E  Pinr[96326:150b41] [com.apple.network:connection] nw_socket_handle_socket_event [C91:1] Socket SO_ERROR [61: Connection refused]
