2026-01-02 12:35:24.131 Df Pinr[96326:14fe36] [com.apple.CFNetwork:Default] TCP Conn 0x6000033201e0 started
2026-01-02 12:35:24.132 Df Pinr[96326:150b41] [com.apple.network:connection] nw_socket_initialize_socket [C57:1] Not guarding fd 5
2026-01-02 12:35:24.132 Df Pinr[96326:14fe36] [com.apple.CFNetwork:Default] TCP Conn [59:0x600003305540] using empty proxy configuration
2026-01-02 12:35:24.132 Df Pinr[96326:150b41] [com.apple.network:connection] [C57 IPv4#94c3d87e:8081 in_progress socket-flow (satisfied (Path is satisfied), interface: lo0)] event: flow:start_connect @0.001s
2026-01-02 12:35:24.132 Df Pinr[96326:14fe36] [com.apple.CFNetwork:Default] Stream client bypassing proxies on TCP Conn [59:0x600003305540]
2026-01-02 12:35:24.132 Df Pinr[96326:14fe36] [com.apple.CFNetwork:Default] TCP Conn 0x600003305540 started
2026-01-02 12:35:24.133 Df Pinr[96326:150b41] [com.apple.network:connection] nw_connection_report_state_with_handler_on_nw_queue [C57] reporting state preparing
2026-01-02 12:35:24.133 Df Pinr[96326:14fe36] [com.apple.CFNetwork:Default] TCP Conn [60:0x60000331c140] using empty proxy configuration
2026-01-02 12:35:24.133 Df Pinr[96326:14fe36] [com.apple.CFNetwork:Default] Stream client bypassing proxies on TCP Conn [60:0x60000331c140]
2026-01-02 12:35:24.133 Df Pinr[96326:14fe36] [com.apple.CFNetwork:Default] TCP Conn 0x60000331c140 started
2026-01-02 12:35:24.133 Df Pinr[96326:150b41] [com.apple.network:connection] [C58 770D4EF9-F477-41A6-8216-BDCD12ED0334 IPv4#94c3d87e:8081 tcp, definite, attribution: developer, context: Default Network Context (private), proc: 4483FB6A-19BA-3153-8945-882B738685CB, delegated upid: 0, no proxy, prohibit fallback, allow socket access] start
2026-01-02 12:35:24.134 Df Pinr[96326:150b41] [com.apple.network:connection] [C58 IPv4#94c3d87e:8081 initial parent-flow ((null))] event: path:start @0.000s
2026-01-02 12:35:24.134 Df Pinr[96326:150b41] [com.apple.network:connection] [C58 IPv4#94c3d87e:8081 waiting parent-flow (satisfied (Path is satisfied), interface: lo0)] event: path:satisfied @0.000s, uuid: C75F3667-38B1-4337-ADDD-3A767E4B6212
2026-01-02 12:35:24.134 Df Pinr[96326:150b41] [com.apple.network:connection] nw_socket_initialize_socket [C58:1] Not guarding fd 8
2026-01-02 12:35:24.134 Df Pinr[96326:150b41] [com.apple.network:connection] [C58 IPv4#94c3d87e:8081 in_progress socket-flow (satisfied (Path is satisfied), interface: lo0)] event: flow:start_connect @0.000s
2026-01-02 12:35:24.134 Df Pinr[96326:150b41] [com.apple.network:connection] nw_connection_report_state_with_handler_on_nw_queue [C58] reporting state preparing
2026-01-02 12:35:24.134 Df Pinr[96326:150b41] [com.apple.network:connection] [C59 B5F61B87-DBEC-4BD0-BE9C-A38274A5CE18 IPv4#94c3d87e:8081 tcp, definite, attribution: developer, context: Default Network Context (private), proc: 4483FB6A-19BA-3153-8945-882B738685CB, delegated upid: 0, no proxy, prohibit fallback, allow socket access] start
2026-01-02 12:35:24.134 Df Pinr[96326:150b41] [com.apple.network:connection] [C59 IPv4#94c3d87e:8081 initial parent-flow ((null))] event: path:start @0.000s
2026-01-02 12:35:24.134 Df Pinr[96326:150b41] [com.apple.network:connection] [C59 IPv4#94c3d87e:8081 waiting parent-flow (satisfied (Path is satisfied), interface: lo0)] event: path:satisfied @0.000s, uuid: C75F3667-38B1-4337-ADDD-3A767E4B6212
2026-01-02 12:35:24.135 Df Pinr[96326:150b41] [com.apple.network:connection] nw_socket_initialize_socket [C59:1] Not guarding fd 18
2026-01-02 12:35:24.135 Df Pinr[96326:150b41] [com.apple.network:connection] [C59 IPv4#94c3d87e:8081 in_progress socket-flow (satisfied (Path is satisfied), interface: lo0)] event: flow:start_connect @0.000s
2026-01-02 12:35:24.135 Df Pinr[96326:150b41] [com.apple.network:connection] nw_connection_report_state_with_handler_on_nw_queue [C59] reporting state preparing
2026-01-02 12:35:24.135 Df Pinr[96326:150b41] [com.apple.network:connection] [C60 47400DD9-4A9D-486B-AC1D-58F49B6ADE9B Hostname#e98add38:8081 tcp, definite, attribution: developer, context: Default Network Context (private), proc: 4483FB6A-19BA-3153-8945-882B738685CB, delegated upid: 0, no proxy, prohibit fallback, allow socket access] start
2026-01-02 12:35:24.135 Df Pinr[96326:150b41] [com.apple.network:connection] [C60 Hostname#e98add38:8081 initial parent-flow ((null))] event: path:start @0.000s
2026-01-02 12:35:24.135 Df Pinr[96326:150b41] [com.apple.network:connection] [C60 Hostname#e98add38:8081 waiting parent-flow (satisfied (Path is satisfied), interface: en0[802.11], uses wifi, LQM: unknown)] event: path:satisfied @0.000s, uuid: E3252CF6-2864-4510-85B3-B66007262AB5
2026-01-02 12:35:24.135 Df Pinr[96326:150b41] [com.apple.network:connection] [C60 Hostname#e98add38:8081 in_progress parent-flow (satisfied (Path is satisfied), interface: en0[802.11], uses wifi, LQM: unknown)] event: flow:start_connect @0.000s
2026-01-02 12:35:24.135 Df Pinr[96326:150b41] [com.apple.network:connection] nw_connection_report_state_with_handler_on_nw_queue [C60] reporting state preparing
2026-01-02 12:35:24.135 Df Pinr[96326:150b41] [com.apple.network:connection] [C60 Hostname#e98add38:8081 in_progress parent-flow (satisfied (Path is satisfied), interface: en0[802.11], uses wifi, LQM: unknown)] event: flow:start_child @0.000s
2026-01-02 12:35:24.136 Df Pinr[96326:150b41] [com.apple.network:connection] [C60.1 Hostname#e98add38:8081 initial path ((null))] event: path:start @0.000s
2026-01-02 12:35:24.136 Df Pinr[96326:150b41] [com.apple.network:connection] [C60.1 Hostname#e98add38:8081 waiting path (satisfied (Path is satisfied), interface: en0[802.11], uses wifi, LQM: unknown)] event: path:satisfied @0.000s, uuid: E3252CF6-2864-4510-85B3-B66007262AB5
2026-01-02 12:35:24.136 Df Pinr[96326:150b41] [com.apple.network:connection] [C60.1 Hostname#e98add38:8081 in_progress resolver (satisfied (Path is satisfied), interface: en0[802.11], uses wifi, LQM: unknown)] event: resolver:start_dns @0.000s
2026-01-02 12:35:24.136 Df Pinr[96326:150b41] [com.apple.network:connection] nw_socket_handle_socket_event [C57:1] Socket received CONNRESET event
2026-01-02 12:35:24.136 Df Pinr[96326:150b41] [com.apple.network:connection] nw_socket_handle_socket_event [C57:1] Socket received DISCONNECTED event
2026-01-02 12:35:24.136 E  Pinr[96326:150b41] [com.apple.network:connection] nw_socket_handle_socket_event [C57:1] Socket SO_ERROR [61: Connection refused]
2026-01-02 12:35:24.137 Df Pinr[96326:150b41] [com.apple.network:connection] nw_socket_handle_socket_event [C58:1] Socket received CONNRESET event
2026-01-02 12:35:24.137 Df Pinr[96326:150b41] [com.apple.network:connection] nw_socket_handle_socket_event [C58:1] Socket received DISCONNECTED event
2026-01-02 12:35:24.137 E  Pinr[96326:150b41] [com.apple.network:connection] nw_socket_handle_socket_event [C58:1] Socket SO_ERROR [61: Connection refused]
2026-01-02 12:35:24.137 Df Pinr[96326:150b41] [com.apple.network:connection] nw_socket_handle_socket_event [C59:1] Socket received CONNRESET event
2026-01-02 12:35:24.137 Df Pinr[96326:150b41] [com.apple.network:connection] nw_socket_handle_socket_event [C59:1] Socket received DISCONNECTED event
2026-01-02 12:35:24.137 E  Pinr[96326:150b41] [com.apple.network:connection] nw_socket_handle_socket_event [C59:1] Socket SO_ERROR [61: Connection refused]
2026-01-02 12:35:24.137 E  Pinr[96326:150b41] [com.apple.network:connection] nw_endpoint_flow_failed_with_error [C57 IPv4#94c3d87e:8081 in_progress socket-flow (satisfied (Path is satisfied), interface: lo0)] already failing, returning
2026-01-02 12:35:24.137 Df Pinr[96326:150b41] [com.apple.network:connection] [C57 IPv4#94c3d87e:8081 failed socket-flow (satisfied (Path is satisfied), interface: lo0)] event: flow:failed_connect @0.006s, error Connection refused
2026-01-02 12:35:24.137 Df Pinr[96326:150b41] [com.apple.network:connection] nw_connection_report_state_with_handler_on_nw_queue [C57] reporting state failed error Connection refused
2026-01-02 12:35:24.137 Df Pinr[96326:150a55] [com.apple.CFNetwork:Default] TCP Conn 0x600003320b40 event 3. err: 61
2026-01-02 12:35:24.137 E  Pinr[96326:150b41] [com.apple.network:connection] nw_endpoint_flow_failed_with_error [C58 IPv4#94c3d87e:8081 in_progress socket-flow (satisfied (Path is satisfied), interface: lo0)] already failing, returning
2026-01-02 12:35:24.137 E  Pinr[96326:150a55] [com.apple.network:connection] nw_connection_get_connected_socket_block_invoke [C57] Client called nw_connection_get_connected_socket on unconnected nw_connection
2026-01-02 12:35:24.137 Df Pinr[96326:150b41] [com.apple.network:connection] [C58 IPv4#94c3d87e:8081 failed socket-flow (satisfied (Path is satisfied), interface: lo0)] event: flow:failed_connect @0.003s, error Connection refused
2026-01-02 12:35:24.137 Df Pinr[96326:150a55] [com.apple.CFNetwork:Default] TCP Conn 0x600003320b40 complete. fd: -1, err: 61
2026-01-02 12:35:24.137 E  Pinr[96326:150a55] [com.apple.CFNetwork:Default] TCP Conn 0x600003320b40 Failed : error 0:61 [61]
2026-01-02 12:35:24.137 Df Pinr[96326:14fe5e] [com.apple.CFNetwork:Default] TCP Conn 0x600003320b40 canceled
2026-01-02 12:35:24.137 Df Pinr[96326:150b41] [com.apple.network:connection] nw_connection_report_state_with_handler_on_nw_queue [C58] reporting state failed error Connection refused
2026-01-02 12:35:24.137 Df Pinr[96326:150a55] [com.apple.CFNetwork:Default] TCP Conn 0x6000033201e0 event 3. err: 61
2026-01-02 12:35:24.138 E  Pinr[96326:150a55] [com.apple.network:connection] nw_connection_get_connected_socket_block_invoke [C58] Client called nw_connection_get_connected_socket on unconnected nw_connection
2026-01-02 12:35:24.138 Df Pinr[96326:150a55] [com.apple.CFNetwork:Default] TCP Conn 0x6000033201e0 complete. fd: -1, err: 61
2026-01-02 12:35:24.138 Df Pinr[96326:150b41] [com.apple.network:connection] [C57 88B2E643-8410-47D9-9335-29082234EDDF IPv4#94c3d87e:8081 tcp, legacy-socket, definite, attribution: developer] cancel
2026-01-02 12:35:24.138 E  Pinr[96326:150a55] [com.apple.CFNetwork:Default] TCP Conn 0x6000033201e0 Failed : error 0:61 [61]
2026-01-02 12:35:24.138 Df Pinr[96326:14fe5e] [com.apple.CFNetwork:Default] TCP Conn 0x6000033201e0 canceled
2026-01-02 12:35:24.138 E  Pinr[96326:150b41] [com.apple.network:connection] nw_connection_copy_protocol_metadata_internal_block_invoke [C57] Client called nw_connection_copy_protocol_metadata_internal on unconnected nw_connection
2026-01-02 12:35:24.138 E  Pinr[96326:150b41] [com.apple.network:connection] nw_connection_copy_protocol_metadata_internal_block_invoke [C57] Client called nw_connection_copy_protocol_metadata_internal on unconnected nw_connection
2026-01-02 12:35:24.138 E  Pinr[96326:150b41] [com.apple.network:connection] nw_connection_copy_connected_local_endpoint_block_invoke [C57] Client called nw_connection_copy_connected_local_endpoint on unconnected nw_connection
2026-01-02 12:35:24.138 E  Pinr[96326:150b41] [com.apple.network:connection] nw_connection_copy_connected_remote_endpoint_block_invoke [C57] Client called nw_connection_copy_connected_remote_endpoint on unconnected nw_connection
2026-01-02 12:35:24.138 Df Pinr[96326:150b41] [com.apple.network:connection] [C57 88B2E643-8410-47D9-9335-29082234EDDF IPv4#94c3d87e:8081 tcp, legacy-socket, definite, attribution: developer] cancelled
	[C57 C75F3667-38B1-4337-ADDD-3A767E4B6212 <NULL><-><NULL>]
	Connected Path: (null)
	Privacy Stance: Not Eligible
	Duration: 0.007s, TCP @0.001s took 0.000s
2026-01-02 12:35:24.138 Df Pinr[96326:150b41] [com.apple.network:connection] nw_connection_report_state_with_handler_on_nw_queue [C57] reporting state cancelled error Connection refused
2026-01-02 12:35:24.138 Df Pinr[96326:150b41] [com.apple.network:connection] [C58 770D4EF9-F477-41A6-8216-BDCD12ED0334 IPv4#94c3d87e:8081 tcp, legacy-socket, definite, attribution: developer] cancel
2026-01-02 12:35:24.139 E  Pinr[96326:150b41] [com.apple.network:connection] nw_connection_copy_protocol_metadata_internal_block_invoke [C58] Client called nw_connection_copy_protocol_metadata_internal on unconnected nw_connection
2026-01-02 12:35:24.139 E  Pinr[96326:150b41] [com.apple.network:connection] nw_connection_copy_protocol_metadata_internal_block_invoke [C58] Client called nw_connection_copy_protocol_metadata_internal on unconnected nw_connection
2026-01-02 12:35:24.139 E  Pinr[96326:150b41] [com.apple.network:connection] nw_connection_copy_connected_local_endpoint_block_invoke [C58] Client called nw_connection_copy_connected_local_endpoint on unconnected nw_connection
2026-01-02 12:35:24.139 E  Pinr[96326:150b41] [com.apple.network:connection] nw_connection_copy_connected_remote_endpoint_block_invoke [C58] Client called nw_connection_copy_connected_remote_endpoint on unconnected nw_connection
2026-01-02 12:35:24.139 Df Pinr[96326:150b41] [com.apple.network:connection] [C58 770D4EF9-F477-41A6-8216-BDCD12ED0334 IPv4#94c3d87e:8081 tcp, legacy-socket, definite, attribution: developer] cancelled
	[C58 C75F3667-38B1-4337-ADDD-3A767E4B6212 <NULL><-><NULL>]
	Connected Path: (null)
	Privacy Stance: Not Eligible
	Duration: 0.005s, TCP @0.000s took 0.000s
2026-01-02 12:35:24.139 Df Pinr[96326:150b41] [com.apple.network:connection] nw_connection_report_state_with_handler_on_nw_queue [C58] reporting state cancelled error Connection refused
2026-01-02 12:35:24.139 E  Pinr[96326:150b41] [com.apple.network:connection] nw_endpoint_flow_failed_with_error [C59 IPv4#94c3d87e:8081 in_progress socket-flow (satisfied (Path is satisfied), interface: lo0)] already failing, returning
2026-01-02 12:35:24.139 Df Pinr[96326:150b41] [com.apple.network:connection] [C59 IPv4#94c3d87e:8081 failed socket-flow (satisfied (Path is satisfied), interface: lo0)] event: flow:failed_connect @0.004s, error Connection refused
2026-01-02 12:35:24.139 Df Pinr[96326:150b41] [com.apple.network:connection] nw_connection_report_state_with_handler_on_nw_queue [C59] reporting state failed error Connection refused
2026-01-02 12:35:24.139 Df Pinr[96326:150b40] [com.apple.CFNetwork:Default] TCP Conn 0x600003305540 event 3. err: 61
2026-01-02 12:35:24.139 E  Pinr[96326:150b40] [com.apple.network:connection] nw_connection_get_connected_socket_block_invoke [C59] Client called nw_connection_get_connected_socket on unconnected nw_connection
2026-01-02 12:35:24.139 Df Pinr[96326:150b40] [com.apple.CFNetwork:Default] TCP Conn 0x600003305540 complete. fd: -1, err: 61
2026-01-02 12:35:24.139 E  Pinr[96326:150b40] [com.apple.CFNetwork:Default] TCP Conn 0x600003305540 Failed : error 0:61 [61]
2026-01-02 12:35:24.139 Df Pinr[96326:14fe5e] [com.apple.CFNetwork:Default] TCP Conn 0x600003305540 canceled
2026-01-02 12:35:24.140 Df Pinr[96326:150b41] [com.apple.network:connection] [C59 B5F61B87-DBEC-4BD0-BE9C-A38274A5CE18 IPv4#94c3d87e:8081 tcp, legacy-socket, definite, attribution: developer] cancel
2026-01-02 12:35:24.140 E  Pinr[96326:150b41] [com.apple.network:connection] nw_connection_copy_protocol_metadata_internal_block_invoke [C59] Client called nw_connection_copy_protocol_metadata_internal on unconnected nw_connection
2026-01-02 12:35:24.140 E  Pinr[96326:150b41] [com.apple.network:connection] nw_connection_copy_protocol_metadata_internal_block_invoke [C59] Client called nw_connection_copy_protocol_metadata_internal on unconnected nw_connection
2026-01-02 12:35:24.140 E  Pinr[96326:150b41] [com.apple.network:connection] nw_connection_copy_connected_local_endpoint_block_invoke [C59] Client called nw_connection_copy_connected_local_endpoint on unconnected nw_connection
2026-01-02 12:35:24.140 E  Pinr[96326:150b41] [com.apple.network:connection] nw_connection_copy_connected_remote_endpoint_block_invoke [C59] Client called nw_connection_copy_connected_remote_endpoint on unconnected nw_connection
2026-01-02 12:35:24.140 Df Pinr[96326:150b41] [com.apple.network:connection] [C59 B5F61B87-DBEC-4BD0-BE9C-A38274A5CE18 IPv4#94c3d87e:8081 tcp, legacy-socket, definite, attribution: developer] cancelled
	[C59 C75F3667-38B1-4337-ADDD-3A767E4B6212 <NULL><-><NULL>]
	Connected Path: (null)
	Privacy Stance: Not Eligible
	Duration: 0.005s, TCP @0.000s took 0.000s
2026-01-02 12:35:24.140 Df Pinr[96326:150b41] [com.apple.network:connection] nw_connection_report_state_with_handler_on_nw_queue [C59] reporting state cancelled error Connection refused
2026-01-02 12:35:24.140 Df Pinr[96326:150b41] [com.apple.network:connection] nw_endpoint_resolver_update [C60.1 Hostname#e98add38:8081 in_progress resolver (satisfied (Path is satisfied), interface: en0[802.11], uses wifi, LQM: unknown)] Adding endpoint handler for IPv6#fd6075e5.8081
2026-01-02 12:35:24.140 Df Pinr[96326:150b41] [com.apple.network:connection] nw_endpoint_resolver_update [C60.1 Hostname#e98add38:8081 in_progress resolver (satisfied (Path is satisfied), interface: en0[802.11], uses wifi, LQM: unknown)] Adding endpoint handler for IPv4#922f71f9:8081
2026-01-02 12:35:24.140 Df Pinr[96326:150b41] [com.apple.network:connection] [C60.1 Hostname#e98add38:8081 in_progress resolver (satisfied (Path is satisfied), interface: en0[802.11], uses wifi, LQM: unknown)] event: resolver:receive_dns @0.005s
2026-01-02 12:35:24.140 Df Pinr[96326:150b41] [com.apple.network:connection] [C60.1.1 IPv6#fd6075e5.8081 initial path ((null))] event: path:start @0.005s
2026-01-02 12:35:24.141 Df Pinr[96326:150b41] [com.apple.network:connection] [C60.1.1 IPv6#fd6075e5.8081 waiting path (satisfied (Path is satisfied), interface: lo0)] event: path:satisfied @0.005s, uuid: AC550AFA-5227-4E65-8F07-F9D6B6DDE966
2026-01-02 12:35:24.141 Df Pinr[96326:150b41] [com.apple.network:connection] nw_socket_initialize_socket [C60.1.1:1] Not guarding fd 5
2026-01-02 12:35:24.141 Df Pinr[96326:150b41] [com.apple.network:connection] [C60.1.1 IPv6#fd6075e5.8081 in_progress socket-flow (satisfied (Path is satisfied), interface: lo0)] event: flow:start_connect @0.005s
2026-01-02 12:35:24.141 Df Pinr[96326:150b41] [com.apple.network:connection] nw_socket_handle_socket_event [C60.1.1:1] Socket received CONNRESET event
2026-01-02 12:35:24.141 Df Pinr[96326:150b41] [com.apple.network:connection] nw_socket_handle_socket_event [C60.1.1:1] Socket received DISCONNECTED event
2026-01-02 12:35:24.141 E  Pinr[96326:150b41] [com.apple.network:connection] nw_socket_handle_socket_event [C60.1.1:1] Socket SO_ERROR [61: Connection refused]
2026-01-02 12:35:24.141 E  Pinr[96326:150b41] [com.apple.network:connection] nw_endpoint_flow_failed_with_error [C60.1.1 IPv6#fd6075e5.8081 in_progress socket-flow (satisfied (Path is satisfied), interface: lo0)] already failing, returning
2026-01-02 12:35:24.141 Df Pinr[96326:150b41] [com.apple.network:connection] [C60.1.1 IPv6#fd6075e5.8081 failed socket-flow (satisfied (Path is satisfied), interface: lo0)] event: flow:failed_connect @0.006s, error Connection refused
2026-01-02 12:35:24.142 Df Pinr[96326:150b41] [com.apple.network:connection] [C60.1.2 IPv4#922f71f9:8081 initial path ((null))] event: path:start @0.006s
2026-01-02 12:35:24.142 Df Pinr[96326:150b41] [com.apple.network:connection] [C60.1.2 IPv4#922f71f9:8081 waiting path (satisfied (Path is satisfied), interface: lo0)] event: path:satisfied @0.006s, uuid: BB6CD1FC-C1FD-4166-B7E2-34EDF7D43B72
2026-01-02 12:35:24.142 Df Pinr[96326:150b41] [com.apple.network:connection] nw_socket_initialize_socket [C60.1.2:1] Not guarding fd 5
2026-01-02 12:35:24.142 Df Pinr[96326:150b41] [com.apple.network:connection] [C60.1.2 IPv4#922f71f9:8081 in_progress socket-flow (satisfied (Path is satisfied), interface: lo0)] event: flow:start_connect @0.006s
2026-01-02 12:35:24.142 Df Pinr[96326:150b41] [com.apple.network:connection] nw_socket_handle_socket_event [C60.1.2:1] Socket received CONNRESET event
2026-01-02 12:35:24.142 Df Pinr[96326:150b41] [com.apple.network:connection] nw_socket_handle_socket_event [C60.1.2:1] Socket received DISCONNECTED event
2026-01-02 12:35:24.142 E  Pinr[96326:150b41] [com.apple.network:connection] nw_socket_handle_socket_event [C60.1.2:1] Socket SO_ERROR [61: Connection refused]
2026-01-02 12:35:24.143 E  Pinr[96326:150b41] [com.apple.network:connection] nw_endpoint_flow_failed_with_error [C60.1.2 IPv4#922f71f9:8081 in_progress socket-flow (satisfied (Path is satisfied), interface: lo0)] already failing, returning
2026-01-02 12:35:24.143 Df Pinr[96326:150b41] [com.apple.network:connection] [C60.1.2 IPv4#922f71f9:8081 failed socket-flow (satisfied (Path is satisfied), interface: lo0)] event: flow:failed_connect @0.007s, error Connection refused
2026-01-02 12:35:24.143 Df Pinr[96326:150b41] [com.apple.network:connection] [C60.1 Hostname#e98add38:8081 failed resolver (satisfied (Path is satisfied), interface: en0[802.11], uses wifi, LQM: unknown)] event: resolver:children_failed @0.007s
2026-01-02 12:35:24.143 E  Pinr[96326:150b41] [com.apple.network:connection] nw_endpoint_flow_failed_with_error [C60.1.2 IPv4#922f71f9:8081 cancelled socket-flow ((null))] already failing, returning
2026-01-02 12:35:24.143 Df Pinr[96326:150b41] [com.apple.network:connection] [C60 Hostname#e98add38:8081 failed parent-flow (satisfied (Path is satisfied), interface: en0[802.11], uses wifi, LQM: unknown)] event: flow:child_failed @0.008s
2026-01-02 12:35:24.143 Df Pinr[96326:150b41] [com.apple.network:connection] nw_connection_report_state_with_handler_on_nw_queue [C60] reporting state failed error Connection refused
2026-01-02 12:35:24.143 Df Pinr[96326:150b40] [com.apple.CFNetwork:Default] TCP Conn 0x60000331c140 event 3. err: 61
2026-01-02 12:35:24.143 E  Pinr[96326:150b40] [com.apple.network:connection] nw_connection_get_connected_socket_block_invoke [C60] Client called nw_connection_get_connected_socket on unconnected nw_connection
2026-01-02 12:35:24.143 Df Pinr[96326:150b40] [com.apple.CFNetwork:Default] TCP Conn 0x60000331c140 complete. fd: -1, err: 61
2026-01-02 12:35:24.143 E  Pinr[96326:150b40] [com.apple.CFNetwork:Default] TCP Conn 0x60000331c140 Failed : error 0:61 [61]
2026-01-02 12:35:24.143 Df Pinr[96326:14fe5e] [com.apple.CFNetwork:Default] TCP Conn 0x60000331c140 canceled
2026-01-02 12:35:24.143 Df Pinr[96326:150b40] [com.apple.network:connection] [C60 47400DD9-4A9D-486B-AC1D-58F49B6ADE9B Hostname#e98add38:8081 tcp, legacy-socket, definite, attribution: developer] cancel
2026-01-02 12:35:24.143 Df Pinr[96326:150b40] [com.apple.network:connection] [C60 Hostname#e98add38:8081 tcp, legacy-socket, definite, attribution: developer] cancelled
2026-01-02 12:35:24.144 Df Pinr[96326:150b40] [com.apple.network:connection] nw_connection_report_state_with_handler_on_nw_queue [C60] reporting state cancelled error Connection refused
2026-01-02 12:35:26.230 Df Pinr[96326:14fe36] [com.apple.CFNetwork:Default] TCP Conn [61:0x60000331c140] using empty proxy configuration
2026-01-02 12:35:26.230 Df Pinr[96326:14fe36] [com.apple.CFNetwork:Default] Stream client bypassing proxies on TCP Conn [61:0x60000331c140]
2026-01-02 12:35:26.230 Df Pinr[96326:14fe36] [com.apple.CFNetwork:Default] TCP Conn 0x60000331c140 started
2026-01-02 12:35:26.230 Df Pinr[96326:150b40] [com.apple.network:connection] [C61 B39FD016-1471-4D7E-A574-A7455668E21E IPv4#94c3d87e:8081 tcp, definite, attribution: developer, context: Default Network Context (private), proc: 4483FB6A-19BA-3153-8945-882B738685CB, delegated upid: 0, no proxy, prohibit fallback, allow socket access] start
2026-01-02 12:35:26.230 Df Pinr[96326:150b40] [com.apple.network:connection] [C61 IPv4#94c3d87e:8081 initial parent-flow ((null))] event: path:start @0.000s
2026-01-02 12:35:26.230 Df Pinr[96326:150b40] [com.apple.network:connection] [C61 IPv4#94c3d87e:8081 waiting parent-flow (satisfied (Path is satisfied), interface: lo0)] event: path:satisfied @0.000s, uuid: C75F3667-38B1-4337-ADDD-3A767E4B6212
2026-01-02 12:35:26.230 Df Pinr[96326:14fe36] [com.apple.CFNetwork:Default] TCP Conn [62:0x6000033543c0] using empty proxy configuration
2026-01-02 12:35:26.230 Df Pinr[96326:14fe36] [com.apple.CFNetwork:Default] Stream client bypassing proxies on TCP Conn [62:0x6000033543c0]
2026-01-02 12:35:26.230 Df Pinr[96326:14fe36] [com.apple.CFNetwork:Default] TCP Conn 0x6000033543c0 started
2026-01-02 12:35:26.230 Df Pinr[96326:150b40] [com.apple.network:connection] nw_socket_initialize_socket [C61:1] Not guarding fd 5
2026-01-02 12:35:26.230 Df Pinr[96326:150b40] [com.apple.network:connection] [C61 IPv4#94c3d87e:8081 in_progress socket-flow (satisfied (Path is satisfied), interface: lo0)] event: flow:start_connect @0.000s
2026-01-02 12:35:26.230 Df Pinr[96326:150b40] [com.apple.network:connection] nw_connection_report_state_with_handler_on_nw_queue [C61] reporting state preparing
2026-01-02 12:35:26.231 Df Pinr[96326:14fe36] [com.apple.CFNetwork:Default] TCP Conn [63:0x600003354140] using empty proxy configuration
2026-01-02 12:35:26.231 Df Pinr[96326:14fe36] [com.apple.CFNetwork:Default] Stream client bypassing proxies on TCP Conn [63:0x600003354140]
2026-01-02 12:35:26.231 Df Pinr[96326:14fe36] [com.apple.CFNetwork:Default] TCP Conn 0x600003354140 started
2026-01-02 12:35:26.231 Df Pinr[96326:150b40] [com.apple.network:connection] [C62 1DFDF57F-13A3-47DA-8688-BC5079FFC098 IPv4#94c3d87e:8081 tcp, definite, attribution: developer, context: Default Network Context (private), proc: 4483FB6A-19BA-3153-8945-882B738685CB, delegated upid: 0, no proxy, prohibit fallback, allow socket access] start
2026-01-02 12:35:26.231 Df Pinr[96326:150b40] [com.apple.network:connection] [C62 IPv4#94c3d87e:8081 initial parent-flow ((null))] event: path:start @0.000s
2026-01-02 12:35:26.231 Df Pinr[96326:14fe36] [com.apple.CFNetwork:Default] TCP Conn [64:0x600003305900] using empty proxy configuration
2026-01-02 12:35:26.231 Df Pinr[96326:150b40] [com.apple.network:connection] [C62 IPv4#94c3d87e:8081 waiting parent-flow (satisfied (Path is satisfied), interface: lo0)] event: path:satisfied @0.000s, uuid: C75F3667-38B1-4337-ADDD-3A767E4B6212
2026-01-02 12:35:26.231 Df Pinr[96326:14fe36] [com.apple.CFNetwork:Default] Stream client bypassing proxies on TCP Conn [64:0x600003305900]
2026-01-02 12:35:26.232 Df Pinr[96326:14fe36] [com.apple.CFNetwork:Default] TCP Conn 0x600003305900 started
2026-01-02 12:35:26.232 Df Pinr[96326:150b40] [com.apple.network:connection] nw_socket_initialize_socket [C62:1] Not guarding fd 8
2026-01-02 12:35:26.232 Df Pinr[96326:150b40] [com.apple.network:connection] [C62 IPv4#94c3d87e:8081 in_progress socket-flow (satisfied (Path is satisfied), interface: lo0)] event: flow:start_connect @0.001s
2026-01-02 12:35:26.232 Df Pinr[96326:150b40] [com.apple.network:connection] nw_connection_report_state_with_handler_on_nw_queue [C62] reporting state preparing
2026-01-02 12:35:26.233 Df Pinr[96326:150b40] [com.apple.network:connection] [C63 D116C505-356C-461C-A3E1-22C7633A99A5 IPv4#94c3d87e:8081 tcp, definite, attribution: developer, context: Default Network Context (private), proc: 4483FB6A-19BA-3153-8945-882B738685CB, delegated upid: 0, no proxy, prohibit fallback, allow socket access] start
2026-01-02 12:35:26.233 Df Pinr[96326:150b40] [com.apple.network:connection] [C63 IPv4#94c3d87e:8081 initial parent-flow ((null))] event: path:start @0.000s
2026-01-02 12:35:26.233 Df Pinr[96326:150b40] [com.apple.network:connection] [C63 IPv4#94c3d87e:8081 waiting parent-flow (satisfied (Path is satisfied), interface: lo0)] event: path:satisfied @0.000s, uuid: C75F3667-38B1-4337-ADDD-3A767E4B6212
2026-01-02 12:35:26.233 Df Pinr[96326:150b40] [com.apple.network:connection] nw_socket_initialize_socket [C63:1] Not guarding fd 18
2026-01-02 12:35:26.233 Df Pinr[96326:150b40] [com.apple.network:connection] [C63 IPv4#94c3d87e:8081 in_progress socket-flow (satisfied (Path is satisfied), interface: lo0)] event: flow:start_connect @0.000s
2026-01-02 12:35:26.233 Df Pinr[96326:150b40] [com.apple.network:connection] nw_connection_report_state_with_handler_on_nw_queue [C63] reporting state preparing
2026-01-02 12:35:26.234 Df Pinr[96326:150b40] [com.apple.network:connection] [C64 4A886552-9945-4A61-BAAA-F1DFB2202920 Hostname#e98add38:8081 tcp, definite, attribution: developer, context: Default Network Context (private), proc: 4483FB6A-19BA-3153-8945-882B738685CB, delegated upid: 0, no proxy, prohibit fallback, allow socket access] start
2026-01-02 12:35:26.234 Df Pinr[96326:150b40] [com.apple.network:connection] [C64 Hostname#e98add38:8081 initial parent-flow ((null))] event: path:start @0.000s
2026-01-02 12:35:26.234 Df Pinr[96326:150b40] [com.apple.network:connection] [C64 Hostname#e98add38:8081 waiting parent-flow (satisfied (Path is satisfied), interface: en0[802.11], uses wifi, LQM: unknown)] event: path:satisfied @0.000s, uuid: E3252CF6-2864-4510-85B3-B66007262AB5
2026-01-02 12:35:26.234 Df Pinr[96326:150b40] [com.apple.network:connection] [C64 Hostname#e98add38:8081 in_progress parent-flow (satisfied (Path is satisfied), interface: en0[802.11], uses wifi, LQM: unknown)] event: flow:start_connect @0.000s
2026-01-02 12:35:26.234 Df Pinr[96326:150b40] [com.apple.network:connection] nw_connection_report_state_with_handler_on_nw_queue [C64] reporting state preparing
2026-01-02 12:35:26.234 Df Pinr[96326:150b40] [com.apple.network:connection] [C64 Hostname#e98add38:8081 in_progress parent-flow (satisfied (Path is satisfied), interface: en0[802.11], uses wifi, LQM: unknown)] event: flow:start_child @0.000s
2026-01-02 12:35:26.234 Df Pinr[96326:150b40] [com.apple.network:connection] [C64.1 Hostname#e98add38:8081 initial path ((null))] event: path:start @0.000s
2026-01-02 12:35:26.234 Df Pinr[96326:150b40] [com.apple.network:connection] [C64.1 Hostname#e98add38:8081 waiting path (satisfied (Path is satisfied), interface: en0[802.11], uses wifi, LQM: unknown)] event: path:satisfied @0.000s, uuid: E3252CF6-2864-4510-85B3-B66007262AB5
2026-01-02 12:35:26.234 Df Pinr[96326:150b40] [com.apple.network:connection] [C64.1 Hostname#e98add38:8081 in_progress resolver (satisfied (Path is satisfied), interface: en0[802.11], uses wifi, LQM: unknown)] event: resolver:start_dns @0.000s
2026-01-02 12:35:26.234 Df Pinr[96326:150b40] [com.apple.network:connection] nw_socket_handle_socket_event [C61:1] Socket received CONNRESET event
2026-01-02 12:35:26.234 Df Pinr[96326:150b40] [com.apple.network:connection] nw_socket_handle_socket_event [C61:1] Socket received DISCONNECTED event
2026-01-02 12:35:26.234 E  Pinr[96326:150b40] [com.apple.network:connection] nw_socket_handle_socket_event [C61:1] Socket SO_ERROR [61: Connection refused]
2026-01-02 12:35:26.235 Df Pinr[96326:150b40] [com.apple.network:connection] nw_socket_handle_socket_event [C62:1] Socket received CONNRESET event
2026-01-02 12:35:26.235 Df Pinr[96326:150b40] [com.apple.network:connection] nw_socket_handle_socket_event [C62:1] Socket received DISCONNECTED event
2026-01-02 12:35:26.235 E  Pinr[96326:150b40] [com.apple.network:connection] nw_socket_handle_socket_event [C62:1] Socket SO_ERROR [61: Connection refused]
2026-01-02 12:35:26.235 Df Pinr[96326:150b40] [com.apple.network:connection] nw_socket_handle_socket_event [C63:1] Socket received CONNRESET event
2026-01-02 12:35:26.235 Df Pinr[96326:150b40] [com.apple.network:connection] nw_socket_handle_socket_event [C63:1] Socket received DISCONNECTED event
2026-01-02 12:35:26.235 E  Pinr[96326:150b40] [com.apple.network:connection] nw_socket_handle_socket_event [C63:1] Socket SO_ERROR [61: Connection refused]
2026-01-02 12:35:26.235 E  Pinr[96326:150b40] [com.apple.network:connection] nw_endpoint_flow_failed_with_error [C61 IPv4#94c3d87e:8081 in_progress socket-flow (satisfied (Path is satisfied), interface: lo0)] already failing, returning
2026-01-02 12:35:26.235 Df Pinr[96326:150b40] [com.apple.network:connection] [C61 IPv4#94c3d87e:8081 failed socket-flow (satisfied (Path is satisfied), interface: lo0)] event: flow:failed_connect @0.004s, error Connection refused
2026-01-02 12:35:26.235 Df Pinr[96326:150b40] [com.apple.network:connection] nw_connection_report_state_with_handler_on_nw_queue [C61] reporting state failed error Connection refused
2026-01-02 12:35:26.235 Df Pinr[96326:150a55] [com.apple.CFNetwork:Default] TCP Conn 0x60000331c140 event 3. err: 61
2026-01-02 12:35:26.235 E  Pinr[96326:150a55] [com.apple.network:connection] nw_connection_get_connected_socket_block_invoke [C61] Client called nw_connection_get_connected_socket on unconnected nw_connection
2026-01-02 12:35:26.235 Df Pinr[96326:150a55] [com.apple.CFNetwork:Default] TCP Conn 0x60000331c140 complete. fd: -1, err: 61
2026-01-02 12:35:26.235 E  Pinr[96326:150a55] [com.apple.CFNetwork:Default] TCP Conn 0x60000331c140 Failed : error 0:61 [61]
2026-01-02 12:35:26.235 Df Pinr[96326:14fe5e] [com.apple.CFNetwork:Default] TCP Conn 0x60000331c140 canceled
2026-01-02 12:35:26.235 Df Pinr[96326:150b40] [com.apple.network:connection] [C61 B39FD016-1471-4D7E-A574-A7455668E21E IPv4#94c3d87e:8081 tcp, legacy-socket, definite, attribution: developer] cancel
2026-01-02 12:35:26.235 E  Pinr[96326:150b40] [com.apple.network:connection] nw_connection_copy_protocol_metadata_internal_block_invoke [C61] Client called nw_connection_copy_protocol_metadata_internal on unconnected nw_connection
2026-01-02 12:35:26.235 E  Pinr[96326:150b40] [com.apple.network:connection] nw_connection_copy_protocol_metadata_internal_block_invoke [C61] Client called nw_connection_copy_protocol_metadata_internal on unconnected nw_connection
2026-01-02 12:35:26.235 E  Pinr[96326:150b40] [com.apple.network:connection] nw_connection_copy_connected_local_endpoint_block_invoke [C61] Client called nw_connection_copy_connected_local_endpoint on unconnected nw_connection
2026-01-02 12:35:26.235 E  Pinr[96326:150b40] [com.apple.network:connection] nw_connection_copy_connected_remote_endpoint_block_invoke [C61] Client called nw_connection_copy_connected_remote_endpoint on unconnected nw_connection
2026-01-02 12:35:26.236 Df Pinr[96326:150b40] [com.apple.network:connection] [C61 B39FD016-1471-4D7E-A574-A7455668E21E IPv4#94c3d87e:8081 tcp, legacy-socket, definite, attribution: developer] cancelled
	[C61 C75F3667-38B1-4337-ADDD-3A767E4B6212 <NULL><-><NULL>]
	Connected Path: (null)
	Privacy Stance: Not Eligible
	Duration: 0.005s, TCP @0.000s took 0.000s
2026-01-02 12:35:26.236 Df Pinr[96326:150b40] [com.apple.network:connection] nw_connection_report_state_with_handler_on_nw_queue [C61] reporting state cancelled error Connection refused
2026-01-02 12:35:26.236 E  Pinr[96326:150b40] [com.apple.network:connection] nw_endpoint_flow_failed_with_error [C62 IPv4#94c3d87e:8081 in_progress socket-flow (satisfied (Path is satisfied), interface: lo0)] already failing, returning
2026-01-02 12:35:26.236 Df Pinr[96326:150b40] [com.apple.network:connection] [C62 IPv4#94c3d87e:8081 failed socket-flow (satisfied (Path is satisfied), interface: lo0)] event: flow:failed_connect @0.004s, error Connection refused
2026-01-02 12:35:26.236 Df Pinr[96326:150b40] [com.apple.network:connection] nw_connection_report_state_with_handler_on_nw_queue [C62] reporting state failed error Connection refused
2026-01-02 12:35:26.236 Df Pinr[96326:150a55] [com.apple.CFNetwork:Default] TCP Conn 0x6000033543c0 event 3. err: 61
2026-01-02 12:35:26.236 E  Pinr[96326:150a55] [com.apple.network:connection] nw_connection_get_connected_socket_block_invoke [C62] Client called nw_connection_get_connected_socket on unconnected nw_connection
2026-01-02 12:35:26.236 E  Pinr[96326:150b40] [com.apple.network:connection] nw_endpoint_flow_failed_with_error [C63 IPv4#94c3d87e:8081 in_progress socket-flow (satisfied (Path is satisfied), interface: lo0)] already failing, returning
2026-01-02 12:35:26.236 Df Pinr[96326:150a55] [com.apple.CFNetwork:Default] TCP Conn 0x6000033543c0 complete. fd: -1, err: 61
2026-01-02 12:35:26.236 E  Pinr[96326:150a55] [com.apple.CFNetwork:Default] TCP Conn 0x6000033543c0 Failed : error 0:61 [61]
2026-01-02 12:35:26.236 Df Pinr[96326:14fe5e] [com.apple.CFNetwork:Default] TCP Conn 0x6000033543c0 canceled
2026-01-02 12:35:26.236 Df Pinr[96326:150b40] [com.apple.network:connection] [C63 IPv4#94c3d87e:8081 failed socket-flow (satisfied (Path is satisfied), interface: lo0)] event: flow:failed_connect @0.003s, error Connection refused
2026-01-02 12:35:26.236 Df Pinr[96326:150b40] [com.apple.network:connection] nw_connection_report_state_with_handler_on_nw_queue [C63] reporting state failed error Connection refused
2026-01-02 12:35:26.236 Df Pinr[96326:150a55] [com.apple.CFNetwork:Default] TCP Conn 0x600003354140 event 3. err: 61
2026-01-02 12:35:26.236 Df Pinr[96326:150b40] [com.apple.network:connection] [C62 1DFDF57F-13A3-47DA-8688-BC5079FFC098 IPv4#94c3d87e:8081 tcp, legacy-socket, definite, attribution: developer] cancel
2026-01-02 12:35:26.236 E  Pinr[96326:150a55] [com.apple.network:connection] nw_connection_get_connected_socket_block_invoke [C63] Client called nw_connection_get_connected_socket on unconnected nw_connection
2026-01-02 12:35:26.236 Df Pinr[96326:150a55] [com.apple.CFNetwork:Default] TCP Conn 0x600003354140 complete. fd: -1, err: 61
2026-01-02 12:35:26.236 E  Pinr[96326:150a55] [com.apple.CFNetwork:Default] TCP Conn 0x600003354140 Failed : error 0:61 [61]
2026-01-02 12:35:26.236 Df Pinr[96326:14fe5e] [com.apple.CFNetwork:Default] TCP Conn 0x600003354140 canceled
2026-01-02 12:35:26.236 E  Pinr[96326:150b40] [com.apple.network:connection] nw_connection_copy_protocol_metadata_internal_block_invoke [C62] Client called nw_connection_copy_protocol_metadata_internal on unconnected nw_connection
2026-01-02 12:35:26.236 E  Pinr[96326:150b40] [com.apple.network:connection] nw_connection_copy_protocol_metadata_internal_block_invoke [C62] Client called nw_connection_copy_protocol_metadata_internal on unconnected nw_connection
2026-01-02 12:35:26.237 E  Pinr[96326:150b40] [com.apple.network:connection] nw_connection_copy_connected_local_endpoint_block_invoke [C62] Client called nw_connection_copy_connected_local_endpoint on unconnected nw_connection
2026-01-02 12:35:26.237 E  Pinr[96326:150b40] [com.apple.network:connection] nw_connection_copy_connected_remote_endpoint_block_invoke [C62] Client called nw_connection_copy_connected_remote_endpoint on unconnected nw_connection
2026-01-02 12:35:26.237 Df Pinr[96326:150b40] [com.apple.network:connection] [C62 1DFDF57F-13A3-47DA-8688-BC5079FFC098 IPv4#94c3d87e:8081 tcp, legacy-socket, definite, attribution: developer] cancelled
	[C62 C75F3667-38B1-4337-ADDD-3A767E4B6212 <NULL><-><NULL>]
	Connected Path: (null)
	Privacy Stance: Not Eligible
	Duration: 0.005s, TCP @0.001s took 0.000s
2026-01-02 12:35:26.237 Df Pinr[96326:150b40] [com.apple.network:connection] nw_connection_report_state_with_handler_on_nw_queue [C62] reporting state cancelled error Connection refused
2026-01-02 12:35:26.237 Df Pinr[96326:150b40] [com.apple.network:connection] [C63 D116C505-356C-461C-A3E1-22C7633A99A5 IPv4#94c3d87e:8081 tcp, legacy-socket, definite, attribution: developer] cancel
2026-01-02 12:35:26.237 E  Pinr[96326:150b40] [com.apple.network:connection] nw_connection_copy_protocol_metadata_internal_block_invoke [C63] Client called nw_connection_copy_protocol_metadata_internal on unconnected nw_connection
2026-01-02 12:35:26.237 E  Pinr[96326:150b40] [com.apple.network:connection] nw_connection_copy_protocol_metadata_internal_block_invoke [C63] Client called nw_connection_copy_protocol_metadata_internal on unconnected nw_connection
2026-01-02 12:35:26.237 E  Pinr[96326:150b40] [com.apple.network:connection] nw_connection_copy_connected_local_endpoint_block_invoke [C63] Client called nw_connection_copy_connected_local_endpoint on unconnected nw_connection
2026-01-02 12:35:26.237 E  Pinr[96326:150b40] [com.apple.network:connection] nw_connection_copy_connected_remote_endpoint_block_invoke [C63] Client called nw_connection_copy_connected_remote_endpoint on unconnected nw_connection
2026-01-02 12:35:26.237 Df Pinr[96326:150b40] [com.apple.network:connection] [C63 D116C505-356C-461C-A3E1-22C7633A99A5 IPv4#94c3d87e:8081 tcp, legacy-socket, definite, attribution: developer] cancelled
	[C63 C75F3667-38B1-4337-ADDD-3A767E4B6212 <NULL><-><NULL>]
	Connected Path: (null)
	Privacy Stance: Not Eligible
	Duration: 0.004s, TCP @0.000s took 0.000s
2026-01-02 12:35:26.237 Df Pinr[96326:150b40] [com.apple.network:connection] nw_connection_report_state_with_handler_on_nw_queue [C63] reporting state cancelled error Connection refused
2026-01-02 12:35:26.237 Df Pinr[96326:150b40] [com.apple.network:connection] nw_endpoint_resolver_update [C64.1 Hostname#e98add38:8081 in_progress resolver (satisfied (Path is satisfied), interface: en0[802.11], uses wifi, LQM: unknown)] Adding endpoint handler for IPv6#fd6075e5.8081
2026-01-02 12:35:26.237 Df Pinr[96326:150b40] [com.apple.network:connection] nw_endpoint_resolver_update [C64.1 Hostname#e98add38:8081 in_progress resolver (satisfied (Path is satisfied), interface: en0[802.11], uses wifi, LQM: unknown)] Adding endpoint handler for IPv4#922f71f9:8081
2026-01-02 12:35:26.237 Df Pinr[96326:150b40] [com.apple.network:connection] [C64.1 Hostname#e98add38:8081 in_progress resolver (satisfied (Path is satisfied), interface: en0[802.11], uses wifi, LQM: unknown)] event: resolver:receive_dns @0.003s
2026-01-02 12:35:26.237 Df Pinr[96326:150b40] [com.apple.network:connection] [C64.1.1 IPv6#fd6075e5.8081 initial path ((null))] event: path:start @0.003s
2026-01-02 12:35:26.237 Df Pinr[96326:150b40] [com.apple.network:connection] [C64.1.1 IPv6#fd6075e5.8081 waiting path (satisfied (Path is satisfied), interface: lo0)] event: path:satisfied @0.003s, uuid: AC550AFA-5227-4E65-8F07-F9D6B6DDE966
2026-01-02 12:35:26.238 Df Pinr[96326:150b40] [com.apple.network:connection] nw_socket_initialize_socket [C64.1.1:1] Not guarding fd 5
2026-01-02 12:35:26.238 Df Pinr[96326:150b40] [com.apple.network:connection] [C64.1.1 IPv6#fd6075e5.8081 in_progress socket-flow (satisfied (Path is satisfied), interface: lo0)] event: flow:start_connect @0.004s
2026-01-02 12:35:26.238 Df Pinr[96326:150b40] [com.apple.network:connection] nw_socket_handle_socket_event [C64.1.1:1] Socket received CONNRESET event
2026-01-02 12:35:26.238 Df Pinr[96326:150b40] [com.apple.network:connection] nw_socket_handle_socket_event [C64.1.1:1] Socket received DISCONNECTED event
2026-01-02 12:35:26.238 E  Pinr[96326:150b40] [com.apple.network:connection] nw_socket_handle_socket_event [C64.1.1:1] Socket SO_ERROR [61: Connection refused]
2026-01-02 12:35:26.238 E  Pinr[96326:150b40] [com.apple.network:connection] nw_endpoint_flow_failed_with_error [C64.1.1 IPv6#fd6075e5.8081 in_progress socket-flow (satisfied (Path is satisfied), interface: lo0)] already failing, returning
2026-01-02 12:35:26.238 Df Pinr[96326:150b40] [com.apple.network:connection] [C64.1.1 IPv6#fd6075e5.8081 failed socket-flow (satisfied (Path is satisfied), interface: lo0)] event: flow:failed_connect @0.004s, error Connection refused
2026-01-02 12:35:26.238 Df Pinr[96326:150b40] [com.apple.network:connection] [C64.1.2 IPv4#922f71f9:8081 initial path ((null))] event: path:start @0.004s
2026-01-02 12:35:26.238 Df Pinr[96326:150b40] [com.apple.network:connection] [C64.1.2 IPv4#922f71f9:8081 waiting path (satisfied (Path is satisfied), interface: lo0)] event: path:satisfied @0.004s, uuid: BB6CD1FC-C1FD-4166-B7E2-34EDF7D43B72
2026-01-02 12:35:26.238 Df Pinr[96326:150b40] [com.apple.network:connection] nw_socket_initialize_socket [C64.1.2:1] Not guarding fd 5
2026-01-02 12:35:26.238 Df Pinr[96326:150b40] [com.apple.network:connection] [C64.1.2 IPv4#922f71f9:8081 in_progress socket-flow (satisfied (Path is satisfied), interface: lo0)] event: flow:start_connect @0.004s
2026-01-02 12:35:26.238 Df Pinr[96326:150b40] [com.apple.network:connection] nw_socket_handle_socket_event [C64.1.2:1] Socket received CONNRESET event
2026-01-02 12:35:26.238 Df Pinr[96326:150b40] [com.apple.network:connection] nw_socket_handle_socket_event [C64.1.2:1] Socket received DISCONNECTED event
2026-01-02 12:35:26.239 E  Pinr[96326:150b40] [com.apple.network:connection] nw_socket_handle_socket_event [C64.1.2:1] Socket SO_ERROR [61: Connection refused]
2026-01-02 12:35:26.239 E  Pinr[96326:150b40] [com.apple.network:connection] nw_endpoint_flow_failed_with_error [C64.1.2 IPv4#922f71f9:8081 in_progress socket-flow (satisfied (Path is satisfied), interface: lo0)] already failing, returning
2026-01-02 12:35:26.239 Df Pinr[96326:150b40] [com.apple.network:connection] [C64.1.2 IPv4#922f71f9:8081 failed socket-flow (satisfied (Path is satisfied), interface: lo0)] event: flow:failed_connect @0.005s, error Connection refused
2026-01-02 12:35:26.239 Df Pinr[96326:150b40] [com.apple.network:connection] [C64.1 Hostname#e98add38:8081 failed resolver (satisfied (Path is satisfied), interface: en0[802.11], uses wifi, LQM: unknown)] event: resolver:children_failed @0.005s
2026-01-02 12:35:26.239 E  Pinr[96326:150b40] [com.apple.network:connection] nw_endpoint_flow_failed_with_error [C64.1.2 IPv4#922f71f9:8081 cancelled socket-flow ((null))] already failing, returning
2026-01-02 12:35:26.239 Df Pinr[96326:150b40] [com.apple.network:connection] [C64 Hostname#e98add38:8081 failed parent-flow (satisfied (Path is satisfied), interface: en0[802.11], uses wifi, LQM: unknown)] event: flow:child_failed @0.005s
2026-01-02 12:35:26.239 Df Pinr[96326:150b40] [com.apple.network:connection] nw_connection_report_state_with_handler_on_nw_queue [C64] reporting state failed error Connection refused
2026-01-02 12:35:26.239 Df Pinr[96326:150a55] [com.apple.CFNetwork:Default] TCP Conn 0x600003305900 event 3. err: 61
2026-01-02 12:35:26.239 E  Pinr[96326:150a55] [com.apple.network:connection] nw_connection_get_connected_socket_block_invoke [C64] Client called nw_connection_get_connected_socket on unconnected nw_connection
2026-01-02 12:35:26.239 Df Pinr[96326:150a55] [com.apple.CFNetwork:Default] TCP Conn 0x600003305900 complete. fd: -1, err: 61
2026-01-02 12:35:26.239 E  Pinr[96326:150a55] [com.apple.CFNetwork:Default] TCP Conn 0x600003305900 Failed : error 0:61 [61]
2026-01-02 12:35:26.239 Df Pinr[96326:14fe5e] [com.apple.CFNetwork:Default] TCP Conn 0x600003305900 canceled
2026-01-02 12:35:26.239 Df Pinr[96326:150a55] [com.apple.network:connection] [C64 4A886552-9945-4A61-BAAA-F1DFB2202920 Hostname#e98add38:8081 tcp, legacy-socket, definite, attribution: developer] cancel
2026-01-02 12:35:26.239 Df Pinr[96326:150a55] [com.apple.network:connection] [C64 Hostname#e98add38:8081 tcp, legacy-socket, definite, attribution: developer] cancelled
2026-01-02 12:35:26.239 Df Pinr[96326:150a55] [com.apple.network:connection] nw_connection_report_state_with_handler_on_nw_queue [C64] reporting state cancelled error Connection refused
2026-01-02 12:35:28.330 Df Pinr[96326:14fe36] [com.apple.CFNetwork:Default] TCP Conn [65:0x600003320b40] using empty proxy configuration
2026-01-02 12:35:28.330 Df Pinr[96326:14fe36] [com.apple.CFNetwork:Default] Stream client bypassing proxies on TCP Conn [65:0x600003320b40]
2026-01-02 12:35:28.330 Df Pinr[96326:14fe36] [com.apple.CFNetwork:Default] TCP Conn 0x600003320b40 started
2026-01-02 12:35:28.330 Df Pinr[96326:150a55] [com.apple.network:connection] [C65 4FB43C1A-2779-401E-AB1F-6B1A1538329E IPv4#94c3d87e:8081 tcp, definite, attribution: developer, context: Default Network Context (private), proc: 4483FB6A-19BA-3153-8945-882B738685CB, delegated upid: 0, no proxy, prohibit fallback, allow socket access] start
2026-01-02 12:35:28.330 Df Pinr[96326:150a55] [com.apple.network:connection] [C65 IPv4#94c3d87e:8081 initial parent-flow ((null))] event: path:start @0.000s
2026-01-02 12:35:28.330 Df Pinr[96326:150a55] [com.apple.network:connection] [C65 IPv4#94c3d87e:8081 waiting parent-flow (satisfied (Path is satisfied), interface: lo0)] event: path:satisfied @0.000s, uuid: C75F3667-38B1-4337-ADDD-3A767E4B6212
2026-01-02 12:35:28.330 Df Pinr[96326:14fe36] [com.apple.CFNetwork:Default] TCP Conn [66:0x600003305900] using empty proxy configuration
2026-01-02 12:35:28.330 Df Pinr[96326:14fe36] [com.apple.CFNetwork:Default] Stream client bypassing proxies on TCP Conn [66:0x600003305900]
2026-01-02 12:35:28.330 Df Pinr[96326:14fe36] [com.apple.CFNetwork:Default] TCP Conn 0x600003305900 started
2026-01-02 12:35:28.330 Df Pinr[96326:150a55] [com.apple.network:connection] nw_socket_initialize_socket [C65:1] Not guarding fd 5
2026-01-02 12:35:28.330 Df Pinr[96326:150a55] [com.apple.network:connection] [C65 IPv4#94c3d87e:8081 in_progress socket-flow (satisfied (Path is satisfied), interface: lo0)] event: flow:start_connect @0.000s
2026-01-02 12:35:28.330 Df Pinr[96326:150a55] [com.apple.network:connection] nw_connection_report_state_with_handler_on_nw_queue [C65] reporting state preparing
2026-01-02 12:35:28.330 Df Pinr[96326:14fe36] [com.apple.CFNetwork:Default] TCP Conn [67:0x6000033543c0] using empty proxy configuration
2026-01-02 12:35:28.330 Df Pinr[96326:14fe36] [com.apple.CFNetwork:Default] Stream client bypassing proxies on TCP Conn [67:0x6000033543c0]
2026-01-02 12:35:28.330 Df Pinr[96326:14fe36] [com.apple.CFNetwork:Default] TCP Conn 0x6000033543c0 started
2026-01-02 12:35:28.331 Df Pinr[96326:150a55] [com.apple.network:connection] [C66 52014AC4-1366-4FAD-B2AB-10B0C1EB6CA4 IPv4#94c3d87e:8081 tcp, definite, attribution: developer, context: Default Network Context (private), proc: 4483FB6A-19BA-3153-8945-882B738685CB, delegated upid: 0, no proxy, prohibit fallback, allow socket access] start
2026-01-02 12:35:28.331 Df Pinr[96326:150a55] [com.apple.network:connection] [C66 IPv4#94c3d87e:8081 initial parent-flow ((null))] event: path:start @0.000s
2026-01-02 12:35:28.331 Df Pinr[96326:150a55] [com.apple.network:connection] [C66 IPv4#94c3d87e:8081 waiting parent-flow (satisfied (Path is satisfied), interface: lo0)] event: path:satisfied @0.000s, uuid: C75F3667-38B1-4337-ADDD-3A767E4B6212
2026-01-02 12:35:28.331 Df Pinr[96326:14fe36] [com.apple.CFNetwork:Default] TCP Conn [68:0x6000033541e0] using empty proxy configuration
